Microchip MPLAB XC8 Compiler V2.00 ()

Linker command line:

--edf=C:\Program Files (x86)\Microchip\xc8\v2.00\pic\dat\en_msgs.txt -cs \
  -h+dist/default/production\BVH2.X.production.sym \
  --cmf=dist/default/production\BVH2.X.production.cmf -z -Q16F1936 \
  -oC:\Users\gtetil\AppData\Local\Temp\shj0.2 \
  -Mdist/default/production/BVH2.X.production.map -E1 -ver=XC8 \
  -ASTACK=02134h-021efh -pstack=STACK \
  -ACODE=00h-07FFhx3,01800h-01FFDh,01FFFh-01FFFh \
  -ASTRCODE=00h-01FFDh,01FFFh-01FFFh \
  -ASTRING=00h-0FFhx31,01F00h-01FFDh,01FFFh-01FFFh \
  -ACONST=00h-0FFhx31,01F00h-01FFDh,01FFFh-01FFFh \
  -AENTRY=00h-0FFhx31,01F00h-01FFDh,01FFFh-01FFFh -ACOMMON=070h-07Fh \
  -ABANK0=020h-06Fh -ABANK1=0A0h-0EFh -ABANK2=0120h-016Fh \
  -ABANK3=01A0h-01EFh -ABANK4=0220h-026Fh -ABANK5=02A0h-02EFh \
  -ABANK6=0320h-032Fh -ABIGRAM=02000h-021EFh \
  -ARAM=020h-06Fh,0A0h-0EFh,0120h-016Fh,01A0h-01EFh,0220h-026Fh,02A0h-02EFh,0320h-032Fh \
  -AABS1=020h-07Fh,0A0h-0EFh,0120h-016Fh,01A0h-01EFh,0220h-026Fh,02A0h-02EFh,0320h-032Fh \
  -ASFR0=00h-01Fh -ASFR1=080h-09Fh -ASFR2=0100h-011Fh -ASFR3=0180h-019Fh \
  -ASFR4=0200h-021Fh -ASFR5=0280h-029Fh -ASFR6=0300h-031Fh \
  -ASFR7=0380h-03EFh -ASFR8=0400h-046Fh -ASFR9=0480h-04EFh \
  -ASFR10=0500h-056Fh -ASFR11=0580h-05EFh -ASFR12=0600h-066Fh \
  -ASFR13=0680h-06EFh -ASFR14=0700h-076Fh -ASFR15=0780h-07EFh \
  -ASFR16=0800h-086Fh -ASFR17=0880h-08EFh -ASFR18=0900h-096Fh \
  -ASFR19=0980h-09EFh -ASFR20=0A00h-0A6Fh -ASFR21=0A80h-0AEFh \
  -ASFR22=0B00h-0B6Fh -ASFR23=0B80h-0BEFh -ASFR24=0C00h-0C6Fh \
  -ASFR25=0C80h-0CEFh -ASFR26=0D00h-0D6Fh -ASFR27=0D80h-0DEFh \
  -ASFR28=0E00h-0E6Fh -ASFR29=0E80h-0EEFh -ASFR30=0F00h-0F6Fh \
  -ASFR31=0F80h-0FEFh -pchecksum=01FFEh \
  -preset_vec=00h,intentry=04h,init,end_init -ppowerup=CODE -pcinit=CODE \
  -pfunctab=ENTRY -ACONFIG=08007h-08008h -pconfig=CONFIG -DCONFIG=2 \
  -AIDLOC=08000h-08003h -pidloc=IDLOC -DIDLOC=2 -AEEDATA=00h-0FFh/0F000h \
  -peeprom_data=EEDATA -DEEDATA=2 -DCODE=2 -DSTRCODE=2 -DSTRING=2 -DCONST=2 \
  -DENTRY=2 -k C:\Users\gtetil\AppData\Local\Temp\shj0.obj \
  dist/default/production\BVH2.X.production.obj 

Object code version is 3.11

Machine type is 16F1936



                Name                               Link     Load   Length Selector   Space Scale
C:\Users\gtetil\AppData\Local\Temp\shj0.obj
                end_init                             26       26        2        8       0
                reset_vec                             0        0        2        0       0
                config                             8007     8007        2    1000E       0
dist/default/production\BVH2.X.production.obj
                cinit                               811      811      7EF     1022       0
                intentry                              4        4       22        8       0
                text46                              2E7      2E7       11      5CE       0
                text45                              316      316        3      620       0
                text43                              247      247       25        8       0
                swtext4                             2D3      2D3       14      556       0
                swtext3                             2BF      2BF       14      556       0
                text37                              1AA      1AA       5D        8       0
                text34                               BC       BC       82        8       0
                text31                              13E      13E       6C        8       0
                swtext2                             300      300       10      600       0
                text27                              28E      28E       1D        8       0
                text26                              26C      26C       22        8       0
                text20                               28       28       94        8       0
                text17                              207      207       40        8       0
                swtext1                             2AB      2AB       14      556       0
                text1                              1021     1021      7DF     2042       0
                cstackBANK0                          20       20       1C       20       1
                cstackCOMMON                         70       70        E       70       1
                cstackBANK3                         1C4      1C4       1E      1A0       1
                clrtext                             310      310        6      620       0
                bssBANK3                            1A0      1A0       24      1A0       1
                dataBANK2                           162      162        C      120       1
                bssBANK2                            120      120       42      120       1
                bssBANK1                             A0       A0       4F       A0       1
                bssBANK0                             3C       3C       17       20       1
                bitbssBANK0                         298       53        1       20       1     8
                nvBANK3                             1E2      1E2        2      1A0       1
                nvBANK2                             16E      16E        2      120       1
                nvBANK1                              EF       EF        1       A0       1
                stringtext1                        1800     1800       CA     3000       0

TOTAL           Name                               Link     Load   Length     Space
        CLASS   STACK          

        CLASS   CODE           
                end_init                             26       26        2         0
                cinit                               811      811      7EF         0
                intentry                              4        4       22         0
                reset_vec                             0        0        2         0
                text46                              2E7      2E7       11         0
                text45                              316      316        3         0
                text43                              247      247       25         0
                text37                              1AA      1AA       5D         0
                text34                               BC       BC       82         0
                text31                              13E      13E       6C         0
                text27                              28E      28E       1D         0
                text26                              26C      26C       22         0
                text20                               28       28       94         0
                text17                              207      207       40         0
                text1                              1021     1021      7DF         0
                clrtext                             310      310        6         0

        CLASS   STRCODE        
                stringtext1                        1800     1800       CA         0

        CLASS   STRING         

        CLASS   CONST          
                swtext4                             2D3      2D3       14         0
                swtext3                             2BF      2BF       14         0
                swtext2                             300      300       10         0
                swtext1                             2AB      2AB       14         0

        CLASS   ENTRY          

        CLASS   COMMON         
                cstackCOMMON                         70       70        E         1

        CLASS   BANK0          
                cstackBANK0                          20       20       1C         1
                bssBANK0                             3C       3C       17         1
                bitbssBANK0                         298       53        1         1

        CLASS   BANK1          
                bssBANK1                             A0       A0       4F         1
                nvBANK1                              EF       EF        1         1

        CLASS   BANK2          
                dataBANK2                           162      162        C         1
                bssBANK2                            120      120       42         1
                nvBANK2                             16E      16E        2         1

        CLASS   BANK3          
                cstackBANK3                         1C4      1C4       1E         1
                bssBANK3                            1A0      1A0       24         1
                nvBANK3                             1E2      1E2        2         1

        CLASS   BANK4          

        CLASS   BANK5          

        CLASS   BANK6          

        CLASS   BIGRAM         

        CLASS   RAM            

        CLASS   ABS1           
                abs_s1                               7E       7E        2         1

        CLASS   SFR0           

        CLASS   SFR1           

        CLASS   SFR2           

        CLASS   SFR3           

        CLASS   SFR4           

        CLASS   SFR5           

        CLASS   SFR6           

        CLASS   SFR7           

        CLASS   SFR8           

        CLASS   SFR9           

        CLASS   SFR10          

        CLASS   SFR11          

        CLASS   SFR12          

        CLASS   SFR13          

        CLASS   SFR14          

        CLASS   SFR15          

        CLASS   SFR16          

        CLASS   SFR17          

        CLASS   SFR18          

        CLASS   SFR19          

        CLASS   SFR20          

        CLASS   SFR21          

        CLASS   SFR22          

        CLASS   SFR23          

        CLASS   SFR24          

        CLASS   SFR25          

        CLASS   SFR26          

        CLASS   SFR27          

        CLASS   SFR28          

        CLASS   SFR29          

        CLASS   SFR30          

        CLASS   SFR31          

        CLASS   CONFIG         
                config                             8007     8007        2         0

        CLASS   IDLOC          

        CLASS   EEDATA         

        CLASS   BANK31         

        CLASS   BANK30         

        CLASS   BANK29         

        CLASS   BANK28         

        CLASS   BANK27         

        CLASS   BANK26         

        CLASS   BANK25         

        CLASS   BANK24         

        CLASS   BANK23         

        CLASS   BANK22         

        CLASS   BANK21         

        CLASS   BANK20         

        CLASS   BANK19         

        CLASS   BANK18         

        CLASS   BANK17         

        CLASS   BANK16         

        CLASS   BANK15         

        CLASS   BANK14         

        CLASS   BANK13         

        CLASS   BANK12         

        CLASS   BANK11         

        CLASS   BANK10         

        CLASS   BANK9          

        CLASS   BANK8          

        CLASS   BANK7          



SEGMENTS        Name                           Load    Length   Top    Selector   Space  Class     Delta

                reset_vec                      000000  000002  000002         0       0  CODE        2
                intentry                       000004  0002A7  0002AB         8       0  CODE        2
                cstackBANK0                    000020  000034  000054        20       1  BANK0       1
                cstackCOMMON                   000070  00000E  00007E        70       1  COMMON      1
                bssBANK1                       0000A0  000050  0000F0        A0       1  BANK1       1
                bssBANK2                       000120  000050  000170       120       1  BANK2       1
                bssBANK3                       0001A0  000044  0001E4       1A0       1  BANK3       1
                swtext1                        0002AB  00003C  0002E7       556       0  CONST       2
                text46                         0002E7  000011  0002F8       5CE       0  CODE        2
                swtext2                        000300  000010  000310       600       0  CONST       2
                clrtext                        000310  000009  000319       620       0  CODE        2
                cinit                          000811  0007EF  001000      1022       0  CODE        2
                text1                          001021  0007DF  001800      2042       0  CODE        2
                stringtext1                    001800  0000CA  0018CA      3000       0  STRCODE     2
                config                         008007  000002  008009     1000E       0  CONFIG      2


UNUSED ADDRESS RANGES

        Name                Unused          Largest block    Delta
        BANK0            00054-0006F              1C           1
        BANK3            001E4-001EF               C           1
        BANK4            00220-0026F              50           1
        BANK5            002A0-002EF              50           1
        BANK6            00320-0032F              10           1
        BIGRAM           02000-021EF             1F0           1
        CODE             00002-00003               2           2
                         002F8-002FF               8
                         00319-00810             4E7
                         01000-01020              21
                         018CA-01FFD             734
                         01FFF-01FFF               1
        CONST            00002-00003               2           2
                         002F8-002FF               8
                         00319-00810             100
                         01000-01020              21
                         018CA-01FFD             100
                         01FFF-01FFF               1
        EEDATA           0F000-0F0FF             100           2
        ENTRY            00002-00003               2           2
                         002F8-002FF               8
                         00319-00810             100
                         01000-01020              21
                         018CA-01FFD             100
                         01FFF-01FFF               1
        IDLOC            08000-08003               4           2
        RAM              00054-0006F              1C           1
                         001E4-001EF               C
                         00220-0026F              50
                         002A0-002EF              50
                         00320-0032F              10
        SFR0             00000-0001F              20           1
        SFR1             00080-0009F              20           1
        SFR10            00500-0056F              70           1
        SFR11            00580-005EF              70           1
        SFR12            00600-0066F              70           1
        SFR13            00680-006EF              70           1
        SFR14            00700-0076F              70           1
        SFR15            00780-007EF              70           1
        SFR16            00800-0086F              70           1
        SFR17            00880-008EF              70           1
        SFR18            00900-0096F              70           1
        SFR19            00980-009EF              70           1
        SFR2             00100-0011F              20           1
        SFR20            00A00-00A6F              70           1
        SFR21            00A80-00AEF              70           1
        SFR22            00B00-00B6F              70           1
        SFR23            00B80-00BEF              70           1
        SFR24            00C00-00C6F              70           1
        SFR25            00C80-00CEF              70           1
        SFR26            00D00-00D6F              70           1
        SFR27            00D80-00DEF              70           1
        SFR28            00E00-00E6F              70           1
        SFR29            00E80-00EEF              70           1
        SFR3             00180-0019F              20           1
        SFR30            00F00-00F6F              70           1
        SFR31            00F80-00FEF              70           1
        SFR4             00200-0021F              20           1
        SFR5             00280-0029F              20           1
        SFR6             00300-0031F              20           1
        SFR7             00380-003EF              70           1
        SFR8             00400-0046F              70           1
        SFR9             00480-004EF              70           1
        STACK            02134-021EF              BC           1
        STRCODE          00002-00003               2           2
                         002F8-002FF               8
                         00319-00810             4F8
                         01000-01020              21
                         018CA-01FFD             734
                         01FFF-01FFF               1
        STRING           00002-00003               2           2
                         002F8-002FF               8
                         00319-00810             100
                         01000-01020              21
                         018CA-01FFD             100
                         01FFF-01FFF               1

                                  Symbol Table

?_ADC_Read                                   cstackBANK0  00024
?___aldiv                                    cstackBANK0  00024
?___awdiv                                    cstackBANK0  0002A
?___lmul                                     cstackBANK0  00024
?___ltdiv                                    cstackBANK0  0002D
?___lwdiv                                    cstackCOMMON 00070
?___tmul                                     cstackBANK0  00024
?___wmul                                     cstackBANK0  00024
?i1_ADC_Read                                 cstackCOMMON 00070
?i1___wmul                                   cstackCOMMON 00070
ADC_Read@i                                   cstackBANK0  00026
BVH2_Appl_Layer@Cb14_StateCnt                bssBANK2     00125
BVH2_Appl_Layer@Cb14_oDryRunAlarm            bssBANK1     000B7
BVH2_Appl_Layer@Cb19_Counter                 bssBANK1     000A2
BVH2_Appl_Layer@Cb19_oDryRun55               bssBANK1     000B6
BVH2_Appl_Layer@Cb19_oDryRun66               bssBANK1     000B5
BVH2_Appl_Layer@Cb24_BadCnt                  bssBANK2     00123
BVH2_Appl_Layer@Cb24_Reset                   cstackBANK3  001D7
BVH2_Appl_Layer@Cb24_RestartCounter          bssBANK1     000BD
BVH2_Appl_Layer@Cb24_StateCnt                bssBANK0     0003C
BVH2_Appl_Layer@Cb24_oMotorStalled           bssBANK1     000B4
BVH2_Appl_Layer@Cb24_oStalledAlarm           bssBANK2     0015D
BVH2_Appl_Layer@Cb51_Counter                 bssBANK1     000BC
BVH2_Appl_Layer@Cb51_oTempAlarm              bssBANK2     0015C
BVH2_Appl_Layer@Cb51_oTempRedAlarm           bssBANK2     0015B
BVH2_Appl_Layer@Cb51_odPumpOff               bssBANK2     0015A
BVH2_Appl_Layer@Cb9_StateCnt                 bssBANK1     000BB
BVH2_Appl_Layer@Cb9_oCurrentAlarm            bssBANK2     00159
BVH2_Appl_Layer@SIBFS_Current_Analysis_low_b bssBANK1     000BA
BVH2_Appl_Layer@SIBFS_Dry_RunningAlarm_b     bssBANK0     0004A
BVH2_Appl_Layer@SIBFS_Dry_Running_b          bssBANK1     000B9
BVH2_Appl_Layer@SIBFS_Motor_Stalled_b        bssBANK1     000A0
BVH2_Appl_Layer@SIBFS_Temperature_Alarm_b    bssBANK1     000B8
BVH2_Appl_Layer@Sb1_BVH2_Appl_Layer_FirstRun dataBANK2    0016D
BVH2_Appl_Layer@Sb1_Logical_Operator1        cstackBANK3  001DD
BVH2_Appl_Layer@Sb1_Logical_Operator2        cstackBANK3  001CC
BVH2_Appl_Layer@Sb1_Logical_Operator3        cstackBANK3  001D8
BVH2_Appl_Layer@Sb1_Logical_Operator5        cstackBANK3  001D9
BVH2_Appl_Layer@Sb2_Error                    cstackBANK3  001DB
BVH2_Appl_Layer@Sb2_Logical_Operator2        cstackBANK3  001DA
BVH2_Appl_Layer@Sb2_Switch5                  cstackBANK3  001D5
BVH2_Appl_Layer@Sb3_Product1                 cstackBANK3  001D3
BVH2_Appl_Layer@Sb3_Sum1                     cstackBANK3  001DE
BVH2_Appl_Layer@Sb4_PI_sum                   cstackBANK3  001E0
BVH2_Appl_Layer@X_Sb4_Intergrator            dataBANK2    00162
BVH2_Appl_Layer@X_Sb4_Intergrator_TriggerIn  dataBANK2    0016C
PL10                                         cinit        00F67
PL12                                         text1        01710
PL14                                         text1        01721
PL16                                         text1        01732
PL18                                         text1        01744
PL2                                          text1        016DD
PL20                                         text1        01755
PL22                                         text1        01766
PL24                                         text1        01776
PL26                                         text1        01786
PL28                                         text1        01796
PL30                                         cinit        00F7A
PL32                                         cinit        00F89
PL34                                         text1        017A0
PL36                                         text1        017A9
PL38                                         text1        017AF
PL4                                          text1        016F8
PL40                                         text34       00135
PL42                                         text1        017B5
PL44                                         cinit        00F96
PL46                                         cinit        00F9F
PL48                                         text1        017BB
PL50                                         cinit        00FA7
PL52                                         text1        017C1
PL54                                         cinit        00FF9
PL56                                         text1        017C7
PL58                                         cinit        00FAD
PL6                                          cinit        00F51
PL60                                         text1        017CE
PL62                                         text1        017D5
PL64                                         text1        017DB
PL66                                         text1        012C9
PL68                                         text37       001F9
PL70                                         text1        017E1
PL72                                         text1        017E7
PL74                                         text1        017EC
PL76                                         cinit        00FB4
PL78                                         text37       001FF
PL8                                          cinit        00F5E
PL80                                         cinit        00FB8
PL82                                         text1        017F1
PL84                                         text37       00203
PL86                                         text1        017F6
PL88                                         cinit        00FBD
PL90                                         text1        017FB
PWM_Capture_init@ui8_CCP_Nb                  cstackBANK0  00024
PWM_Write_Out@ui8_DutyCycle_Out              cstackBANK0  00024
_ADCON0                                      (abs)        0009D
_ADCON1                                      (abs)        0009E
_ADC_Init                                    text1        01094
_ADC_Read                                    text1        01170
_ADC_Wait                                    text1        01157
_ADON                                        (abs)        004E8
_ADRESH                                      (abs)        0009C
_ADRESL                                      (abs)        0009B
_ANSELA                                      (abs)        0018C
_ANSELB                                      (abs)        0018D
_B                                           bssBANK3     001A0
_BLDCWait                                    text1        016BC
_BVH2_Appl_Layer                             cinit        00945
_BVH2_Appl_Layer$1035                        cstackBANK3  001CD
_BVH2_Appl_Layer$1036                        cstackBANK3  001CE
_BVH2_Appl_Layer$1037                        cstackBANK3  001CF
_BVH2_Appl_Layer$1038                        cstackBANK3  001D0
_BVH2_Appl_Layer$1039                        cstackBANK3  001D1
_BVH2_Appl_Layer$1040                        cstackBANK3  001D2
_BVH2_Appl_Layer$1043                        cstackBANK3  001C4
_BVH2_Appl_Layer$1045                        cstackBANK3  001C6
_BVH2_Appl_Layer$1046                        cstackBANK3  001C8
_Bcnt                                        bssBANK1     000E5
_C1IE                                        (abs)        00495
_C1OUT                                       (abs)        0088E
_CCP1AS                                      (abs)        00295
_CCP1ASE                                     (abs)        014AF
_CCP1CON                                     (abs)        00293
_CCP1IE                                      (abs)        0048A
_CCP1IF                                      (abs)        0008A
_CCP2CON                                     (abs)        0029A
_CCP2IE                                      (abs)        00490
_CCP2IF                                      (abs)        00090
_CCP3CON                                     (abs)        00313
_CCP3IE                                      (abs)        0049C
_CCP3IF                                      (abs)        0009C
_CCP4CON                                     (abs)        0031A
_CCP4IE                                      (abs)        0049D
_CCP4IF                                      (abs)        0009D
_CCP5CON                                     (abs)        0031E
_CCP5IE                                      (abs)        0049E
_CCP5IF                                      (abs)        0009E
_CCPR1H                                      (abs)        00292
_CCPR1L                                      (abs)        00291
_CCPR2H                                      (abs)        00299
_CCPR2L                                      (abs)        00298
_CCPR3H                                      (abs)        00312
_CCPR3L                                      (abs)        00311
_CCPR4H                                      (abs)        00319
_CCPR4L                                      (abs)        00318
_CCPR5H                                      (abs)        0031D
_CCPR5L                                      (abs)        0031C
_CFGS                                        (abs)        00CAE
_CM1CON0                                     (abs)        00111
_CM1CON1                                     (abs)        00112
_Cb1_Current_An___High_node_fcn1             cinit        00EC2
_Cb1_RestartCounter                          bssBANK1     000CC
_Cb1_StateCnt                                bssBANK0     00040
_Cb1_oCurrentAlarm                           bssBANK1     000C8
_Cb1_oShutoff                                bssBANK1     000C7
_Cb34_PWM_Detection_node_fcn1                text34       000BC
_Cb34_idPWM                                  bssBANK0     0004B
_Cb34_oPWM_Alarm                             bssBANK1     000C6
_Cb34_oPWM_SC_Alarm                          bssBANK1     000C5
_Cb34_odFixedLowValueSel                     bssBANK1     000C4
_Cb34_odFixedValueSel                        bssBANK1     000C3
_Cb34_odPumpOff                              bssBANK1     000C2
_Cb44_Pic_etat_monitor_node_fcn1             cinit        00EDF
_Cb44_StateCnt                               bssBANK0     0003E
_Cb44_oShutoff                               bssBANK1     000C1
_Cb56_UbatHandling_node_fcn2                 cinit        00FC1
_Cb56_oUbat_Alarm_High                       bssBANK1     000C0
_Cb56_odFixedValueSel                        bssBANK1     000BF
_Cb56_odPumpOff                              bssBANK1     000BE
_DiagInit                                    text1        0109E
_EEADRL                                      (abs)        00191
_EEDATL                                      (abs)        00193
_EEPGD                                       (abs)        00CAF
_FILTER_IPhase                               text27       0028E
_FILTER_Init                                 text1        010AB
_FILTER_Temp                                 text26       0026C
_FILTER_Ubat                                 text1        0125F
_FVRCON                                      (abs)        00117
_GIE                                         (abs)        0005F
_GO_nDONE                                    (abs)        004E9
_Get_Analog_Value                            cinit        00F1B
_INTCON                                      (abs)        0000B
_I_calibrationInit                           text1        010C4
_InitMotorRun                                text1        0123D
_InitMotorStop                               cinit        00F22
_LATA                                        (abs)        0010C
_LATB                                        (abs)        0010D
_LATB1                                       (abs)        00869
_LATB2                                       (abs)        0086A
_LATC                                        (abs)        0010E
_LATC0                                       (abs)        00870
_LATC1                                       (abs)        00871
_LATC2                                       (abs)        00872
_LATC3                                       (abs)        00873
_LATC4                                       (abs)        00874
_MotorFlags                                  bssBANK0     0004D
_OPTION_REG                                  (abs)        00095
_OSCCON                                      (abs)        00099
_Oscill_Source_Block                         text1        01181
_PEIE                                        (abs)        0005E
_PIE1                                        (abs)        00091
_PIE2                                        (abs)        00092
_PIE3                                        (abs)        00093
_PR2                                         (abs)        0001B
_PSTR1CON                                    (abs)        00296
_PWM1CON                                     (abs)        00294
_PWMReadDC                                   text20       00028
_PWM_CTRL                                    text46       002E7
_PWM_Capture_init                            text1        01186
_PWM_Write_Out                               text1        01215
_PWM_trans_table                             stringtext1  01800
_RA4                                         (abs)        00064
_RD                                          (abs)        00CA8
_SIBFS_Current_Analysis_High_b               bssBANK1     000CB
_SIBFS_PWM_Detection_b                       bssBANK1     000CA
_SIBFS_Pic_etat_monitor_b                    bssBANK1     000C9
_SIBFS_UbatHandling_b                        bssBANK0     0004C
_SetDiagAlarm                                text1        011F0
_T1CON                                       (abs)        00018
_T2CON                                       (abs)        0001C
_T4CON                                       (abs)        00417
_T6CON                                       (abs)        0041E
_TMR0                                        (abs)        00015
_TMR0IE                                      (abs)        0005D
_TMR1H                                       (abs)        00017
_TMR1IE                                      (abs)        00488
_TMR1IF                                      (abs)        00088
_TMR1L                                       (abs)        00016
_TMR2                                        (abs)        0001A
_TMR2IE                                      (abs)        00489
_TMR2IF                                      (abs)        00089
_TMR4                                        (abs)        00415
_TMR4IE                                      (abs)        00499
_TMR4IF                                      (abs)        00099
_TMR6                                        (abs)        0041C
_TMR6IE                                      (abs)        0049B
_TMR6IF                                      (abs)        0009B
_TRISA                                       (abs)        0008C
_TRISB                                       (abs)        0008D
_TRISC                                       (abs)        0008E
_Task1ms                                     text45       00316
_WDTCON                                      (abs)        00097
__CFG_BORV$LO                                (abs)        00000
__CFG_CLKOUTEN$ON                            (abs)        00000
__CFG_FOSC$INTOSC                            (abs)        00000
__CFG_LVP$OFF                                (abs)        00000
__CFG_MCLRE$OFF                              (abs)        00000
__CFG_PLLEN$ON                               (abs)        00000
__CFG_WDTE$SWDTEN                            (abs)        00000
__Habs1                                      abs1         00000
__Hbank0                                     bank0        00000
__Hbank1                                     bank1        00000
__Hbank10                                    bank10       00000
__Hbank11                                    bank11       00000
__Hbank12                                    bank12       00000
__Hbank13                                    bank13       00000
__Hbank14                                    bank14       00000
__Hbank15                                    bank15       00000
__Hbank16                                    bank16       00000
__Hbank17                                    bank17       00000
__Hbank18                                    bank18       00000
__Hbank19                                    bank19       00000
__Hbank2                                     bank2        00000
__Hbank20                                    bank20       00000
__Hbank21                                    bank21       00000
__Hbank22                                    bank22       00000
__Hbank23                                    bank23       00000
__Hbank24                                    bank24       00000
__Hbank25                                    bank25       00000
__Hbank26                                    bank26       00000
__Hbank27                                    bank27       00000
__Hbank28                                    bank28       00000
__Hbank29                                    bank29       00000
__Hbank3                                     bank3        00000
__Hbank30                                    bank30       00000
__Hbank31                                    bank31       00000
__Hbank4                                     bank4        00000
__Hbank5                                     bank5        00000
__Hbank6                                     bank6        00000
__Hbank7                                     bank7        00000
__Hbank8                                     bank8        00000
__Hbank9                                     bank9        00000
__Hbigram                                    bigram       00000
__HbitbssBANK0                               bitbssBANK0  00000
__HbssBANK0                                  bssBANK0     00000
__HbssBANK1                                  bssBANK1     00000
__HbssBANK2                                  bssBANK2     00000
__HbssBANK3                                  bssBANK3     00000
__Hchecksum                                  checksum     01FFE
__Hcinit                                     cinit        01000
__Hclrtext                                   clrtext      00000
__Hcode                                      code         00000
__Hcommon                                    common       00000
__Hconfig                                    config       08009
__HcstackBANK0                               cstackBANK0  00000
__HcstackBANK3                               cstackBANK3  00000
__HcstackCOMMON                              cstackCOMMON 00000
__HdataBANK2                                 dataBANK2    00000
__Heeprom_data                               eeprom_data  00000
__Hend_init                                  end_init     00028
__Hfunctab                                   functab      00000
__HidataBANK2                                idataBANK2   00000
__Hidloc                                     idloc        00000
__Hinit                                      init         00026
__Hintentry                                  intentry     00026
__Hmaintext                                  maintext     00000
__HnvBANK1                                   nvBANK1      00000
__HnvBANK2                                   nvBANK2      00000
__HnvBANK3                                   nvBANK3      00000
__Hpa_nodes0                                 pa_nodes0    00000
__Hpowerup                                   powerup      00000
__Hram                                       ram          00000
__Hreset_vec                                 reset_vec    00002
__Hsfr0                                      sfr0         00000
__Hsfr1                                      sfr1         00000
__Hsfr10                                     sfr10        00000
__Hsfr11                                     sfr11        00000
__Hsfr12                                     sfr12        00000
__Hsfr13                                     sfr13        00000
__Hsfr14                                     sfr14        00000
__Hsfr15                                     sfr15        00000
__Hsfr16                                     sfr16        00000
__Hsfr17                                     sfr17        00000
__Hsfr18                                     sfr18        00000
__Hsfr19                                     sfr19        00000
__Hsfr2                                      sfr2         00000
__Hsfr20                                     sfr20        00000
__Hsfr21                                     sfr21        00000
__Hsfr22                                     sfr22        00000
__Hsfr23                                     sfr23        00000
__Hsfr24                                     sfr24        00000
__Hsfr25                                     sfr25        00000
__Hsfr26                                     sfr26        00000
__Hsfr27                                     sfr27        00000
__Hsfr28                                     sfr28        00000
__Hsfr29                                     sfr29        00000
__Hsfr3                                      sfr3         00000
__Hsfr30                                     sfr30        00000
__Hsfr31                                     sfr31        00000
__Hsfr4                                      sfr4         00000
__Hsfr5                                      sfr5         00000
__Hsfr6                                      sfr6         00000
__Hsfr7                                      sfr7         00000
__Hsfr8                                      sfr8         00000
__Hsfr9                                      sfr9         00000
__Hspace_0                                   (abs)        08009
__Hspace_1                                   (abs)        00299
__Hspace_2                                   (abs)        00000
__Hspace_3                                   (abs)        00000
__Hstack                                     stack        00000
__Hstrings                                   strings      00000
__Hstringtext1                               stringtext1  00000
__Htext                                      text         00000
__Labs1                                      abs1         00000
__Lbank0                                     bank0        00000
__Lbank1                                     bank1        00000
__Lbank10                                    bank10       00000
__Lbank11                                    bank11       00000
__Lbank12                                    bank12       00000
__Lbank13                                    bank13       00000
__Lbank14                                    bank14       00000
__Lbank15                                    bank15       00000
__Lbank16                                    bank16       00000
__Lbank17                                    bank17       00000
__Lbank18                                    bank18       00000
__Lbank19                                    bank19       00000
__Lbank2                                     bank2        00000
__Lbank20                                    bank20       00000
__Lbank21                                    bank21       00000
__Lbank22                                    bank22       00000
__Lbank23                                    bank23       00000
__Lbank24                                    bank24       00000
__Lbank25                                    bank25       00000
__Lbank26                                    bank26       00000
__Lbank27                                    bank27       00000
__Lbank28                                    bank28       00000
__Lbank29                                    bank29       00000
__Lbank3                                     bank3        00000
__Lbank30                                    bank30       00000
__Lbank31                                    bank31       00000
__Lbank4                                     bank4        00000
__Lbank5                                     bank5        00000
__Lbank6                                     bank6        00000
__Lbank7                                     bank7        00000
__Lbank8                                     bank8        00000
__Lbank9                                     bank9        00000
__Lbigram                                    bigram       00000
__LbitbssBANK0                               bitbssBANK0  00000
__LbssBANK0                                  bssBANK0     00000
__LbssBANK1                                  bssBANK1     00000
__LbssBANK2                                  bssBANK2     00000
__LbssBANK3                                  bssBANK3     00000
__Lchecksum                                  checksum     01FFE
__Lcinit                                     cinit        00811
__Lclrtext                                   clrtext      00000
__Lcode                                      code         00000
__Lcommon                                    common       00000
__Lconfig                                    config       08007
__LcstackBANK0                               cstackBANK0  00000
__LcstackBANK3                               cstackBANK3  00000
__LcstackCOMMON                              cstackCOMMON 00000
__LdataBANK2                                 dataBANK2    00000
__Leeprom_data                               eeprom_data  00000
__Lend_init                                  end_init     00026
__Lfunctab                                   functab      00000
__LidataBANK2                                idataBANK2   00000
__Lidloc                                     idloc        00000
__Linit                                      init         00026
__Lintentry                                  intentry     00004
__Lmaintext                                  maintext     00000
__LnvBANK1                                   nvBANK1      00000
__LnvBANK2                                   nvBANK2      00000
__LnvBANK3                                   nvBANK3      00000
__Lpa_nodes0                                 pa_nodes0    00000
__Lpowerup                                   powerup      00000
__Lram                                       ram          00000
__Lreset_vec                                 reset_vec    00000
__Lsfr0                                      sfr0         00000
__Lsfr1                                      sfr1         00000
__Lsfr10                                     sfr10        00000
__Lsfr11                                     sfr11        00000
__Lsfr12                                     sfr12        00000
__Lsfr13                                     sfr13        00000
__Lsfr14                                     sfr14        00000
__Lsfr15                                     sfr15        00000
__Lsfr16                                     sfr16        00000
__Lsfr17                                     sfr17        00000
__Lsfr18                                     sfr18        00000
__Lsfr19                                     sfr19        00000
__Lsfr2                                      sfr2         00000
__Lsfr20                                     sfr20        00000
__Lsfr21                                     sfr21        00000
__Lsfr22                                     sfr22        00000
__Lsfr23                                     sfr23        00000
__Lsfr24                                     sfr24        00000
__Lsfr25                                     sfr25        00000
__Lsfr26                                     sfr26        00000
__Lsfr27                                     sfr27        00000
__Lsfr28                                     sfr28        00000
__Lsfr29                                     sfr29        00000
__Lsfr3                                      sfr3         00000
__Lsfr30                                     sfr30        00000
__Lsfr31                                     sfr31        00000
__Lsfr4                                      sfr4         00000
__Lsfr5                                      sfr5         00000
__Lsfr6                                      sfr6         00000
__Lsfr7                                      sfr7         00000
__Lsfr8                                      sfr8         00000
__Lsfr9                                      sfr9         00000
__Lspace_0                                   (abs)        00000
__Lspace_1                                   (abs)        00000
__Lspace_2                                   (abs)        00000
__Lspace_3                                   (abs)        00000
__Lstack                                     stack        00000
__Lstrings                                   strings      00000
__Lstringtext1                               stringtext1  00000
__Ltext                                      text         00000
__S0                                         (abs)        08009
__S1                                         (abs)        001E4
__S2                                         (abs)        00000
__S3                                         (abs)        00000
___aldiv                                     text31       0013E
___aldiv@counter                             cstackBANK0  0002C
___aldiv@dividend                            cstackBANK0  00028
___aldiv@divisor                             cstackBANK0  00024
___aldiv@quotient                            cstackBANK0  0002E
___aldiv@sign                                cstackBANK0  0002D
___awdiv                                     text17       00207
___awdiv@counter                             cstackBANK0  0002E
___awdiv@dividend                            cstackBANK0  0002C
___awdiv@divisor                             cstackBANK0  0002A
___awdiv@quotient                            cstackBANK0  00030
___awdiv@sign                                cstackBANK0  0002F
___int_sp                                    stack        00000
___latbits                                   (abs)        00002
___lmul                                      cinit        00EF6
___lmul@multiplicand                         cstackBANK0  00028
___lmul@multiplier                           cstackBANK0  00024
___lmul@product                              cstackBANK0  0002C
___ltdiv                                     text20       0006D
___ltdiv@counter                             cstackBANK0  00036
___ltdiv@dividend                            cstackBANK0  00030
___ltdiv@divisor                             cstackBANK0  0002D
___ltdiv@quotient                            cstackBANK0  00033
___lwdiv                                     text43       00247
___lwdiv@counter                             cstackCOMMON 00076
___lwdiv@dividend                            cstackCOMMON 00072
___lwdiv@divisor                             cstackCOMMON 00070
___lwdiv@quotient                            cstackCOMMON 00074
___sp                                        stack        00000
___tmul                                      text20       0009F
___tmul@multiplicand                         cstackBANK0  00027
___tmul@multiplier                           cstackBANK0  00024
___tmul@product                              cstackBANK0  0002A
___wmul                                      cinit        00930
___wmul@multiplicand                         cstackBANK0  00026
___wmul@multiplier                           cstackBANK0  00024
___wmul@product                              cstackBANK0  00028
__checksum0                                  checksum     01FFE
__end_ofPL10                                 cinit        00F7A
__end_ofPL12                                 text1        01721
__end_ofPL14                                 text1        01732
__end_ofPL16                                 text1        01744
__end_ofPL18                                 text1        01755
__end_ofPL2                                  text1        016F8
__end_ofPL20                                 text1        01766
__end_ofPL22                                 text1        01776
__end_ofPL24                                 text1        01786
__end_ofPL26                                 text1        01796
__end_ofPL28                                 text1        017A0
__end_ofPL30                                 cinit        00F89
__end_ofPL32                                 cinit        00F96
__end_ofPL34                                 text1        017A9
__end_ofPL36                                 text1        017AF
__end_ofPL38                                 text1        017B5
__end_ofPL4                                  text1        01710
__end_ofPL40                                 text34       0013E
__end_ofPL42                                 text1        017BB
__end_ofPL44                                 cinit        00F9F
__end_ofPL46                                 cinit        00FA7
__end_ofPL48                                 text1        017C1
__end_ofPL50                                 cinit        00FAD
__end_ofPL52                                 text1        017C7
__end_ofPL54                                 cinit        01000
__end_ofPL56                                 text1        017CE
__end_ofPL58                                 cinit        00FB4
__end_ofPL6                                  cinit        00F5E
__end_ofPL60                                 text1        017D5
__end_ofPL62                                 text1        017DB
__end_ofPL64                                 text1        017E1
__end_ofPL66                                 text1        012CF
__end_ofPL68                                 text37       001FF
__end_ofPL70                                 text1        017E7
__end_ofPL72                                 text1        017EC
__end_ofPL74                                 text1        017F1
__end_ofPL76                                 cinit        00FB8
__end_ofPL78                                 text37       00203
__end_ofPL8                                  cinit        00F67
__end_ofPL80                                 cinit        00FBD
__end_ofPL82                                 text1        017F6
__end_ofPL84                                 text37       00207
__end_ofPL86                                 text1        017FB
__end_ofPL88                                 cinit        00FC1
__end_ofPL90                                 text1        01800
__end_of_ADC_Init                            text1        0109E
__end_of_ADC_Read                            text1        01181
__end_of_ADC_Wait                            text1        01170
__end_of_BLDCWait                            text1        016DD
__end_of_BVH2_Appl_Layer                     cinit        00EC2
__end_of_Cb1_Current_An___High_node_fcn1     cinit        00EDF
__end_of_Cb34_PWM_Detection_node_fcn1        text34       00135
__end_of_Cb44_Pic_etat_monitor_node_fcn1     cinit        00EF6
__end_of_Cb56_UbatHandling_node_fcn2         cinit        00FF9
__end_of_DiagInit                            text1        010AB
__end_of_FILTER_IPhase                       text27       002AB
__end_of_FILTER_Init                         text1        010C4
__end_of_FILTER_Temp                         text26       0028E
__end_of_FILTER_Ubat                         text1        012C9
__end_of_Get_Analog_Value                    cinit        00F22
__end_of_I_calibrationInit                   text1        0114C
__end_of_InitMotorRun                        text1        0125F
__end_of_InitMotorStop                       cinit        00F30
__end_of_Oscill_Source_Block                 text1        01186
__end_of_PWMReadDC                           text20       0006D
__end_of_PWM_CTRL                            text46       002F8
__end_of_PWM_Capture_init                    text1        011E0
__end_of_PWM_Write_Out                       text1        0121A
__end_of_PWM_trans_table                     stringtext1  018CA
__end_of_SetDiagAlarm                        text1        01215
__end_of_Task1ms                             text45       00319
__end_of___aldiv                             text31       001AA
__end_of___awdiv                             text17       00247
__end_of___lmul                              cinit        00F1B
__end_of___ltdiv                             text20       0009F
__end_of___lwdiv                             text43       0026C
__end_of___tmul                              text20       000BC
__end_of___wmul                              cinit        00945
__end_of__initialization                     cinit        00843
__end_of_clear_timer                         cinit        00F51
__end_of_commutate                           text1        013EA
__end_of_init_bldc                           text1        0123D
__end_of_init_ports                          text1        011F0
__end_of_interrrupt_bldc                     text1        01579
__end_of_interrupt_PWMCapture                text37       001F9
__end_of_interrupt_handler                   intentry     00026
__end_of_main                                cinit        00930
__end_of_read_eeprom_data                    text1        01157
__end_of_system_init                         text1        01056
__end_of_timer_init                          text1        01094
__end_ofi1_ADC_Read                          text1        015A0
__end_ofi1_ADC_Wait                          text1        01592
__end_ofi1___wmul                            text1        015B5
__end_ofi1_commutate                         text1        016BC
__initialization                             cinit        00811
__pbitbssBANK0                               bitbssBANK0  00298
__pbssBANK0                                  bssBANK0     0003C
__pbssBANK1                                  bssBANK1     000A0
__pbssBANK2                                  bssBANK2     00120
__pbssBANK3                                  bssBANK3     001A0
__pcstackBANK0                               cstackBANK0  00020
__pcstackBANK3                               cstackBANK3  001C4
__pcstackCOMMON                              cstackCOMMON 00070
__pdataBANK2                                 dataBANK2    00162
__pidataBANK2                                idataBANK2   00000
__pintentry                                  intentry     00004
__pmaintext                                  cinit        00846
__pnvBANK1                                   nvBANK1      000EF
__pnvBANK2                                   nvBANK2      0016E
__pnvBANK3                                   nvBANK3      001E2
__pstringtext1                               stringtext1  01800
__pswtext1                                   swtext1      002AB
__pswtext2                                   swtext2      00300
__pswtext3                                   swtext3      002BF
__pswtext4                                   swtext4      002D3
__ptext1                                     text1        01021
__ptext10                                    text1        010C4
__ptext11                                    text1        0114C
__ptext12                                    text1        010AB
__ptext13                                    text1        01157
__ptext14                                    text1        01170
__ptext15                                    text1        0109E
__ptext16                                    text1        01094
__ptext17                                    text17       00207
__ptext18                                    text1        011F0
__ptext19                                    text1        01215
__ptext2                                     text1        01056
__ptext20                                    text20       00028
__ptext21                                    text20       0009F
__ptext22                                    text20       0006D
__ptext23                                    cinit        00F22
__ptext24                                    cinit        00F1B
__ptext25                                    text1        0125F
__ptext26                                    text26       0026C
__ptext27                                    text27       0028E
__ptext28                                    cinit        00945
__ptext29                                    cinit        00930
__ptext3                                     cinit        00F30
__ptext30                                    cinit        00EF6
__ptext31                                    text31       0013E
__ptext32                                    cinit        00FC1
__ptext33                                    cinit        00EDF
__ptext34                                    text34       000BC
__ptext35                                    cinit        00EC2
__ptext37                                    text37       001AA
__ptext38                                    text1        013EA
__ptext39                                    text1        015B5
__ptext4                                     text1        011E0
__ptext40                                    text1        015A0
__ptext41                                    text1        01579
__ptext42                                    text1        01592
__ptext43                                    text43       00247
__ptext44                                    text1        016BC
__ptext45                                    text45       00316
__ptext46                                    text46       002E7
__ptext5                                     text1        0121A
__ptext6                                     text1        0123D
__ptext7                                     text1        012CF
__ptext8                                     text1        01186
__ptext9                                     text1        01181
__size_of_ADC_Init                           (abs)        00000
__size_of_ADC_Read                           (abs)        00000
__size_of_ADC_Wait                           (abs)        00000
__size_of_BLDCWait                           (abs)        00000
__size_of_BVH2_Appl_Layer                    (abs)        00000
__size_of_Cb1_Current_An___High_node_fcn1    (abs)        00000
__size_of_Cb34_PWM_Detection_node_fcn1       (abs)        00000
__size_of_Cb44_Pic_etat_monitor_node_fcn1    (abs)        00000
__size_of_Cb56_UbatHandling_node_fcn2        (abs)        00000
__size_of_DiagInit                           (abs)        00000
__size_of_FILTER_IPhase                      (abs)        00000
__size_of_FILTER_Init                        (abs)        00000
__size_of_FILTER_Temp                        (abs)        00000
__size_of_FILTER_Ubat                        (abs)        00000
__size_of_Get_Analog_Value                   (abs)        00000
__size_of_I_calibrationInit                  (abs)        00000
__size_of_InitMotorRun                       (abs)        00000
__size_of_InitMotorStop                      (abs)        00000
__size_of_Oscill_Source_Block                (abs)        00000
__size_of_PWMReadDC                          (abs)        00000
__size_of_PWM_CTRL                           (abs)        00000
__size_of_PWM_Capture_init                   (abs)        00000
__size_of_PWM_Write_Out                      (abs)        00000
__size_of_SetDiagAlarm                       (abs)        00000
__size_of_Task1ms                            (abs)        00000
__size_of___aldiv                            (abs)        00000
__size_of___awdiv                            (abs)        00000
__size_of___lmul                             (abs)        00000
__size_of___ltdiv                            (abs)        00000
__size_of___lwdiv                            (abs)        00000
__size_of___tmul                             (abs)        00000
__size_of___wmul                             (abs)        00000
__size_of_clear_timer                        (abs)        00000
__size_of_commutate                          (abs)        00000
__size_of_init_bldc                          (abs)        00000
__size_of_init_ports                         (abs)        00000
__size_of_interrrupt_bldc                    (abs)        00000
__size_of_interrupt_PWMCapture               (abs)        00000
__size_of_interrupt_handler                  (abs)        00000
__size_of_main                               (abs)        00000
__size_of_read_eeprom_data                   (abs)        00000
__size_of_system_init                        (abs)        00000
__size_of_timer_init                         (abs)        00000
__size_ofi1_ADC_Read                         (abs)        00000
__size_ofi1_ADC_Wait                         (abs)        00000
__size_ofi1___wmul                           (abs)        00000
__size_ofi1_commutate                        (abs)        00000
_analog_value                                bssBANK0     00048
_bool_CPU_TempAlarm                          bssBANK1     000E4
_bool_CPU_TempRedAlarm                       bssBANK1     000D9
_bool_ControlLoopMode                        bssBANK1     000DB
_bool_DryRunningAlarm                        bssBANK1     000E3
_bool_HighCurrentAlarm                       bssBANK1     000E1
_bool_MotorStalled                           bssBANK1     000E2
_bool_PWMin_Freq_err_Alarm                   bssBANK1     000D7
_bool_PWMin_err_Alarm                        bssBANK1     000DA
_bool_UbatAlarm                              bssBANK1     000D8
_bool_mat_currAlarm_bldc                     bssBANK1     000DC
_bool_start_demand_mat                       bssBANK1     000EE
_clear_timer                                 cinit        00F30
_comm_state                                  bssBANK1     000EC
_comm_time                                   bssBANK0     00046
_commutate                                   text1        012CF
_filter1                                     bssBANK2     0014B
_filter3                                     bssBANK2     00149
_filterTempNTC                               bssBANK2     00147
_init_bldc                                   text1        0121A
_init_ports                                  text1        011E0
_inputArray1                                 bssBANK3     001B0
_interrrupt_bldc                             text1        013EA
_interrupt_PWMCapture                        text37       001AA
_interrupt_handler                           intentry     00004
_main                                        cinit        00846
_phase_delay_counter                         bssBANK2     0013D
_read_eeprom_data                            text1        0114C
_rising_bemf_flag                            bitbssBANK0  00298
_system_init                                 text1        01021
_timer_init                                  text1        01056
_ui16_Capt_Val0                              bssBANK1     000A8
_ui16_Capt_Val1                              bssBANK1     000A6
_ui16_Capt_Val2                              bssBANK1     000A4
_ui16_Current_Thresh                         nvBANK2      0016E
_ui16_Duty_Cycle_In                          bssBANK2     0015E
_ui16_IPhase1_bldc                           bssBANK2     00157
_ui16_IPhase1_bldc_cal                       bssBANK2     00160
_ui16_IPhase2_bldc                           bssBANK2     0013B
_ui16_IPhase2_bldc_cal                       bssBANK3     001C2
_ui16_IPhase3_bldc                           bssBANK2     00139
_ui16_IPhase3_bldc_cal                       bssBANK3     001C0
_ui16_IPhase_bldc                            bssBANK0     00044
_ui16_I_cal_Ph1                              dataBANK2    0016A
_ui16_I_cal_Ph2                              dataBANK2    00168
_ui16_I_cal_Ph3                              dataBANK2    00166
_ui16_NTC_Temp_bldc                          bssBANK2     00155
_ui16_NTC_Temp_bldc_mean                     bssBANK2     0014D
_ui16_NTC_Temp_bldc_mean_cal                 bssBANK2     00145
_ui16_PWM_Freq_In                            bssBANK2     00133
_ui16_PWM_Freq_mat                           bssBANK2     00135
_ui16_PWM_Input_State                        bssBANK2     00127
_ui16_Speed_demand_mat                       bssBANK2     0012D
_ui16_Speed_demand_mat_Max                   bssBANK2     0012B
_ui16_Speed_demand_mat_min                   bssBANK2     00129
_ui16_Speed_mat                              bssBANK0     00042
_ui16_Temp_cal                               bssBANK2     00153
_ui16_Ubat_bldc                              bssBANK0     00051
_ui16_Ubemf_bldc                             bssBANK1     000AE
_ui16_comm_time_max                          bssBANK2     0013F
_ui16_dryRun_Thresh                          nvBANK3      001E2
_ui16_fir_Bat_mittel                         bssBANK2     00151
_ui16_fir_IPhase_mean                        bssBANK2     0014F
_ui16_mat_Current                            bssBANK1     000AA
_ui16_mat_inpTemp                            bssBANK2     00131
_ui16_phase_advancement                      bssBANK1     000B0
_ui16_speed_fil                              bssBANK2     00137
_ui16_speed_rar                              bssBANK2     00141
_ui16_step_cnt                               bssBANK1     000B2
_ui8_BattVolt_mat                            bssBANK1     000AC
_ui8_BlankingCount                           bssBANK1     000EB
_ui8_CompFlag                                bssBANK1     000E6
_ui8_Duty_Cycle_In_Ratio                     bssBANK1     000CF
_ui8_IPhase_sel                              bssBANK1     000EA
_ui8_Ki_mat                                  bssBANK2     0012F
_ui8_Kp_mat                                  bssBANK1     000DD
_ui8_PWM_FreqCnt                             bssBANK1     000D2
_ui8_PWM_dc_mat                              bssBANK1     000DE
_ui8_PWMinDC_sav                             bssBANK1     000CE
_ui8_PWMin_failCnt                           bssBANK1     000CD
_ui8_PWMoutvalue                             bssBANK1     000D1
_ui8_Pulse_State                             bssBANK1     000D0
_ui8_ResetMatlab                             nvBANK1      000EF
_ui8_StartupPWM                              bssBANK1     000ED
_ui8_Task_Cont100ms                          bssBANK1     000D4
_ui8_Task_Cont1ms                            bssBANK1     000E0
_ui8_Task_Cont3ms                            bssBANK1     000D6
_ui8_Task_Cont5ms                            bssBANK1     000D5
_ui8_UPhase_sel                              bssBANK1     000E9
_ui8_Ubemf_sel                               bssBANK1     000E8
_ui8_current_cal                             bssBANK2     00120
_ui8_duty_cycle_BLDC                         bssBANK0     0004E
_ui8_duty_cycle_mat                          bssBANK1     000DF
_ui8_error_Flags                             bssBANK0     0004F
_ui8_fixed_start_speed_mat                   bssBANK2     00143
_ui8_lastTaskvalue                           bssBANK1     000D3
_ui8_sampleState                             bssBANK1     000E7
_windowPtr1                                  bssBANK0     00050
btemp                                        (abs)        0007E
clear_ram0                                   clrtext      00310
clear_timer@ui8_TmrNb                        cstackBANK0  00024
end_of_initialization                        cinit        00843
i1ADC_Read@i                                 cstackCOMMON 00072
i1_ADC_Read                                  text1        01592
i1_ADC_Wait                                  text1        01579
i1___wmul                                    text1        015A0
i1___wmul@multiplicand                       cstackCOMMON 00072
i1___wmul@multiplier                         cstackCOMMON 00070
i1___wmul@product                            cstackCOMMON 00074
i1_commutate                                 text1        015B5
int$flags                                    (abs)        0007E
interrrupt_bldc@ui32_tmp                     cstackBANK0  00020
intlevel0                                    functab      00000
intlevel1                                    functab      00000
intlevel2                                    functab      00000
intlevel3                                    functab      00000
intlevel4                                    functab      00000
intlevel5                                    functab      00000
read_eeprom_data@ui8_adress                  cstackBANK0  00024
read_eeprom_data@ui8_adress_data             cstackBANK0  00025
reset_vec                                    reset_vec    00000
stackhi                                      (abs)        021EF
stacklo                                      (abs)        02134
start                                        init         00026
start_initialization                         cinit        00811
timer_init@ui8_TmrNb                         cstackBANK0  00025
wtemp0                                       (abs)        0007E


FUNCTION INFORMATION:

 *************** function _main *****************
 Defined at:
		line 630 in file "../main.c"
 Parameters:    Size  Location     Type
		None
 Auto vars:     Size  Location     Type
		None
 Return value:  Size  Location     Type
                  1    wreg      void 
 Registers used:
		wreg, fsr0l, fsr0h, fsr1l, fsr1h, status,2, status,0, pclath, cstack
 Tracked objects:
		On entry : 
		On exit  : 
		Unchanged: 
 Data sizes:     COMMON   BANK0   BANK1   BANK2   BANK3   BANK4   BANK5   BANK6
      Params:         0       0       0       0       0       0       0       0
      Locals:         0       0       0       0       0       0       0       0
      Temps:          0       4       0       0       0       0       0       0
      Totals:         0       4       0       0       0       0       0       0
Total ram usage:        4 bytes
 Hardware stack levels required when called:    7
 This function calls:
		_BVH2_Appl_Layer
		_Get_Analog_Value
		_InitMotorRun
		_InitMotorStop
		_PWMReadDC
		_SetDiagAlarm
		___awdiv
		___wmul
		_clear_timer
		_system_init
 This function is called by:
		Startup code after reset
 This function uses a non-reentrant model


 *************** function _system_init *****************
 Defined at:
		line 545 in file "../main.c"
 Parameters:    Size  Location     Type
		None
 Auto vars:     Size  Location     Type
		None
 Return value:  Size  Location     Type
                  1    wreg      void 
 Registers used:
		wreg, fsr0l, fsr0h, fsr1l, fsr1h, status,2, status,0, pclath, cstack
 Tracked objects:
		On entry : 
		On exit  : 
		Unchanged: 
 Data sizes:     COMMON   BANK0   BANK1   BANK2   BANK3   BANK4   BANK5   BANK6
      Params:         0       0       0       0       0       0       0       0
      Locals:         0       0       0       0       0       0       0       0
      Temps:          0       0       0       0       0       0       0       0
      Totals:         0       0       0       0       0       0       0       0
Total ram usage:        0 bytes
 Hardware stack levels used:    1
 Hardware stack levels required when called:    6
 This function calls:
		_ADC_Init
		_DiagInit
		_FILTER_Init
		_I_calibrationInit
		_Oscill_Source_Block
		_PWM_Capture_init
		_init_bldc
		_init_ports
		_timer_init
 This function is called by:
		_main
 This function uses a non-reentrant model


 *************** function _timer_init *****************
 Defined at:
		line 73 in file "../timer.c"
 Parameters:    Size  Location     Type
  ui8_TmrNb       1    wreg     unsigned char 
 Auto vars:     Size  Location     Type
  ui8_TmrNb       1    5[BANK0 ] unsigned char 
 Return value:  Size  Location     Type
                  1    wreg      void 
 Registers used:
		wreg, fsr0l, fsr0h, status,2, status,0, pclath, cstack
 Tracked objects:
		On entry : 
		On exit  : 
		Unchanged: 
 Data sizes:     COMMON   BANK0   BANK1   BANK2   BANK3   BANK4   BANK5   BANK6
      Params:         0       0       0       0       0       0       0       0
      Locals:         0       1       0       0       0       0       0       0
      Temps:          0       0       0       0       0       0       0       0
      Totals:         0       1       0       0       0       0       0       0
Total ram usage:        1 bytes
 Hardware stack levels used:    1
 Hardware stack levels required when called:    4
 This function calls:
		_clear_timer
 This function is called by:
		_system_init
 This function uses a non-reentrant model


 *************** function _clear_timer *****************
 Defined at:
		line 302 in file "../timer.c"
 Parameters:    Size  Location     Type
  ui8_TmrNb       1    wreg     unsigned char 
 Auto vars:     Size  Location     Type
  ui8_TmrNb       1    4[BANK0 ] unsigned char 
 Return value:  Size  Location     Type
                  1    wreg      void 
 Registers used:
		wreg, fsr0l, fsr0h, status,2, status,0
 Tracked objects:
		On entry : 
		On exit  : 
		Unchanged: 
 Data sizes:     COMMON   BANK0   BANK1   BANK2   BANK3   BANK4   BANK5   BANK6
      Params:         0       0       0       0       0       0       0       0
      Locals:         0       1       0       0       0       0       0       0
      Temps:          0       0       0       0       0       0       0       0
      Totals:         0       1       0       0       0       0       0       0
Total ram usage:        1 bytes
 Hardware stack levels used:    1
 Hardware stack levels required when called:    3
 This function calls:
		Nothing
 This function is called by:
		_main
		_timer_init
 This function uses a non-reentrant model


 *************** function _init_ports *****************
 Defined at:
		line 404 in file "../main.c"
 Parameters:    Size  Location     Type
		None
 Auto vars:     Size  Location     Type
		None
 Return value:  Size  Location     Type
                  1    wreg      void 
 Registers used:
		wreg, status,2
 Tracked objects:
		On entry : 
		On exit  : 
		Unchanged: 
 Data sizes:     COMMON   BANK0   BANK1   BANK2   BANK3   BANK4   BANK5   BANK6
      Params:         0       0       0       0       0       0       0       0
      Locals:         0       0       0       0       0       0       0       0
      Temps:          0       0       0       0       0       0       0       0
      Totals:         0       0       0       0       0       0       0       0
Total ram usage:        0 bytes
 Hardware stack levels used:    1
 Hardware stack levels required when called:    3
 This function calls:
		Nothing
 This function is called by:
		_system_init
 This function uses a non-reentrant model


 *************** function _init_bldc *****************
 Defined at:
		line 207 in file "../bldc.c"
 Parameters:    Size  Location     Type
		None
 Auto vars:     Size  Location     Type
		None
 Return value:  Size  Location     Type
                  1    wreg      void 
 Registers used:
		wreg, fsr0l, fsr0h, fsr1l, fsr1h, status,2, status,0, pclath, cstack
 Tracked objects:
		On entry : 
		On exit  : 
		Unchanged: 
 Data sizes:     COMMON   BANK0   BANK1   BANK2   BANK3   BANK4   BANK5   BANK6
      Params:         0       0       0       0       0       0       0       0
      Locals:         0       0       0       0       0       0       0       0
      Temps:          0       0       0       0       0       0       0       0
      Totals:         0       0       0       0       0       0       0       0
Total ram usage:        0 bytes
 Hardware stack levels used:    1
 Hardware stack levels required when called:    5
 This function calls:
		_InitMotorRun
 This function is called by:
		_system_init
 This function uses a non-reentrant model


 *************** function _InitMotorRun *****************
 Defined at:
		line 2170 in file "../bldc.c"
 Parameters:    Size  Location     Type
		None
 Auto vars:     Size  Location     Type
		None
 Return value:  Size  Location     Type
                  1    wreg      void 
 Registers used:
		wreg, fsr0l, fsr0h, fsr1l, fsr1h, status,2, status,0, pclath, cstack
 Tracked objects:
		On entry : 
		On exit  : 
		Unchanged: 
 Data sizes:     COMMON   BANK0   BANK1   BANK2   BANK3   BANK4   BANK5   BANK6
      Params:         0       0       0       0       0       0       0       0
      Locals:         0       0       0       0       0       0       0       0
      Temps:          0       0       0       0       0       0       0       0
      Totals:         0       0       0       0       0       0       0       0
Total ram usage:        0 bytes
 Hardware stack levels used:    1
 Hardware stack levels required when called:    4
 This function calls:
		_commutate
 This function is called by:
		_init_bldc
		_main
 This function uses a non-reentrant model


 *************** function _commutate *****************
 Defined at:
		line 1426 in file "../bldc.c"
 Parameters:    Size  Location     Type
		None
 Auto vars:     Size  Location     Type
		None
 Return value:  Size  Location     Type
                  1    wreg      void 
 Registers used:
		wreg, fsr0l, fsr0h, fsr1l, fsr1h, status,2, status,0
 Tracked objects:
		On entry : 
		On exit  : 
		Unchanged: 
 Data sizes:     COMMON   BANK0   BANK1   BANK2   BANK3   BANK4   BANK5   BANK6
      Params:         0       0       0       0       0       0       0       0
      Locals:         0       0       0       0       0       0       0       0
      Temps:          0      12       0       0       0       0       0       0
      Totals:         0      12       0       0       0       0       0       0
Total ram usage:       12 bytes
 Hardware stack levels used:    1
 Hardware stack levels required when called:    3
 This function calls:
		Nothing
 This function is called by:
		_InitMotorRun
 This function uses a non-reentrant model


 *************** function _PWM_Capture_init *****************
 Defined at:
		line 79 in file "../pwm.c"
 Parameters:    Size  Location     Type
  ui8_CCP_Nb      1    wreg     unsigned char 
 Auto vars:     Size  Location     Type
  ui8_CCP_Nb      1    4[BANK0 ] unsigned char 
 Return value:  Size  Location     Type
                  1    wreg      void 
 Registers used:
		wreg, fsr0l, fsr0h, status,2, status,0
 Tracked objects:
		On entry : 
		On exit  : 
		Unchanged: 
 Data sizes:     COMMON   BANK0   BANK1   BANK2   BANK3   BANK4   BANK5   BANK6
[...]
		_BVH2_Appl_Layer
 This function uses a non-reentrant model


 *************** function _Cb34_PWM_Detection_node_fcn1 *****************
 Defined at:
		line 1721 in file "../T_Link/BVH2_Appl_Layer.c"
 Parameters:    Size  Location     Type
		None
 Auto vars:     Size  Location     Type
		None
 Return value:  Size  Location     Type
                  1    wreg      void 
 Registers used:
		wreg, status,2, status,0
 Tracked objects:
		On entry : 
		On exit  : 
		Unchanged: 
 Data sizes:     COMMON   BANK0   BANK1   BANK2   BANK3   BANK4   BANK5   BANK6
      Params:         0       0       0       0       0       0       0       0
      Locals:         0       0       0       0       0       0       0       0
      Temps:          0       0       0       0       0       0       0       0
      Totals:         0       0       0       0       0       0       0       0
Total ram usage:        0 bytes
 Hardware stack levels used:    1
 Hardware stack levels required when called:    3
 This function calls:
		Nothing
 This function is called by:
		_BVH2_Appl_Layer
 This function uses a non-reentrant model


 *************** function _Cb1_Current_An___High_node_fcn1 *****************
 Defined at:
		line 1677 in file "../T_Link/BVH2_Appl_Layer.c"
 Parameters:    Size  Location     Type
		None
 Auto vars:     Size  Location     Type
		None
 Return value:  Size  Location     Type
                  1    wreg      void 
 Registers used:
		wreg, status,2, status,0
 Tracked objects:
		On entry : 
		On exit  : 
		Unchanged: 
 Data sizes:     COMMON   BANK0   BANK1   BANK2   BANK3   BANK4   BANK5   BANK6
      Params:         0       0       0       0       0       0       0       0
      Locals:         0       0       0       0       0       0       0       0
      Temps:          0       0       0       0       0       0       0       0
      Totals:         0       0       0       0       0       0       0       0
Total ram usage:        0 bytes
 Hardware stack levels used:    1
 Hardware stack levels required when called:    3
 This function calls:
		Nothing
 This function is called by:
		_BVH2_Appl_Layer
 This function uses a non-reentrant model


 *************** function _interrupt_handler *****************
 Defined at:
		line 77 in file "../interrupt.c"
 Parameters:    Size  Location     Type
		None
 Auto vars:     Size  Location     Type
		None
 Return value:  Size  Location     Type
                  1    wreg      void 
 Registers used:
		wreg, fsr0l, fsr0h, fsr1l, fsr1h, status,2, status,0, pclath, cstack
 Tracked objects:
		On entry : 
		On exit  : 
		Unchanged: 
 Data sizes:     COMMON   BANK0   BANK1   BANK2   BANK3   BANK4   BANK5   BANK6
      Params:         0       0       0       0       0       0       0       0
      Locals:         0       0       0       0       0       0       0       0
      Temps:          0       0       0       0       0       0       0       0
      Totals:         0       0       0       0       0       0       0       0
Total ram usage:        0 bytes
 Hardware stack levels used:    1
 Hardware stack levels required when called:    2
 This function calls:
		_PWM_CTRL
		_Task1ms
		_interrrupt_bldc
		_interrupt_PWMCapture
 This function is called by:
		Interrupt level 1
 This function uses a non-reentrant model


 *************** function _interrupt_PWMCapture *****************
 Defined at:
		line 458 in file "../pwm.c"
 Parameters:    Size  Location     Type
		None
 Auto vars:     Size  Location     Type
		None
 Return value:  Size  Location     Type
                  1    wreg      void 
 Registers used:
		wreg, fsr0l, fsr0h, status,2, status,0
 Tracked objects:
		On entry : 
		On exit  : 
		Unchanged: 
 Data sizes:     COMMON   BANK0   BANK1   BANK2   BANK3   BANK4   BANK5   BANK6
      Params:         0       0       0       0       0       0       0       0
      Locals:         0       0       0       0       0       0       0       0
      Temps:          0       0       0       0       0       0       0       0
      Totals:         0       0       0       0       0       0       0       0
Total ram usage:        0 bytes
 Hardware stack levels used:    1
 This function calls:
		Nothing
 This function is called by:
		_interrupt_handler
 This function uses a non-reentrant model


 *************** function _interrrupt_bldc *****************
 Defined at:
		line 281 in file "../bldc.c"
 Parameters:    Size  Location     Type
		None
 Auto vars:     Size  Location     Type
  ui32_tmp        4    0[BANK0 ] unsigned long 
 Return value:  Size  Location     Type
                  1    wreg      void 
 Registers used:
		wreg, fsr0l, fsr0h, fsr1l, fsr1h, status,2, status,0, pclath, cstack
 Tracked objects:
		On entry : 
		On exit  : 
		Unchanged: 
 Data sizes:     COMMON   BANK0   BANK1   BANK2   BANK3   BANK4   BANK5   BANK6
      Params:         0       0       0       0       0       0       0       0
      Locals:         0       4       0       0       0       0       0       0
      Temps:          2       0       0       0       0       0       0       0
      Totals:         2       4       0       0       0       0       0       0
Total ram usage:        6 bytes
 Hardware stack levels used:    1
 Hardware stack levels required when called:    1
 This function calls:
		_BLDCWait
		___lwdiv
		i1_ADC_Read
		i1_ADC_Wait
		i1___wmul
		i1_commutate
 This function is called by:
		_interrupt_handler
 This function uses a non-reentrant model


 *************** function i1_commutate *****************
 Defined at:
		line 1426 in file "../bldc.c"
 Parameters:    Size  Location     Type
		None
 Auto vars:     Size  Location     Type
		None
 Return value:  Size  Location     Type
                  1    wreg      void 
 Registers used:
		wreg, fsr0l, fsr0h, fsr1l, fsr1h, status,2, status,0
 Tracked objects:
		On entry : 
		On exit  : 
		Unchanged: 
 Data sizes:     COMMON   BANK0   BANK1   BANK2   BANK3   BANK4   BANK5   BANK6
      Params:         0       0       0       0       0       0       0       0
      Locals:         0       0       0       0       0       0       0       0
      Temps:         12       0       0       0       0       0       0       0
      Totals:        12       0       0       0       0       0       0       0
Total ram usage:       12 bytes
 Hardware stack levels used:    1
 This function calls:
		Nothing
 This function is called by:
		_interrrupt_bldc
 This function uses a non-reentrant model


 *************** function i1___wmul *****************
 Defined at:
		line 15 in file "C:\Program Files (x86)\Microchip\xc8\v2.00\pic\sources\c90\common\Umul16.c"
 Parameters:    Size  Location     Type
  multiplier      2    0[COMMON] unsigned int 
  multiplicand    2    2[COMMON] unsigned int 
 Auto vars:     Size  Location     Type
  __wmul          2    4[COMMON] unsigned int 
 Return value:  Size  Location     Type
                  2    0[COMMON] unsigned int 
 Registers used:
		wreg, status,2, status,0
 Tracked objects:
		On entry : 
		On exit  : 
		Unchanged: 
 Data sizes:     COMMON   BANK0   BANK1   BANK2   BANK3   BANK4   BANK5   BANK6
      Params:         4       0       0       0       0       0       0       0
      Locals:         2       0       0       0       0       0       0       0
      Temps:          0       0       0       0       0       0       0       0
      Totals:         6       0       0       0       0       0       0       0
Total ram usage:        6 bytes
 Hardware stack levels used:    1
 This function calls:
		Nothing
 This function is called by:
		_interrrupt_bldc
 This function uses a non-reentrant model


 *************** function i1_ADC_Wait *****************
 Defined at:
		line 128 in file "../adc.c"
 Parameters:    Size  Location     Type
		None
 Auto vars:     Size  Location     Type
		None
 Return value:  Size  Location     Type
                  1    wreg      void 
 Registers used:
		None
 Tracked objects:
		On entry : 
		On exit  : 
		Unchanged: 
 Data sizes:     COMMON   BANK0   BANK1   BANK2   BANK3   BANK4   BANK5   BANK6
      Params:         0       0       0       0       0       0       0       0
      Locals:         0       0       0       0       0       0       0       0
      Temps:          0       0       0       0       0       0       0       0
      Totals:         0       0       0       0       0       0       0       0
Total ram usage:        0 bytes
 Hardware stack levels used:    1
 This function calls:
		Nothing
 This function is called by:
		_interrrupt_bldc
 This function uses a non-reentrant model


 *************** function i1_ADC_Read *****************
 Defined at:
		line 175 in file "../adc.c"
 Parameters:    Size  Location     Type
		None
 Auto vars:     Size  Location     Type
  ADC_Read        1    2[COMMON] unsigned char 
 Return value:  Size  Location     Type
                  2    0[COMMON] unsigned int 
 Registers used:
		wreg, status,2, status,0
 Tracked objects:
		On entry : 
		On exit  : 
		Unchanged: 
 Data sizes:     COMMON   BANK0   BANK1   BANK2   BANK3   BANK4   BANK5   BANK6
      Params:         2       0       0       0       0       0       0       0
      Locals:         1       0       0       0       0       0       0       0
      Temps:          0       0       0       0       0       0       0       0
      Totals:         3       0       0       0       0       0       0       0
Total ram usage:        3 bytes
 Hardware stack levels used:    1
 This function calls:
		Nothing
 This function is called by:
		_interrrupt_bldc
 This function uses a non-reentrant model


 *************** function ___lwdiv *****************
 Defined at:
		line 5 in file "C:\Program Files (x86)\Microchip\xc8\v2.00\pic\sources\c90\common\lwdiv.c"
 Parameters:    Size  Location     Type
  divisor         2    0[COMMON] unsigned int 
  dividend        2    2[COMMON] unsigned int 
 Auto vars:     Size  Location     Type
  quotient        2    4[COMMON] unsigned int 
  counter         1    6[COMMON] unsigned char 
 Return value:  Size  Location     Type
                  2    0[COMMON] unsigned int 
 Registers used:
		wreg, status,2, status,0
 Tracked objects:
		On entry : 
		On exit  : 
		Unchanged: 
 Data sizes:     COMMON   BANK0   BANK1   BANK2   BANK3   BANK4   BANK5   BANK6
      Params:         4       0       0       0       0       0       0       0
      Locals:         3       0       0       0       0       0       0       0
      Temps:          0       0       0       0       0       0       0       0
      Totals:         7       0       0       0       0       0       0       0
Total ram usage:        7 bytes
 Hardware stack levels used:    1
 This function calls:
		Nothing
 This function is called by:
		_interrrupt_bldc
 This function uses a non-reentrant model


 *************** function _BLDCWait *****************
 Defined at:
		line 156 in file "../bldc.c"
 Parameters:    Size  Location     Type
		None
 Auto vars:     Size  Location     Type
		None
 Return value:  Size  Location     Type
                  1    wreg      void 
 Registers used:
		None
 Tracked objects:
		On entry : 
		On exit  : 
		Unchanged: 
 Data sizes:     COMMON   BANK0   BANK1   BANK2   BANK3   BANK4   BANK5   BANK6
      Params:         0       0       0       0       0       0       0       0
      Locals:         0       0       0       0       0       0       0       0
      Temps:          0       0       0       0       0       0       0       0
      Totals:         0       0       0       0       0       0       0       0
Total ram usage:        0 bytes
 Hardware stack levels used:    1
 This function calls:
		Nothing
 This function is called by:
		_interrrupt_bldc
 This function uses a non-reentrant model


 *************** function _Task1ms *****************
 Defined at:
		line 52 in file "../interrupt.c"
 Parameters:    Size  Location     Type
		None
 Auto vars:     Size  Location     Type
		None
 Return value:  Size  Location     Type
                  1    wreg      void 
 Registers used:
		status,2, status,0
 Tracked objects:
		On entry : 
		On exit  : 
		Unchanged: 
 Data sizes:     COMMON   BANK0   BANK1   BANK2   BANK3   BANK4   BANK5   BANK6
      Params:         0       0       0       0       0       0       0       0
      Locals:         0       0       0       0       0       0       0       0
      Temps:          0       0       0       0       0       0       0       0
      Totals:         0       0       0       0       0       0       0       0
Total ram usage:        0 bytes
 Hardware stack levels used:    1
 This function calls:
		Nothing
 This function is called by:
		_interrupt_handler
 This function uses a non-reentrant model


 *************** function _PWM_CTRL *****************
 Defined at:
		line 200 in file "../pwm.c"
 Parameters:    Size  Location     Type
		None
 Auto vars:     Size  Location     Type
		None
 Return value:  Size  Location     Type
                  1    wreg      void 
 Registers used:
		wreg, status,2, status,0
 Tracked objects:
		On entry : 
		On exit  : 
		Unchanged: 
 Data sizes:     COMMON   BANK0   BANK1   BANK2   BANK3   BANK4   BANK5   BANK6
      Params:         0       0       0       0       0       0       0       0
      Locals:         0       0       0       0       0       0       0       0
      Temps:          0       0       0       0       0       0       0       0
      Totals:         0       0       0       0       0       0       0       0
Total ram usage:        0 bytes
 Hardware stack levels used:    1
 This function calls:
		Nothing
 This function is called by:
		_interrupt_handler
 This function uses a non-reentrant model



MODULE INFORMATION

Module		Function		Class		Link	Load	Size
../main.c
		_system_init   		CODE           	1021	0000	54
		_main          		CODE           	0846	0000	235
		_init_ports    		CODE           	11E0	0000	17
		_I_calibrationInit		CODE           	10C4	0000	137

../main.c estimated size: 443

../interrupt.c
		_Task1ms       		CODE           	0316	0000	4
		_interrupt_handler		CODE           	0004	0000	35

../interrupt.c estimated size: 39

../timer.c
		_clear_timer   		CODE           	0F30	0000	34
		_timer_init    		CODE           	1056	0000	63
		_Oscill_Source_Block		CODE           	1181	0000	6

../timer.c estimated size: 103

C:\Program Files (x86)\Microchip\xc8\v2.00\pic\sources\c90\common\Umul16.c
		___wmul        		CODE           	0930	0000	22

C:\Program Files (x86)\Microchip\xc8\v2.00\pic\sources\c90\common\Umul16.c estimated size: 22

../T_Link/BVH2_Appl_Layer.c
		_Cb44_Pic_etat_monitor_node_fcn1		CODE           	0EDF	0000	24
		_BVH2_Appl_Layer		CODE           	0945	0000	1406
		_Cb34_PWM_Detection_node_fcn1		CODE           	00BC	0000	122
		_Cb56_UbatHandling_node_fcn2		CODE           	0FC1	0000	57
		_Cb1_Current_An___High_node_fcn1		CODE           	0EC2	0000	30

../T_Link/BVH2_Appl_Layer.c estimated size: 1639

../bldc.c
		_InitMotorRun  		CODE           	123D	0000	35
		_interrrupt_bldc		CODE           	13EA	0000	400
		_InitMotorStop 		CODE           	0F22	0000	15
		_commutate     		CODE           	12CF	0000	284
		_init_bldc     		CODE           	121A	0000	36
		_BLDCWait      		CODE           	16BC	0000	34

../bldc.c estimated size: 804

C:\Program Files (x86)\Microchip\xc8\v2.00\pic\sources\c90\common\lwdiv.c
		___lwdiv       		CODE           	0247	0000	38

C:\Program Files (x86)\Microchip\xc8\v2.00\pic\sources\c90\common\lwdiv.c estimated size: 38

../eeprom.c
		_read_eeprom_data		CODE           	114C	0000	12

../eeprom.c estimated size: 12

C:\Program Files (x86)\Microchip\xc8\v2.00\pic\sources\c90\common\awdiv.c
		___awdiv       		CODE           	0207	0000	65

C:\Program Files (x86)\Microchip\xc8\v2.00\pic\sources\c90\common\awdiv.c estimated size: 65

C:\Program Files (x86)\Microchip\xc8\v2.00\pic\sources\c90\common\Umul32.c
		___lmul        		CODE           	0EF6	0000	38

C:\Program Files (x86)\Microchip\xc8\v2.00\pic\sources\c90\common\Umul32.c estimated size: 38

shared
		PL12           		CODE           	1710	0000	18
		PL50           		CODE           	0FA7	0000	7
		PL8            		CODE           	0F5E	0000	10
		PL22           		CODE           	1766	0000	17
		PL60           		CODE           	17CE	0000	8
		PL32           		CODE           	0F89	0000	14
		PL70           		CODE           	17E1	0000	7
		PL42           		CODE           	17B5	0000	7
		PL80           		CODE           	0FB8	0000	6
		PL14           		CODE           	1721	0000	18
		PL52           		CODE           	17C1	0000	7
		PL90           		CODE           	17FB	0000	6
		PL24           		CODE           	1776	0000	17
		PL62           		CODE           	17D5	0000	7
		PL34           		CODE           	17A0	0000	10
		PL72           		CODE           	17E7	0000	6
		PL44           		CODE           	0F96	0000	10
		PL82           		CODE           	17F1	0000	6
		PL16           		CODE           	1732	0000	19
		PL54           		CODE           	0FF9	0000	8
		PL26           		CODE           	1786	0000	17
		PL64           		CODE           	17DB	0000	7
		PL36           		CODE           	17A9	0000	7
		PL74           		CODE           	17EC	0000	6
		PL46           		CODE           	0F9F	0000	9
		PL84           		CODE           	0203	0000	5
		i1_commutate   		CODE           	15B5	0000	264
		PL18           		CODE           	1744	0000	18
		PL56           		CODE           	17C7	0000	8
		PL28           		CODE           	1796	0000	11
		PL66           		CODE           	12C9	0000	7
		PL38           		CODE           	17AF	0000	7
		PL76           		CODE           	0FB4	0000	5
		PL48           		CODE           	17BB	0000	7
		PL86           		CODE           	17F6	0000	6
		PL58           		CODE           	0FAD	0000	8
		PL68           		CODE           	01F9	0000	7
		PL78           		CODE           	01FF	0000	5
		i1___wmul      		CODE           	15A0	0000	22
		i1_ADC_Wait    		CODE           	1579	0000	26
		PL88           		CODE           	0FBD	0000	5
		__initialization		CODE           	0811	0000	51
		_PWM_trans_table		STRCODE        	1800	0000	203
		PL2            		CODE           	16DD	0000	28
		PL10           		CODE           	0F67	0000	20
		PL4            		CODE           	16F8	0000	25
		PL20           		CODE           	1755	0000	18
		PL30           		CODE           	0F7A	0000	16
		PL6            		CODE           	0F51	0000	14
		i1_ADC_Read    		CODE           	1592	0000	15
		PL40           		CODE           	0135	0000	10

shared estimated size: 1065

C:\Program Files (x86)\Microchip\xc8\v2.00\pic\sources\c90\common\ltdiv.c
		___ltdiv       		CODE           	006D	0000	51

C:\Program Files (x86)\Microchip\xc8\v2.00\pic\sources\c90\common\ltdiv.c estimated size: 51

C:\Program Files (x86)\Microchip\xc8\v2.00\pic\sources\c90\common\aldiv.c
		___aldiv       		CODE           	013E	0000	109

C:\Program Files (x86)\Microchip\xc8\v2.00\pic\sources\c90\common\aldiv.c estimated size: 109

../diag.c
		_SetDiagAlarm  		CODE           	11F0	0000	38
		_DiagInit      		CODE           	109E	0000	14

../diag.c estimated size: 52

../pwm.c
		_PWM_CTRL      		CODE           	02E7	0000	18
		_PWM_Capture_init		CODE           	1186	0000	91
		_PWMReadDC     		CODE           	0028	0000	70
		_PWM_Write_Out 		CODE           	1215	0000	6
		_interrupt_PWMCapture		CODE           	01AA	0000	80

../pwm.c estimated size: 265

C:\Program Files (x86)\Microchip\xc8\v2.00\pic\sources\c90\common\Umul24.c
		___tmul        		CODE           	009F	0000	30

C:\Program Files (x86)\Microchip\xc8\v2.00\pic\sources\c90\common\Umul24.c estimated size: 30

../adc.c
		_Get_Analog_Value		CODE           	0F1B	0000	8
		_FILTER_Ubat   		CODE           	125F	0000	107
		_FILTER_Temp   		CODE           	026C	0000	35
		_FILTER_Init   		CODE           	10AB	0000	26
		_FILTER_IPhase 		CODE           	028E	0000	30
		_ADC_Wait      		CODE           	1157	0000	26
		_ADC_Read      		CODE           	1170	0000	18
		_ADC_Init      		CODE           	1094	0000	11

../adc.c estimated size: 261

