Microchip MPLAB XC8 Compiler V2.00 ()

Linker command line:

--edf=C:\Program Files (x86)\Microchip\xc8\v2.00\pic\dat\en_msgs.txt -cs \
  -h+dist/default/production\BVH2.X.production.sym \
  --cmf=dist/default/production\BVH2.X.production.cmf -z -Q16F1936 \
  -oC:\Users\garre\AppData\Local\Temp\s4lg.2 --defsym=__MPLAB_BUILD=1 \
  -Mdist/default/production/BVH2.X.production.map -E1 -ver=XC8 --acfsm=1493 \
  -ASTACK=021BBh-021efh -pstack=STACK \
  -ACODE=00h-07FFhx3,01800h-01FFDh,01FFFh-01FFFh \
  -ASTRCODE=00h-01FFDh,01FFFh-01FFFh \
  -ASTRING=00h-0FFhx31,01F00h-01FFDh,01FFFh-01FFFh \
  -ACONST=00h-0FFhx31,01F00h-01FFDh,01FFFh-01FFFh \
  -AENTRY=00h-0FFhx31,01F00h-01FFDh,01FFFh-01FFFh -ACOMMON=070h-07Fh \
  -ABANK0=020h-06Fh -ABANK1=0A0h-0EFh -ABANK2=0120h-016Fh \
  -ABANK3=01A0h-01EFh -ABANK4=0220h-026Fh -ABANK5=02A0h-02EFh \
  -ABANK6=0320h-032Fh -ABIGRAM=02000h-021EFh \
  -ARAM=020h-06Fh,0A0h-0EFh,0120h-016Fh,01A0h-01EFh,0220h-026Fh,02A0h-02EFh,0320h-032Fh \
  -AABS1=020h-07Fh,0A0h-0EFh,0120h-016Fh,01A0h-01EFh,0220h-026Fh,02A0h-02EFh,0320h-032Fh \
  -ASFR0=00h-01Fh -ASFR1=080h-09Fh -ASFR2=0100h-011Fh -ASFR3=0180h-019Fh \
  -ASFR4=0200h-021Fh -ASFR5=0280h-029Fh -ASFR6=0300h-031Fh \
  -ASFR7=0380h-03EFh -ASFR8=0400h-046Fh -ASFR9=0480h-04EFh \
  -ASFR10=0500h-056Fh -ASFR11=0580h-05EFh -ASFR12=0600h-066Fh \
  -ASFR13=0680h-06EFh -ASFR14=0700h-076Fh -ASFR15=0780h-07EFh \
  -ASFR16=0800h-086Fh -ASFR17=0880h-08EFh -ASFR18=0900h-096Fh \
  -ASFR19=0980h-09EFh -ASFR20=0A00h-0A6Fh -ASFR21=0A80h-0AEFh \
  -ASFR22=0B00h-0B6Fh -ASFR23=0B80h-0BEFh -ASFR24=0C00h-0C6Fh \
  -ASFR25=0C80h-0CEFh -ASFR26=0D00h-0D6Fh -ASFR27=0D80h-0DEFh \
  -ASFR28=0E00h-0E6Fh -ASFR29=0E80h-0EEFh -ASFR30=0F00h-0F6Fh \
  -ASFR31=0F80h-0FEFh -pchecksum=01FFEh \
  -preset_vec=00h,intentry=04h,init,end_init -ppowerup=CODE -pcinit=CODE \
  -pfunctab=ENTRY -ACONFIG=08007h-08008h -pconfig=CONFIG -DCONFIG=2 \
  -AIDLOC=08000h-08003h -pidloc=IDLOC -DIDLOC=2 -AEEDATA=00h-0FFh/0F000h \
  -peeprom_data=EEDATA -DEEDATA=2 -DCODE=2 -DSTRCODE=2 -DSTRING=2 -DCONST=2 \
  -DENTRY=2 -k C:\Users\garre\AppData\Local\Temp\s4lg.o \
  dist/default/production\BVH2.X.production.o 

Object code version is 3.11

Machine type is 16F1936



                Name                               Link     Load   Length Selector   Space Scale
C:\Users\garre\AppData\Local\Temp\s4lg.o
                end_init                             26       26        2        8       0
                reset_vec                             0        0        2        0       0
                config                             8007     8007        2    1000E       0
dist/default/production\BVH2.X.production.o
                cinit                                28       28       50        8       0
                intentry                              4        4       22        8       0
                text45                             1E67     1E67       16     3CCE       0
                text44                             1DF3     1DF3        6     3BE6       0
                text43                             1F00     1F00       21     3E00       0
                text42                             1235     1235       34     246A       0
                text41                             1EAF     1EAF       1A     3D5E       0
                text40                             1E7D     1E7D       19     3CFA       0
                text39                             1EC9     1EC9       1B     3D92       0
                swtext4                            1854     1854       14     3080       0
                text38                              926      926      222     124C       0
                swtext3                            1840     1840       14     3080       0
                text37                              B48      B48      25C     1690       0
                text36                             147B     147B       70     28F6       0
                text34                             11A8     11A8       2A     2350       0
                text33                             15E5     15E5       A5     2BCA       0
                text32                             1F67     1F67       24     3ECE       0
                text31                             1392     1392       49     2724       0
                text30                             1563     1563       82     2AC6       0
                text29                             11D2     11D2       30     23A4       0
                text28                             1EE4     1EE4       1C     3DC8       0
                swtext2                            1868     1868       10     3080       0
                text27                               78       78      77F        8       0
                text26                             1269     1269       34     24D2       0
                text25                             12D4     12D4       3A     25A8       0
                text24                             14EB     14EB       78     29D6       0
                text23                              7F7      7F7        9        8       0
                text22                             1E3A     1E3A        E     3C74       0
                text21                             134D     134D       45     269A       0
                text20                             1FAF     1FAF       27     3F5E       0
                text19                             168A     168A       AC     2D14       0
                text18                             1E12     1E12        8     3C24       0
                text17                             129D     129D       37     253A       0
                text16                             1E22     1E22        B     3C44       0
                text15                             1E2D     1E2D        D     3C5A       0
                text14                             1F21     1F21       23     3E42       0
                text13                             1E96     1E96       19     3D2C       0
                text12                             1F8B     1F8B       24     3F16       0
                text11                             1E48     1E48        F     3C90       0
                text10                             1736     1736       CA     2E6C       0
                text9                              1DF9     1DF9        6     3BF2       0
                text8                              1424     1424       57     2848       0
                swtext1                            1194     1194       14     2328       0
                text7                               DA4      DA4      25C     1B48       0
                text6                              1202     1202       33     2404       0
                text5                              1FD6     1FD6       28     3FAC       0
                text4                              1E57     1E57       10     3CAE       0
                text3                              1F44     1F44       23     3E88       0
                text2                              130E     130E       3F     261C       0
                text1                              13DB     13DB       49     27B6       0
                maintext                            804      804      122     1008       0
                cstackBANK0                          20       20       2B       20       1
                cstackCOMMON                         70       70        C       70       1
                cstackBANK5                         2A0      2A0       20      2A0       1
                clrtext                            1DFF     1DFF        6     3BFE       0
                inittext                           1E05     1E05        6     3C0A       0
                bssBANK5                            2C0      2C0        B      2A0       1
                bssBANK4                            220      220       48      220       1
                bssBANK3                            1A0      1A0       4E      1A0       1
                dataBANK2                           168      168        8      120       1
                bssBANK2                            120      120       48      120       1
                dataBANK1                            E8       E8        7       A0       1
                bssBANK1                             A0       A0       48       A0       1
                dataBANK0                            5E       5E        1       20       1
                bssBANK0                             4B       4B       12       20       1
                bitbssBANK0                         2E8       5D        1       20       1     8
                nvBANK4                             268      268        2      220       1
                nvBANK3                             1EE      1EE        2      1A0       1
                nvBANK1                              EF       EF        1       A0       1
                stringtext3                        1878     1878        2     30F0       0
                stringtext2                        1800     1800       40     3000       0
                stringtext1                        1000     1000      194     2000       0
                idataBANK2                         1E1A     1E1A        8     3C34       0
                idataBANK1                         1E0B     1E0B        7     3C16       0
                idataBANK0                            3        3        1        6       0

TOTAL           Name                               Link     Load   Length     Space
        CLASS   STACK          

        CLASS   CODE           
                end_init                             26       26        2         0
                cinit                                28       28       50         0
                intentry                              4        4       22         0
                reset_vec                             0        0        2         0
                text45                             1E67     1E67       16         0
                text44                             1DF3     1DF3        6         0
                text43                             1F00     1F00       21         0
                text42                             1235     1235       34         0
                text41                             1EAF     1EAF       1A         0
                text40                             1E7D     1E7D       19         0
                text39                             1EC9     1EC9       1B         0
                text38                              926      926      222         0
                text37                              B48      B48      25C         0
                text36                             147B     147B       70         0
                text34                             11A8     11A8       2A         0
                text33                             15E5     15E5       A5         0
                text32                             1F67     1F67       24         0
                text31                             1392     1392       49         0
                text30                             1563     1563       82         0
                text29                             11D2     11D2       30         0
                text28                             1EE4     1EE4       1C         0
                text27                               78       78      77F         0
                text26                             1269     1269       34         0
                text25                             12D4     12D4       3A         0
                text24                             14EB     14EB       78         0
                text23                              7F7      7F7        9         0
                text22                             1E3A     1E3A        E         0
                text21                             134D     134D       45         0
                text20                             1FAF     1FAF       27         0
                text19                             168A     168A       AC         0
                text18                             1E12     1E12        8         0
                text17                             129D     129D       37         0
                text16                             1E22     1E22        B         0
                text15                             1E2D     1E2D        D         0
                text14                             1F21     1F21       23         0
                text13                             1E96     1E96       19         0
                text12                             1F8B     1F8B       24         0
                text11                             1E48     1E48        F         0
                text10                             1736     1736       CA         0
                text9                              1DF9     1DF9        6         0
                text8                              1424     1424       57         0
                text7                               DA4      DA4      25C         0
                text6                              1202     1202       33         0
                text5                              1FD6     1FD6       28         0
                text4                              1E57     1E57       10         0
                text3                              1F44     1F44       23         0
                text2                              130E     130E       3F         0
                text1                              13DB     13DB       49         0
                maintext                            804      804      122         0
                clrtext                            1DFF     1DFF        6         0
                inittext                           1E05     1E05        6         0
                idataBANK2                         1E1A     1E1A        8         0
                idataBANK1                         1E0B     1E0B        7         0
                idataBANK0                            3        3        1         0

        CLASS   STRCODE        
                stringtext3                        1878     1878        2         0
                stringtext2                        1800     1800       40         0
                stringtext1                        1000     1000      194         0

        CLASS   STRING         

        CLASS   CONST          
                swtext4                            1854     1854       14         0
                swtext3                            1840     1840       14         0
                swtext2                            1868     1868       10         0
                swtext1                            1194     1194       14         0

        CLASS   ENTRY          

        CLASS   COMMON         
                cstackCOMMON                         70       70        C         1

        CLASS   BANK0          
                cstackBANK0                          20       20       2B         1
                dataBANK0                            5E       5E        1         1
                bssBANK0                             4B       4B       12         1
                bitbssBANK0                         2E8       5D        1         1

        CLASS   BANK1          
                dataBANK1                            E8       E8        7         1
                bssBANK1                             A0       A0       48         1
                nvBANK1                              EF       EF        1         1

        CLASS   BANK2          
                dataBANK2                           168      168        8         1
                bssBANK2                            120      120       48         1

        CLASS   BANK3          
                bssBANK3                            1A0      1A0       4E         1
                nvBANK3                             1EE      1EE        2         1

        CLASS   BANK4          
                bssBANK4                            220      220       48         1
                nvBANK4                             268      268        2         1

        CLASS   BANK5          
                cstackBANK5                         2A0      2A0       20         1
                bssBANK5                            2C0      2C0        B         1

        CLASS   BANK6          

        CLASS   BIGRAM         

        CLASS   RAM            

        CLASS   ABS1           
                abs_s1                               7E       7E        2         1

        CLASS   SFR0           

        CLASS   SFR1           

        CLASS   SFR2           

        CLASS   SFR3           

        CLASS   SFR4           

        CLASS   SFR5           

        CLASS   SFR6           

        CLASS   SFR7           

        CLASS   SFR8           

        CLASS   SFR9           

        CLASS   SFR10          

        CLASS   SFR11          

        CLASS   SFR12          

        CLASS   SFR13          

        CLASS   SFR14          

        CLASS   SFR15          

        CLASS   SFR16          

        CLASS   SFR17          

        CLASS   SFR18          

        CLASS   SFR19          

        CLASS   SFR20          

        CLASS   SFR21          

        CLASS   SFR22          

        CLASS   SFR23          

        CLASS   SFR24          

        CLASS   SFR25          

        CLASS   SFR26          

        CLASS   SFR27          

        CLASS   SFR28          

        CLASS   SFR29          

        CLASS   SFR30          

        CLASS   SFR31          

        CLASS   CONFIG         
                config                             8007     8007        2         0

        CLASS   IDLOC          

        CLASS   EEDATA         

        CLASS   BANK31         

        CLASS   BANK30         

        CLASS   BANK29         

        CLASS   BANK28         

        CLASS   BANK27         

        CLASS   BANK26         

        CLASS   BANK25         

        CLASS   BANK24         

        CLASS   BANK23         

        CLASS   BANK22         

        CLASS   BANK21         

        CLASS   BANK20         

        CLASS   BANK19         

        CLASS   BANK18         

        CLASS   BANK17         

        CLASS   BANK16         

        CLASS   BANK15         

        CLASS   BANK14         

        CLASS   BANK13         

        CLASS   BANK12         

        CLASS   BANK11         

        CLASS   BANK10         

        CLASS   BANK9          

        CLASS   BANK8          

        CLASS   BANK7          



SEGMENTS        Name                           Load    Length   Top    Selector   Space  Class     Delta

                reset_vec                      000000  000002  000002         0       0  CODE        2
                idataBANK0                     000003  000001  000004         6       0  CODE        2
                intentry                       000004  0007FC  000800         8       0  CODE        2
                cstackBANK0                    000020  00003F  00005F        20       1  BANK0       1
                cstackCOMMON                   000070  00000C  00007C        70       1  COMMON      1
                bssBANK1                       0000A0  000050  0000F0        A0       1  BANK1       1
                bssBANK2                       000120  000050  000170       120       1  BANK2       1
                bssBANK3                       0001A0  000050  0001F0       1A0       1  BANK3       1
                bssBANK4                       000220  00004A  00026A       220       1  BANK4       1
                cstackBANK5                    0002A0  00002B  0002CB       2A0       1  BANK5       1
                maintext                       000804  000122  000926      1008       0  CODE        2
                text38                         000926  000222  000B48      124C       0  CODE        2
                text37                         000B48  00025C  000DA4      1690       0  CODE        2
                text7                          000DA4  00025C  001000      1B48       0  CODE        2
                stringtext1                    001000  000194  001194      2000       0  STRCODE     2
                swtext1                        001194  000014  0011A8      2328       0  CONST       2
                text34                         0011A8  00002A  0011D2      2350       0  CODE        2
                text29                         0011D2  000030  001202      23A4       0  CODE        2
                text6                          001202  000033  001235      2404       0  CODE        2
                text42                         001235  000034  001269      246A       0  CODE        2
                text26                         001269  000034  00129D      24D2       0  CODE        2
                text17                         00129D  000037  0012D4      253A       0  CODE        2
                text25                         0012D4  00003A  00130E      25A8       0  CODE        2
                text2                          00130E  00003F  00134D      261C       0  CODE        2
                text21                         00134D  000045  001392      269A       0  CODE        2
                text31                         001392  000049  0013DB      2724       0  CODE        2
                text1                          0013DB  000049  001424      27B6       0  CODE        2
                text8                          001424  000057  00147B      2848       0  CODE        2
                text36                         00147B  000070  0014EB      28F6       0  CODE        2
                text24                         0014EB  000078  001563      29D6       0  CODE        2
                text30                         001563  000082  0015E5      2AC6       0  CODE        2
                text33                         0015E5  0000A5  00168A      2BCA       0  CODE        2
                text19                         00168A  0000AC  001736      2D14       0  CODE        2
                text10                         001736  0000CA  001800      2E6C       0  CODE        2
                stringtext2                    001800  000040  001840      3000       0  STRCODE     2
                swtext3                        001840  000038  001878      3080       0  CONST       2
                stringtext3                    001878  000002  00187A      30F0       0  STRCODE     2
                text44                         001DF3  000006  001DF9      3BE6       0  CODE        2
                text9                          001DF9  000006  001DFF      3BF2       0  CODE        2
                clrtext                        001DFF  000006  001E05      3BFE       0  CODE        2
                inittext                       001E05  000006  001E0B      3C0A       0  CODE        2
                idataBANK1                     001E0B  000007  001E12      3C16       0  CODE        2
                text18                         001E12  000008  001E1A      3C24       0  CODE        2
                idataBANK2                     001E1A  000008  001E22      3C34       0  CODE        2
                text16                         001E22  00000B  001E2D      3C44       0  CODE        2
                text15                         001E2D  00000D  001E3A      3C5A       0  CODE        2
                text22                         001E3A  00000E  001E48      3C74       0  CODE        2
                text11                         001E48  00000F  001E57      3C90       0  CODE        2
                text4                          001E57  000010  001E67      3CAE       0  CODE        2
                text45                         001E67  000016  001E7D      3CCE       0  CODE        2
                text40                         001E7D  000019  001E96      3CFA       0  CODE        2
                text13                         001E96  000019  001EAF      3D2C       0  CODE        2
                text41                         001EAF  00001A  001EC9      3D5E       0  CODE        2
                text39                         001EC9  00001B  001EE4      3D92       0  CODE        2
                text28                         001EE4  00001C  001F00      3DC8       0  CODE        2
                text43                         001F00  000021  001F21      3E00       0  CODE        2
                text14                         001F21  000023  001F44      3E42       0  CODE        2
                text3                          001F44  000023  001F67      3E88       0  CODE        2
                text32                         001F67  000024  001F8B      3ECE       0  CODE        2
                text12                         001F8B  000024  001FAF      3F16       0  CODE        2
                text20                         001FAF  000027  001FD6      3F5E       0  CODE        2
                text5                          001FD6  000028  001FFE      3FAC       0  CODE        2
                config                         008007  000002  008009     1000E       0  CONFIG      2


UNUSED ADDRESS RANGES

        Name                Unused          Largest block    Delta
        BANK0            0005F-0006F              11           1
        BANK4            0026A-0026F               6           1
        BANK5            002CB-002EF              25           1
        BANK6            00320-0032F              10           1
        BIGRAM           02000-021EF             1F0           1
        CODE             00002-00002               1           2
                         00800-00803               4
                         0187A-01DF2             579
                         01FFF-01FFF               1
        COMMON           0007C-0007D               2           1
        CONST            00002-00002               1           2
                         00800-00803               4
                         0187A-01DF2             100
                         01FFF-01FFF               1
        EEDATA           0F000-0F0FF             100           2
        ENTRY            00002-00002               1           2
                         00800-00803               4
                         0187A-01DF2             100
                         01FFF-01FFF               1
        IDLOC            08000-08003               4           2
        RAM              0005F-0006F              11           1
                         0026A-0026F               6
                         002CB-002EF              25
                         00320-0032F              10
        SFR0             00000-0001F              20           1
        SFR1             00080-0009F              20           1
        SFR10            00500-0056F              70           1
        SFR11            00580-005EF              70           1
        SFR12            00600-0066F              70           1
        SFR13            00680-006EF              70           1
        SFR14            00700-0076F              70           1
        SFR15            00780-007EF              70           1
        SFR16            00800-0086F              70           1
        SFR17            00880-008EF              70           1
        SFR18            00900-0096F              70           1
        SFR19            00980-009EF              70           1
        SFR2             00100-0011F              20           1
        SFR20            00A00-00A6F              70           1
        SFR21            00A80-00AEF              70           1
        SFR22            00B00-00B6F              70           1
        SFR23            00B80-00BEF              70           1
        SFR24            00C00-00C6F              70           1
        SFR25            00C80-00CEF              70           1
        SFR26            00D00-00D6F              70           1
        SFR27            00D80-00DEF              70           1
        SFR28            00E00-00E6F              70           1
        SFR29            00E80-00EEF              70           1
        SFR3             00180-0019F              20           1
        SFR30            00F00-00F6F              70           1
        SFR31            00F80-00FEF              70           1
        SFR4             00200-0021F              20           1
        SFR5             00280-0029F              20           1
        SFR6             00300-0031F              20           1
        SFR7             00380-003EF              70           1
        SFR8             00400-0046F              70           1
        SFR9             00480-004EF              70           1
        STACK            021BB-021EF              35           1
        STRCODE          00002-00002               1           2
                         00800-00803               4
                         0187A-01DF2             579
                         01FFF-01FFF               1
        STRING           00002-00002               1           2
                         00800-00803               4
                         0187A-01DF2             100
                         01FFF-01FFF               1

                                  Symbol Table

?_ADC_Read                                   cstackBANK0  00028
?___aldiv                                    cstackBANK0  00028
?___lmul                                     cstackBANK0  00028
?___ltdiv                                    cstackBANK0  00031
?___lwdiv                                    cstackCOMMON 00070
?___tmul                                     cstackBANK0  00028
?___wmul                                     cstackBANK0  00028
?i1_ADC_Read                                 cstackCOMMON 00070
?i1___wmul                                   cstackCOMMON 00070
ADC_Read@i                                   cstackBANK0  0002B
BVH2_Appl_Layer@Cb14_StateCnt                bssBANK3     001A8
BVH2_Appl_Layer@Cb14_oDryRunAlarm            bssBANK1     000BF
BVH2_Appl_Layer@Cb19_Counter                 bssBANK1     000A2
BVH2_Appl_Layer@Cb19_oDryRun55               bssBANK2     00133
BVH2_Appl_Layer@Cb19_oDryRun66               bssBANK2     00132
BVH2_Appl_Layer@Cb24_BadCnt                  bssBANK3     001A6
BVH2_Appl_Layer@Cb24_Reset                   cstackBANK5  002B4
BVH2_Appl_Layer@Cb24_RestartCounter          bssBANK1     000C5
BVH2_Appl_Layer@Cb24_StateCnt                bssBANK0     0004B
BVH2_Appl_Layer@Cb24_oMotorStalled           bssBANK1     000BE
BVH2_Appl_Layer@Cb24_oStalledAlarm           bssBANK2     00131
BVH2_Appl_Layer@Cb51_Counter                 bssBANK1     000C4
BVH2_Appl_Layer@Cb51_oTempAlarm              bssBANK2     00130
BVH2_Appl_Layer@Cb51_oTempRedAlarm           bssBANK2     0012F
BVH2_Appl_Layer@Cb51_odPumpOff               bssBANK2     0012E
BVH2_Appl_Layer@Cb9_StateCnt                 bssBANK1     000C3
BVH2_Appl_Layer@Cb9_oCurrentAlarm            bssBANK2     0012D
BVH2_Appl_Layer@SIBFS_Current_Analysis_low_b bssBANK1     000C2
BVH2_Appl_Layer@SIBFS_Dry_RunningAlarm_b     bssBANK0     00055
BVH2_Appl_Layer@SIBFS_Dry_Running_b          bssBANK1     000C1
BVH2_Appl_Layer@SIBFS_Motor_Stalled_b        bssBANK1     000A0
BVH2_Appl_Layer@SIBFS_Temperature_Alarm_b    bssBANK1     000C0
BVH2_Appl_Layer@Sb1_BVH2_Appl_Layer_FirstRun dataBANK2    0016D
BVH2_Appl_Layer@Sb1_Logical_Operator1        cstackBANK5  002BC
BVH2_Appl_Layer@Sb1_Logical_Operator2        cstackBANK5  002B5
BVH2_Appl_Layer@Sb1_Logical_Operator3        cstackBANK5  002BD
BVH2_Appl_Layer@Sb1_Logical_Operator5        cstackBANK5  002B6
BVH2_Appl_Layer@Sb2_Error                    cstackBANK5  002B0
BVH2_Appl_Layer@Sb2_Logical_Operator2        cstackBANK5  002B7
BVH2_Appl_Layer@Sb2_Switch2                  cstackBANK5  002A8
BVH2_Appl_Layer@Sb2_Switch5                  cstackBANK5  002B8
BVH2_Appl_Layer@Sb3_Product1                 cstackBANK5  002B2
BVH2_Appl_Layer@Sb3_Sum1                     cstackBANK5  002BA
BVH2_Appl_Layer@Sb4_PI_sum                   cstackBANK5  002BE
BVH2_Appl_Layer@X_Sb4_Intergrator            dataBANK2    00168
BVH2_Appl_Layer@X_Sb4_Intergrator_TriggerIn  dataBANK2    0016C
PWM_Capture_init@ui8_CCP_Nb                  cstackBANK0  00028
PWM_Write_Out@ui8_DutyCycle_Out              cstackBANK0  00029
_ADCON0                                      (abs)        0009D
_ADCON1                                      (abs)        0009E
_ADC_Init                                    text16       01E22
_ADC_Read                                    text14       01F21
_ADC_Wait                                    text13       01E96
_ADON                                        (abs)        004E8
_ADRESH                                      (abs)        0009C
_ADRESL                                      (abs)        0009B
_ANSELA                                      (abs)        0018C
_ANSELB                                      (abs)        0018D
_B                                           bssBANK4     00220
_BLDCWait                                    text43       01F00
_BVH2_Appl_Layer                             text27       00078
_BVH2_Appl_Layer$1039                        cstackBANK5  002AA
_BVH2_Appl_Layer$1040                        cstackBANK5  002AB
_BVH2_Appl_Layer$1041                        cstackBANK5  002AC
_BVH2_Appl_Layer$1042                        cstackBANK5  002AD
_BVH2_Appl_Layer$1043                        cstackBANK5  002AE
_BVH2_Appl_Layer$1044                        cstackBANK5  002AF
_BVH2_Appl_Layer$1047                        cstackBANK5  002A4
_BVH2_Appl_Layer$1049                        cstackBANK5  002A6
_BVH2_Appl_Layer$1050                        cstackBANK5  002A0
_Bcnt                                        bssBANK1     000D9
_BlankingCountdbg                            bssBANK2     00164
_C1IE                                        (abs)        00495
_C1OUT                                       (abs)        0088E
_CCP1AS                                      (abs)        00295
_CCP1ASE                                     (abs)        014AF
_CCP1CON                                     (abs)        00293
_CCP1IE                                      (abs)        0048A
_CCP1IF                                      (abs)        0008A
_CCP2CON                                     (abs)        0029A
_CCP2IE                                      (abs)        00490
_CCP2IF                                      (abs)        00090
_CCP3CON                                     (abs)        00313
_CCP3IE                                      (abs)        0049C
_CCP3IF                                      (abs)        0009C
_CCP4CON                                     (abs)        0031A
_CCP4IE                                      (abs)        0049D
_CCP4IF                                      (abs)        0009D
_CCP5CON                                     (abs)        0031E
_CCP5IE                                      (abs)        0049E
_CCP5IF                                      (abs)        0009E
_CCPR1H                                      (abs)        00292
_CCPR1L                                      (abs)        00291
_CCPR2H                                      (abs)        00299
_CCPR2L                                      (abs)        00298
_CCPR3H                                      (abs)        00312
_CCPR3L                                      (abs)        00311
_CCPR4H                                      (abs)        00319
_CCPR4L                                      (abs)        00318
_CCPR5H                                      (abs)        0031D
_CCPR5L                                      (abs)        0031C
_CFGS                                        (abs)        00CAE
_CM1CON0                                     (abs)        00111
_CM1CON1                                     (abs)        00112
_Cb1_Current_An___High_node_fcn1             text34       011A8
_Cb1_RestartCounter                          bssBANK1     000CA
_Cb1_StateCnt                                bssBANK0     0004D
_Cb1_oCurrentAlarm                           bssBANK2     0013E
_Cb1_oShutoff                                bssBANK2     0013D
_Cb34_PWM_Detection_node_fcn1                text33       015E5
_Cb34_idPWM                                  bssBANK0     00056
_Cb34_oPWM_Alarm                             bssBANK2     0013C
_Cb34_oPWM_SC_Alarm                          bssBANK2     0013B
_Cb34_odFixedLowValueSel                     bssBANK2     0013A
_Cb34_odFixedValueSel                        bssBANK2     00139
_Cb34_odPumpOff                              bssBANK2     00138
_Cb44_Pic_etat_monitor_node_fcn1             text32       01F67
_Cb44_StateCnt                               bssBANK1     000A4
_Cb44_oAlarm                                 bssBANK2     00137
_Cb44_oShutoff                               bssBANK2     00136
_Cb56_UbatHandling_node_fcn2                 text31       01392
_Cb56_oUbat_Alarm_High                       bssBANK2     00135
_Cb56_odFixedValueSel                        bssBANK1     000C6
_Cb56_odPumpOff                              bssBANK2     00134
_CompFlag_prev                               bssBANK2     00161
_Debounce_Tmr                                bssBANK3     001AC
_DiagInit                                    text15       01E2D
_EEADRL                                      (abs)        00191
_EECON2                                      (abs)        00196
_EEDATL                                      (abs)        00193
_EEPGD                                       (abs)        00CAF
_FILTER_IPhase                               text26       01269
_FILTER_Init                                 text12       01F8B
_FILTER_Temp                                 text25       012D4
_FILTER_Ubat                                 text24       014EB
_FVRCON                                      (abs)        00117
_GIE                                         (abs)        0005F
_GO_nDONE                                    (abs)        004E9
_Get_Analog_Value                            text23       007F7
_INTCON                                      (abs)        0000B
_I_calibrationInit                           text10       01736
_InitMotorRun                                text6        01202
_InitMotorStop                               text22       01E3A
_LATA                                        (abs)        0010C
_LATB                                        (abs)        0010D
_LATB1                                       (abs)        00869
_LATB2                                       (abs)        0086A
_LATC                                        (abs)        0010E
_LATC0                                       (abs)        00870
_LATC1                                       (abs)        00871
_LATC2                                       (abs)        00872
_LATC3                                       (abs)        00873
_LATC4                                       (abs)        00874
_MotorFlags                                  bssBANK0     0005A
_OPTION_REG                                  (abs)        00095
_OSCCON                                      (abs)        00099
_Oscill_Source_Block                         text9        01DF9
_PEIE                                        (abs)        0005E
_PIE1                                        (abs)        00091
_PIE2                                        (abs)        00092
_PIE3                                        (abs)        00093
_PR2                                         (abs)        0001B
_PR4                                         (abs)        00416
_PR6                                         (abs)        0041D
_PSTR1CON                                    (abs)        00296
_PWM1CON                                     (abs)        00294
_PWMReadDC                                   text19       0168A
_PWM_CTRL                                    text45       01E67
_PWM_Capture_init                            text8        01424
_PWM_Write_Out                               text18       01E12
_PWM_trans_table                             stringtext1  01000
_RA4                                         (abs)        00064
_RC5                                         (abs)        00075
_RD                                          (abs)        00CA8
_SIBFS_Current_Analysis_High_b               bssBANK1     000C9
_SIBFS_PWM_Detection_b                       bssBANK1     000C8
_SIBFS_Pic_etat_monitor_b                    bssBANK1     000C7
_SIBFS_UbatHandling_b                        bssBANK0     00057
_Sb2_Fixed_Power                             stringtext3  01878
_SetDiagAlarm                                text17       0129D
_T1CON                                       (abs)        00018
_T2CON                                       (abs)        0001C
_T4CON                                       (abs)        00417
_T6CON                                       (abs)        0041E
_TMR0                                        (abs)        00015
_TMR0IE                                      (abs)        0005D
_TMR1H                                       (abs)        00017
_TMR1IE                                      (abs)        00488
_TMR1IF                                      (abs)        00088
_TMR1L                                       (abs)        00016
_TMR2                                        (abs)        0001A
_TMR2IE                                      (abs)        00489
_TMR2IF                                      (abs)        00089
_TMR2ON                                      (abs)        000E2
_TMR4                                        (abs)        00415
_TMR4IE                                      (abs)        00499
_TMR4IF                                      (abs)        00099
_TMR4ON                                      (abs)        020BA
_TMR6                                        (abs)        0041C
_TMR6IE                                      (abs)        0049B
_TMR6IF                                      (abs)        0009B
_TMR6ON                                      (abs)        020F2
_TRISA                                       (abs)        0008C
_TRISB                                       (abs)        0008D
_TRISC                                       (abs)        0008E
_Task1ms                                     text44       01DF3
_WDTCON                                      (abs)        00097
_WR                                          (abs)        00CA9
_WREN                                        (abs)        00CAA
__CFG_BORV$LO                                (abs)        00000
__CFG_CLKOUTEN$ON                            (abs)        00000
__CFG_FOSC$INTOSC                            (abs)        00000
__CFG_LVP$OFF                                (abs)        00000
__CFG_MCLRE$OFF                              (abs)        00000
__CFG_PLLEN$ON                               (abs)        00000
__CFG_WDTE$SWDTEN                            (abs)        00000
__Habs1                                      abs1         00000
__Hbank0                                     bank0        00000
__Hbank1                                     bank1        00000
__Hbank10                                    bank10       00000
__Hbank11                                    bank11       00000
__Hbank12                                    bank12       00000
__Hbank13                                    bank13       00000
__Hbank14                                    bank14       00000
__Hbank15                                    bank15       00000
__Hbank16                                    bank16       00000
__Hbank17                                    bank17       00000
__Hbank18                                    bank18       00000
__Hbank19                                    bank19       00000
__Hbank2                                     bank2        00000
__Hbank20                                    bank20       00000
__Hbank21                                    bank21       00000
__Hbank22                                    bank22       00000
__Hbank23                                    bank23       00000
__Hbank24                                    bank24       00000
__Hbank25                                    bank25       00000
__Hbank26                                    bank26       00000
__Hbank27                                    bank27       00000
__Hbank28                                    bank28       00000
__Hbank29                                    bank29       00000
__Hbank3                                     bank3        00000
__Hbank30                                    bank30       00000
__Hbank31                                    bank31       00000
__Hbank4                                     bank4        00000
__Hbank5                                     bank5        00000
__Hbank6                                     bank6        00000
__Hbank7                                     bank7        00000
__Hbank8                                     bank8        00000
__Hbank9                                     bank9        00000
__Hbigram                                    bigram       00000
__HbitbssBANK0                               bitbssBANK0  00000
__HbssBANK0                                  bssBANK0     00000
__HbssBANK1                                  bssBANK1     00000
__HbssBANK2                                  bssBANK2     00000
__HbssBANK3                                  bssBANK3     00000
__HbssBANK4                                  bssBANK4     00000
__HbssBANK5                                  bssBANK5     00000
__Hchecksum                                  checksum     01FFE
__Hcinit                                     cinit        00078
__Hclrtext                                   clrtext      00000
__Hcode                                      code         00000
__Hcommon                                    common       00000
__Hconfig                                    config       08009
__HcstackBANK0                               cstackBANK0  00000
__HcstackBANK5                               cstackBANK5  00000
__HcstackCOMMON                              cstackCOMMON 00000
__HdataBANK0                                 dataBANK0    00000
__HdataBANK1                                 dataBANK1    00000
__HdataBANK2                                 dataBANK2    00000
__Heeprom_data                               eeprom_data  00000
__Hend_init                                  end_init     00028
__Hfunctab                                   functab      00000
__HidataBANK0                                idataBANK0   00000
__HidataBANK1                                idataBANK1   00000
__HidataBANK2                                idataBANK2   00000
__Hidloc                                     idloc        00000
__Hinit                                      init         00026
__Hinittext                                  inittext     00000
__Hintentry                                  intentry     00026
__Hmaintext                                  maintext     00000
__HnvBANK1                                   nvBANK1      00000
__HnvBANK3                                   nvBANK3      00000
__HnvBANK4                                   nvBANK4      00000
__Hpowerup                                   powerup      00000
__Hram                                       ram          00000
__Hreset_vec                                 reset_vec    00002
__Hsfr0                                      sfr0         00000
__Hsfr1                                      sfr1         00000
__Hsfr10                                     sfr10        00000
__Hsfr11                                     sfr11        00000
__Hsfr12                                     sfr12        00000
__Hsfr13                                     sfr13        00000
__Hsfr14                                     sfr14        00000
__Hsfr15                                     sfr15        00000
__Hsfr16                                     sfr16        00000
__Hsfr17                                     sfr17        00000
__Hsfr18                                     sfr18        00000
__Hsfr19                                     sfr19        00000
__Hsfr2                                      sfr2         00000
__Hsfr20                                     sfr20        00000
__Hsfr21                                     sfr21        00000
__Hsfr22                                     sfr22        00000
__Hsfr23                                     sfr23        00000
__Hsfr24                                     sfr24        00000
__Hsfr25                                     sfr25        00000
__Hsfr26                                     sfr26        00000
__Hsfr27                                     sfr27        00000
__Hsfr28                                     sfr28        00000
__Hsfr29                                     sfr29        00000
__Hsfr3                                      sfr3         00000
__Hsfr30                                     sfr30        00000
__Hsfr31                                     sfr31        00000
__Hsfr4                                      sfr4         00000
__Hsfr5                                      sfr5         00000
__Hsfr6                                      sfr6         00000
__Hsfr7                                      sfr7         00000
__Hsfr8                                      sfr8         00000
__Hsfr9                                      sfr9         00000
__Hspace_0                                   (abs)        08009
__Hspace_1                                   (abs)        002E9
__Hspace_2                                   (abs)        00000
__Hspace_3                                   (abs)        00000
__Hstack                                     stack        00000
__Hstrings                                   strings      00000
__Hstringtext1                               stringtext1  00000
__Hstringtext2                               stringtext2  00000
__Hstringtext3                               stringtext3  00000
__Htext                                      text         00000
__Labs1                                      abs1         00000
__Lbank0                                     bank0        00000
__Lbank1                                     bank1        00000
__Lbank10                                    bank10       00000
__Lbank11                                    bank11       00000
__Lbank12                                    bank12       00000
__Lbank13                                    bank13       00000
__Lbank14                                    bank14       00000
__Lbank15                                    bank15       00000
__Lbank16                                    bank16       00000
__Lbank17                                    bank17       00000
__Lbank18                                    bank18       00000
__Lbank19                                    bank19       00000
__Lbank2                                     bank2        00000
__Lbank20                                    bank20       00000
__Lbank21                                    bank21       00000
__Lbank22                                    bank22       00000
__Lbank23                                    bank23       00000
__Lbank24                                    bank24       00000
__Lbank25                                    bank25       00000
__Lbank26                                    bank26       00000
__Lbank27                                    bank27       00000
__Lbank28                                    bank28       00000
__Lbank29                                    bank29       00000
__Lbank3                                     bank3        00000
__Lbank30                                    bank30       00000
__Lbank31                                    bank31       00000
__Lbank4                                     bank4        00000
__Lbank5                                     bank5        00000
__Lbank6                                     bank6        00000
__Lbank7                                     bank7        00000
__Lbank8                                     bank8        00000
__Lbank9                                     bank9        00000
__Lbigram                                    bigram       00000
__LbitbssBANK0                               bitbssBANK0  00000
__LbssBANK0                                  bssBANK0     00000
__LbssBANK1                                  bssBANK1     00000
__LbssBANK2                                  bssBANK2     00000
__LbssBANK3                                  bssBANK3     00000
__LbssBANK4                                  bssBANK4     00000
__LbssBANK5                                  bssBANK5     00000
__Lchecksum                                  checksum     01FFE
__Lcinit                                     cinit        00028
__Lclrtext                                   clrtext      00000
__Lcode                                      code         00000
__Lcommon                                    common       00000
__Lconfig                                    config       08007
__LcstackBANK0                               cstackBANK0  00000
__LcstackBANK5                               cstackBANK5  00000
__LcstackCOMMON                              cstackCOMMON 00000
__LdataBANK0                                 dataBANK0    00000
__LdataBANK1                                 dataBANK1    00000
__LdataBANK2                                 dataBANK2    00000
__Leeprom_data                               eeprom_data  00000
__Lend_init                                  end_init     00026
__Lfunctab                                   functab      00000
__LidataBANK0                                idataBANK0   00000
__LidataBANK1                                idataBANK1   00000
__LidataBANK2                                idataBANK2   00000
__Lidloc                                     idloc        00000
__Linit                                      init         00026
__Linittext                                  inittext     00000
__Lintentry                                  intentry     00004
__Lmaintext                                  maintext     00000
__LnvBANK1                                   nvBANK1      00000
__LnvBANK3                                   nvBANK3      00000
__LnvBANK4                                   nvBANK4      00000
__Lpowerup                                   powerup      00000
__Lram                                       ram          00000
__Lreset_vec                                 reset_vec    00000
__Lsfr0                                      sfr0         00000
__Lsfr1                                      sfr1         00000
__Lsfr10                                     sfr10        00000
__Lsfr11                                     sfr11        00000
__Lsfr12                                     sfr12        00000
__Lsfr13                                     sfr13        00000
__Lsfr14                                     sfr14        00000
__Lsfr15                                     sfr15        00000
__Lsfr16                                     sfr16        00000
__Lsfr17                                     sfr17        00000
__Lsfr18                                     sfr18        00000
__Lsfr19                                     sfr19        00000
__Lsfr2                                      sfr2         00000
__Lsfr20                                     sfr20        00000
__Lsfr21                                     sfr21        00000
__Lsfr22                                     sfr22        00000
__Lsfr23                                     sfr23        00000
__Lsfr24                                     sfr24        00000
__Lsfr25                                     sfr25        00000
__Lsfr26                                     sfr26        00000
__Lsfr27                                     sfr27        00000
__Lsfr28                                     sfr28        00000
__Lsfr29                                     sfr29        00000
__Lsfr3                                      sfr3         00000
__Lsfr30                                     sfr30        00000
__Lsfr31                                     sfr31        00000
__Lsfr4                                      sfr4         00000
__Lsfr5                                      sfr5         00000
__Lsfr6                                      sfr6         00000
__Lsfr7                                      sfr7         00000
__Lsfr8                                      sfr8         00000
__Lsfr9                                      sfr9         00000
__Lspace_0                                   (abs)        00000
__Lspace_1                                   (abs)        00000
__Lspace_2                                   (abs)        00000
__Lspace_3                                   (abs)        00000
__Lstack                                     stack        00000
__Lstrings                                   strings      00000
__Lstringtext1                               stringtext1  00000
__Lstringtext2                               stringtext2  00000
__Lstringtext3                               stringtext3  00000
__Ltext                                      text         00000
__S0                                         (abs)        08009
__S1                                         (abs)        002CB
__S2                                         (abs)        00000
__S3                                         (abs)        00000
___aldiv                                     text30       01563
___aldiv@counter                             cstackBANK0  00031
___aldiv@dividend                            cstackBANK0  0002C
___aldiv@divisor                             cstackBANK0  00028
___aldiv@quotient                            cstackBANK0  00033
___aldiv@sign                                cstackBANK0  00032
___int_sp                                    stack        00000
___latbits                                   (abs)        00002
___lmul                                      text29       011D2
___lmul@multiplicand                         cstackBANK0  0002C
___lmul@multiplier                           cstackBANK0  00028
___lmul@product                              cstackBANK0  00030
___ltdiv                                     text21       0134D
___ltdiv@counter                             cstackBANK0  0003B
___ltdiv@dividend                            cstackBANK0  00034
___ltdiv@divisor                             cstackBANK0  00031
___ltdiv@quotient                            cstackBANK0  00038
___lwdiv                                     text42       01235
___lwdiv@counter                             cstackCOMMON 00077
___lwdiv@dividend                            cstackCOMMON 00072
___lwdiv@divisor                             cstackCOMMON 00070
___lwdiv@quotient                            cstackCOMMON 00075
___sp                                        stack        00000
___tmul                                      text20       01FAF
___tmul@multiplicand                         cstackBANK0  0002B
___tmul@multiplier                           cstackBANK0  00028
___tmul@product                              cstackBANK0  0002E
___wmul                                      text28       01EE4
___wmul@multiplicand                         cstackBANK0  0002A
___wmul@multiplier                           cstackBANK0  00028
___wmul@product                              cstackBANK0  0002C
__checksum0                                  checksum     01FFE
__end_of_ADC_Init                            text16       01E2D
__end_of_ADC_Read                            text14       01F44
__end_of_ADC_Wait                            text13       01EAF
__end_of_BLDCWait                            text43       01F21
__end_of_BVH2_Appl_Layer                     text27       007F7
__end_of_Cb1_Current_An___High_node_fcn1     text34       011D2
__end_of_Cb34_PWM_Detection_node_fcn1        text33       0168A
__end_of_Cb44_Pic_etat_monitor_node_fcn1     text32       01F8B
__end_of_Cb56_UbatHandling_node_fcn2         text31       013DB
__end_of_DiagInit                            text15       01E3A
__end_of_FILTER_IPhase                       text26       0129D
__end_of_FILTER_Init                         text12       01FAF
__end_of_FILTER_Temp                         text25       0130E
__end_of_FILTER_Ubat                         text24       01563
__end_of_Get_Analog_Value                    text23       00800
__end_of_I_calibrationInit                   text10       01800
__end_of_InitMotorRun                        text6        01235
__end_of_InitMotorStop                       text22       01E48
__end_of_Oscill_Source_Block                 text9        01DFF
__end_of_PWMReadDC                           text19       01736
__end_of_PWM_CTRL                            text45       01E7D
__end_of_PWM_Capture_init                    text8        0147B
__end_of_PWM_Write_Out                       text18       01E1A
__end_of_PWM_trans_table                     stringtext1  01194
__end_of_Sb2_Fixed_Power                     stringtext3  0187A
__end_of_SetDiagAlarm                        text17       012D4
__end_of_Task1ms                             text44       01DF9
__end_of___aldiv                             text30       015E5
__end_of___lmul                              text29       01202
__end_of___ltdiv                             text21       01392
__end_of___lwdiv                             text42       01269
__end_of___tmul                              text20       01FD6
__end_of___wmul                              text28       01F00
__end_of__initialization                     cinit        00074
__end_of_cBEMF_FILTER                        stringtext2  01840
__end_of_clear_timer                         text3        01F67
__end_of_commutate                           text7        01000
__end_of_init_bldc                           text5        01FFE
__end_of_init_ports                          text4        01E67
__end_of_interrrupt_bldc                     text37       00DA4
__end_of_interrupt_PWMCapture                text36       014EB
__end_of_interrupt_handler                   intentry     00026
__end_of_main                                maintext     00926
__end_of_read_eeprom_data                    text11       01E57
__end_of_system_init                         text1        01424
__end_of_timer_init                          text2        0134D
__end_ofi1_ADC_Read                          text41       01EC9
__end_ofi1_ADC_Wait                          text40       01E96
__end_ofi1___wmul                            text39       01EE4
__end_ofi1_commutate                         text38       00B48
__initialization                             cinit        00028
__pbitbssBANK0                               bitbssBANK0  002E8
__pbssBANK0                                  bssBANK0     0004B
__pbssBANK1                                  bssBANK1     000A0
__pbssBANK2                                  bssBANK2     00120
__pbssBANK3                                  bssBANK3     001A0
__pbssBANK4                                  bssBANK4     00220
__pbssBANK5                                  bssBANK5     002C0
__pcstackBANK0                               cstackBANK0  00020
__pcstackBANK5                               cstackBANK5  002A0
__pcstackCOMMON                              cstackCOMMON 00070
__pdataBANK0                                 dataBANK0    0005E
__pdataBANK1                                 dataBANK1    000E8
__pdataBANK2                                 dataBANK2    00168
__pidataBANK0                                idataBANK0   00003
__pidataBANK1                                idataBANK1   01E0B
__pidataBANK2                                idataBANK2   01E1A
__pintentry                                  intentry     00004
__pmaintext                                  maintext     00804
__pnvBANK1                                   nvBANK1      000EF
__pnvBANK3                                   nvBANK3      001EE
__pnvBANK4                                   nvBANK4      00268
__pstringtext1                               stringtext1  01000
__pstringtext2                               stringtext2  01800
__pstringtext3                               stringtext3  01878
__pswtext1                                   swtext1      01194
__pswtext2                                   swtext2      01868
__pswtext3                                   swtext3      01840
__pswtext4                                   swtext4      01854
__ptext1                                     text1        013DB
__ptext10                                    text10       01736
__ptext11                                    text11       01E48
__ptext12                                    text12       01F8B
__ptext13                                    text13       01E96
__ptext14                                    text14       01F21
__ptext15                                    text15       01E2D
__ptext16                                    text16       01E22
__ptext17                                    text17       0129D
__ptext18                                    text18       01E12
__ptext19                                    text19       0168A
__ptext2                                     text2        0130E
__ptext20                                    text20       01FAF
__ptext21                                    text21       0134D
__ptext22                                    text22       01E3A
__ptext23                                    text23       007F7
__ptext24                                    text24       014EB
__ptext25                                    text25       012D4
__ptext26                                    text26       01269
__ptext27                                    text27       00078
__ptext28                                    text28       01EE4
__ptext29                                    text29       011D2
__ptext3                                     text3        01F44
__ptext30                                    text30       01563
__ptext31                                    text31       01392
__ptext32                                    text32       01F67
__ptext33                                    text33       015E5
__ptext34                                    text34       011A8
__ptext36                                    text36       0147B
__ptext37                                    text37       00B48
__ptext38                                    text38       00926
__ptext39                                    text39       01EC9
__ptext4                                     text4        01E57
__ptext40                                    text40       01E7D
__ptext41                                    text41       01EAF
__ptext42                                    text42       01235
__ptext43                                    text43       01F00
__ptext44                                    text44       01DF3
__ptext45                                    text45       01E67
__ptext5                                     text5        01FD6
__ptext6                                     text6        01202
__ptext7                                     text7        00DA4
__ptext8                                     text8        01424
__ptext9                                     text9        01DF9
__size_of_ADC_Init                           (abs)        00000
__size_of_ADC_Read                           (abs)        00000
__size_of_ADC_Wait                           (abs)        00000
__size_of_BLDCWait                           (abs)        00000
__size_of_BVH2_Appl_Layer                    (abs)        00000
__size_of_Cb1_Current_An___High_node_fcn1    (abs)        00000
__size_of_Cb34_PWM_Detection_node_fcn1       (abs)        00000
__size_of_Cb44_Pic_etat_monitor_node_fcn1    (abs)        00000
__size_of_Cb56_UbatHandling_node_fcn2        (abs)        00000
__size_of_DiagInit                           (abs)        00000
__size_of_FILTER_IPhase                      (abs)        00000
__size_of_FILTER_Init                        (abs)        00000
__size_of_FILTER_Temp                        (abs)        00000
__size_of_FILTER_Ubat                        (abs)        00000
__size_of_Get_Analog_Value                   (abs)        00000
__size_of_I_calibrationInit                  (abs)        00000
__size_of_InitMotorRun                       (abs)        00000
__size_of_InitMotorStop                      (abs)        00000
__size_of_Oscill_Source_Block                (abs)        00000
__size_of_PWMReadDC                          (abs)        00000
__size_of_PWM_CTRL                           (abs)        00000
__size_of_PWM_Capture_init                   (abs)        00000
__size_of_PWM_Write_Out                      (abs)        00000
__size_of_SetDiagAlarm                       (abs)        00000
__size_of_Task1ms                            (abs)        00000
__size_of___aldiv                            (abs)        00000
__size_of___lmul                             (abs)        00000
__size_of___ltdiv                            (abs)        00000
__size_of___lwdiv                            (abs)        00000
__size_of___tmul                             (abs)        00000
__size_of___wmul                             (abs)        00000
__size_of_clear_timer                        (abs)        00000
__size_of_commutate                          (abs)        00000
__size_of_init_bldc                          (abs)        00000
__size_of_init_ports                         (abs)        00000
__size_of_interrrupt_bldc                    (abs)        00000
__size_of_interrupt_PWMCapture               (abs)        00000
__size_of_interrupt_handler                  (abs)        00000
__size_of_main                               (abs)        00000
__size_of_read_eeprom_data                   (abs)        00000
__size_of_system_init                        (abs)        00000
__size_of_timer_init                         (abs)        00000
__size_ofi1_ADC_Read                         (abs)        00000
__size_ofi1_ADC_Wait                         (abs)        00000
__size_ofi1___wmul                           (abs)        00000
__size_ofi1_commutate                        (abs)        00000
_analog_value                                bssBANK1     000BC
_bemf_filter                                 bssBANK2     00165
_bl_Pumpoff_Alarm                            bssBANK3     001DF
_bool_CPU_TempAlarm                          bssBANK1     000D8
_bool_CPU_TempRedAlarm                       bssBANK2     00147
_bool_ControlLoopMode                        bssBANK1     000CF
_bool_DryRunningAlarm                        bssBANK1     000D7
_bool_HighCurrentAlarm                       bssBANK1     000D5
_bool_MotorStalled                           bssBANK1     000D6
_bool_PIC_Alarm                              bssBANK3     001DE
_bool_PWMin_Freq_err_Alarm                   bssBANK2     00145
_bool_PWMin_err_Alarm                        bssBANK2     00148
_bool_StalledMotorStop                       bssBANK3     001DD
_bool_UbatAlarm                              bssBANK2     00146
_bool_mat_currAlarm_bldc                     bssBANK1     000D0
_bool_mat_pic_etat                           bssBANK1     000CB
_bool_start_demand_mat                       bssBANK2     00166
_checksum                                    bssBANK3     001A0
_clear_timer                                 text3        01F44
_comm_state                                  bssBANK1     000DE
_comm_time                                   bssBANK0     00053
_commutate                                   text7        00DA4
_filter1                                     bssBANK3     001C8
_filter3                                     bssBANK2     0012B
_filterPh                                    bssBANK2     00129
_filterTempNTC                               bssBANK2     00127
_ict_stamp                                   dataBANK2    0016F
_init_bldc                                   text5        01FD6
_init_ports                                  text4        01E57
_inputArray1                                 bssBANK4     00230
_interrrupt_bldc                             text37       00B48
_interrupt_PWMCapture                        text36       0147B
_interrupt_handler                           intentry     00004
_main                                        maintext     00804
_phaseCal                                    bssBANK1     000D4
_phase_delay_counter                         bssBANK1     000B8
_phase_delay_counter_debug                   bssBANK4     0025E
_prev_Debounce_Tmr                           bssBANK3     001AA
_prev_RA4                                    bssBANK3     001AE
_read_eeprom_data                            text11       01E48
_rising_bemf_flag                            bitbssBANK0  002E8
_sum                                         bssBANK2     00123
_system_init                                 text1        013DB
_timer_init                                  text2        0130E
_ui16_CPU_Temp_bldc                          bssBANK4     00256
_ui16_Capt_Val0                              bssBANK1     000AA
_ui16_Capt_Val1                              bssBANK1     000A8
_ui16_Capt_Val2                              bssBANK1     000A6
_ui16_Current_Thresh                         nvBANK3      001EE
_ui16_Duty_Cycle_In                          bssBANK3     001EC
_ui16_IPhase1_bldc                           bssBANK3     001D8
_ui16_IPhase1_bldc_cal                       bssBANK1     000E6
_ui16_IPhase2_bldc                           bssBANK4     0025A
_ui16_IPhase2_bldc_cal                       bssBANK1     000E4
_ui16_IPhase3_bldc                           bssBANK4     00258
_ui16_IPhase3_bldc_cal                       bssBANK1     000E2
_ui16_IPhase_bldc                            bssBANK0     00051
_ui16_I_cal_Ph1                              dataBANK1    000EC
_ui16_I_cal_Ph2                              dataBANK1    000EA
_ui16_I_cal_Ph3                              dataBANK1    000E8
_ui16_NTC_Temp_bldc                          bssBANK3     001D6
_ui16_NTC_Temp_bldc_mean                     bssBANK3     001CC
_ui16_NTC_Temp_bldc_mean_cal                 bssBANK3     001C6
_ui16_PWM_Freq_In                            bssBANK3     001BC
_ui16_PWM_Freq_mat                           bssBANK3     001BE
_ui16_PWMin_failCnt                          bssBANK3     001B0
_ui16_Speed_demand_mat                       bssBANK3     001B6
_ui16_Speed_demand_mat_Max                   bssBANK3     001B4
_ui16_Speed_demand_mat_min                   bssBANK3     001B2
_ui16_Speed_mat                              bssBANK0     0004F
_ui16_Task_Cont500ms                         bssBANK4     00262
_ui16_Temp_cal                               bssBANK3     001D4
_ui16_Timer_VaL1                             bssBANK4     00248
_ui16_UPhase_bldc                            bssBANK3     001DA
_ui16_Ubat_bldc                              bssBANK0     0005B
_ui16_Ubemf_bldc                             bssBANK1     000B4
_ui16_comm_time_max                          bssBANK2     00125
_ui16_dryRun_Thresh                          nvBANK4      00268
_ui16_duty_cycle_BLDC                        bssBANK1     000B0
_ui16_duty_cycle_mat                         bssBANK3     001C0
_ui16_fir_Bat_mittel                         bssBANK3     001D2
_ui16_fir_IPhase_mean                        bssBANK3     001D0
_ui16_fir_UPhase_mittel                      bssBANK3     001CE
_ui16_mat_Current                            bssBANK1     000AC
_ui16_mat_inpTemp                            bssBANK3     001BA
_ui16_phase_advancement                      bssBANK1     000B6
_ui16_phase_angle                            bssBANK4     0025C
_ui16_speed_fil                              bssBANK1     000B2
_ui16_speed_rar                              bssBANK3     001C2
_ui16_step_cnt                               bssBANK1     000BA
_ui8_BattVolt_mat                            bssBANK1     000AE
_ui8_BlankingCount                           bssBANK1     000DD
_ui8_CompFlag                                bssBANK1     000DA
_ui8_DebugCnt                                bssBANK3     001E3
_ui8_Duty_Cycle_In_Ratio                     bssBANK2     0013F
_ui8_IPhase_sel                              bssBANK1     000DC
_ui8_Ki_mat                                  bssBANK3     001B8
_ui8_Kp_mat                                  bssBANK2     00149
_ui8_PWM_FreqCnt                             bssBANK1     000CD
_ui8_PWM_dc_mat                              bssBANK1     000D1
_ui8_PWMinDC_sav                             bssBANK1     000CC
_ui8_PWMoutvalue                             bssBANK2     00141
_ui8_Pulse_State                             bssBANK2     00140
_ui8_ResetMatlab                             nvBANK1      000EF
_ui8_StartupPWM                              bssBANK1     000DF
_ui8_Sync_Cont10ms                           bssBANK3     001E4
_ui8_Task_Cont100ms                          bssBANK1     000CE
_ui8_Task_Cont1ms                            bssBANK1     000D2
_ui8_Task_Cont3ms                            bssBANK2     00144
_ui8_Task_Cont5ms                            bssBANK2     00143
_ui8_UPhase_sel                              bssBANK1     000DB
_ui8_Ubemf_sel                               bssBANK2     00163
_ui8_b_DResB0_c                              bssBANK0     00058
_ui8_b_DResB1_c                              bssBANK2     0015F
_ui8_b_DResB2_c                              bssBANK2     0015E
_ui8_b_DResB3_c                              bssBANK2     0015D
_ui8_b_DResB4_c                              bssBANK2     0015C
_ui8_b_DResB5_c                              bssBANK2     0015B
_ui8_b_DResLocID_c                           bssBANK0     00059
_ui8_b_DResServID_c                          bssBANK2     00160
_ui8_current_cal                             bssBANK2     00120
_ui8_debug_out0                              bssBANK3     001DC
_ui8_error_Flags                             bssBANK1     000E0
_ui8_failure                                 dataBANK2    0016E
_ui8_fixed_start_speed_mat                   bssBANK3     001C4
_ui8_given_supply                            bssBANK1     000D3
_ui8_lastTaskvalue                           bssBANK2     00142
_ui8_sampleState                             bssBANK2     00162
_ui8_selected_lid                            dataBANK0    0005E
_ui8_temp_calibration                        bssBANK2     00167
_ui8_zero_cros_cnt                           bssBANK4     00260
_windowPtr1                                  bssBANK1     000E1
_wkpoint                                     dataBANK1    000EE
btemp                                        (abs)        0007E
clear_ram0                                   clrtext      01DFF
clear_timer@ui8_TmrNb                        cstackBANK0  00028
end_of_initialization                        cinit        00074
i1ADC_Read@i                                 cstackCOMMON 00073
i1_ADC_Read                                  text41       01EAF
i1_ADC_Wait                                  text40       01E7D
i1___wmul                                    text39       01EC9
i1___wmul@multiplicand                       cstackCOMMON 00072
i1___wmul@multiplier                         cstackCOMMON 00070
[...]
 Hardware stack levels required when called:    3
 This function calls:
		Nothing
 This function is called by:
		_BVH2_Appl_Layer
 This function uses a non-reentrant model


 *************** function _Cb56_UbatHandling_node_fcn2 *****************
 Defined at:
		line 1889 in file "../T_Link/BVH2_Appl_Layer.c"
 Parameters:    Size  Location     Type
		None
 Auto vars:     Size  Location     Type
		None
 Return value:  Size  Location     Type
                  1    wreg      void 
 Registers used:
		wreg, fsr0l, fsr0h, status,2, status,0
 Tracked objects:
		On entry : 
		On exit  : 
		Unchanged: 
 Data sizes:     COMMON   BANK0   BANK1   BANK2   BANK3   BANK4   BANK5   BANK6
      Params:         0       0       0       0       0       0       0       0
      Locals:         0       0       0       0       0       0       0       0
      Temps:          0       0       0       0       0       0       0       0
      Totals:         0       0       0       0       0       0       0       0
Total ram usage:        0 bytes
 Hardware stack levels used:    1
 Hardware stack levels required when called:    3
 This function calls:
		Nothing
 This function is called by:
		_BVH2_Appl_Layer
 This function uses a non-reentrant model


 *************** function _Cb44_Pic_etat_monitor_node_fcn1 *****************
 Defined at:
		line 1848 in file "../T_Link/BVH2_Appl_Layer.c"
 Parameters:    Size  Location     Type
		None
 Auto vars:     Size  Location     Type
		None
 Return value:  Size  Location     Type
                  1    wreg      void 
 Registers used:
		wreg, status,2, status,0
 Tracked objects:
		On entry : 
		On exit  : 
		Unchanged: 
 Data sizes:     COMMON   BANK0   BANK1   BANK2   BANK3   BANK4   BANK5   BANK6
      Params:         0       0       0       0       0       0       0       0
      Locals:         0       0       0       0       0       0       0       0
      Temps:          0       0       0       0       0       0       0       0
      Totals:         0       0       0       0       0       0       0       0
Total ram usage:        0 bytes
 Hardware stack levels used:    1
 Hardware stack levels required when called:    3
 This function calls:
		Nothing
 This function is called by:
		_BVH2_Appl_Layer
 This function uses a non-reentrant model


 *************** function _Cb34_PWM_Detection_node_fcn1 *****************
 Defined at:
		line 1727 in file "../T_Link/BVH2_Appl_Layer.c"
 Parameters:    Size  Location     Type
		None
 Auto vars:     Size  Location     Type
		None
 Return value:  Size  Location     Type
                  1    wreg      void 
 Registers used:
		wreg, status,2, status,0
 Tracked objects:
		On entry : 
		On exit  : 
		Unchanged: 
 Data sizes:     COMMON   BANK0   BANK1   BANK2   BANK3   BANK4   BANK5   BANK6
      Params:         0       0       0       0       0       0       0       0
      Locals:         0       0       0       0       0       0       0       0
      Temps:          0       0       0       0       0       0       0       0
      Totals:         0       0       0       0       0       0       0       0
Total ram usage:        0 bytes
 Hardware stack levels used:    1
 Hardware stack levels required when called:    3
 This function calls:
		Nothing
 This function is called by:
		_BVH2_Appl_Layer
 This function uses a non-reentrant model


 *************** function _Cb1_Current_An___High_node_fcn1 *****************
 Defined at:
		line 1683 in file "../T_Link/BVH2_Appl_Layer.c"
 Parameters:    Size  Location     Type
		None
 Auto vars:     Size  Location     Type
		None
 Return value:  Size  Location     Type
                  1    wreg      void 
 Registers used:
		wreg, status,2, status,0
 Tracked objects:
		On entry : 
		On exit  : 
		Unchanged: 
 Data sizes:     COMMON   BANK0   BANK1   BANK2   BANK3   BANK4   BANK5   BANK6
      Params:         0       0       0       0       0       0       0       0
      Locals:         0       0       0       0       0       0       0       0
      Temps:          0       0       0       0       0       0       0       0
      Totals:         0       0       0       0       0       0       0       0
Total ram usage:        0 bytes
 Hardware stack levels used:    1
 Hardware stack levels required when called:    3
 This function calls:
		Nothing
 This function is called by:
		_BVH2_Appl_Layer
 This function uses a non-reentrant model


 *************** function _interrupt_handler *****************
 Defined at:
		line 78 in file "../interrupt.c"
 Parameters:    Size  Location     Type
		None
 Auto vars:     Size  Location     Type
		None
 Return value:  Size  Location     Type
                  1    wreg      void 
 Registers used:
		wreg, fsr0l, fsr0h, fsr1l, fsr1h, status,2, status,0, pclath, cstack
 Tracked objects:
		On entry : 
		On exit  : 
		Unchanged: 
 Data sizes:     COMMON   BANK0   BANK1   BANK2   BANK3   BANK4   BANK5   BANK6
      Params:         0       0       0       0       0       0       0       0
      Locals:         0       0       0       0       0       0       0       0
      Temps:          0       0       0       0       0       0       0       0
      Totals:         0       0       0       0       0       0       0       0
Total ram usage:        0 bytes
 Hardware stack levels used:    1
 Hardware stack levels required when called:    2
 This function calls:
		_PWM_CTRL
		_Task1ms
		_interrrupt_bldc
		_interrupt_PWMCapture
 This function is called by:
		Interrupt level 1
 This function uses a non-reentrant model


 *************** function _interrupt_PWMCapture *****************
 Defined at:
		line 457 in file "../pwm.c"
 Parameters:    Size  Location     Type
		None
 Auto vars:     Size  Location     Type
		None
 Return value:  Size  Location     Type
                  1    wreg      void 
 Registers used:
		wreg, fsr0l, fsr0h, status,2, status,0
 Tracked objects:
		On entry : 
		On exit  : 
		Unchanged: 
 Data sizes:     COMMON   BANK0   BANK1   BANK2   BANK3   BANK4   BANK5   BANK6
      Params:         0       0       0       0       0       0       0       0
      Locals:         0       0       0       0       0       0       0       0
      Temps:          2       0       0       0       0       0       0       0
      Totals:         2       0       0       0       0       0       0       0
Total ram usage:        2 bytes
 Hardware stack levels used:    1
 This function calls:
		Nothing
 This function is called by:
		_interrupt_handler
 This function uses a non-reentrant model


 *************** function _interrrupt_bldc *****************
 Defined at:
		line 281 in file "../bldc.c"
 Parameters:    Size  Location     Type
		None
 Auto vars:     Size  Location     Type
  ui32_tmp        4    4[BANK0 ] unsigned long 
 Return value:  Size  Location     Type
                  1    wreg      void 
 Registers used:
		wreg, fsr0l, fsr0h, fsr1l, fsr1h, status,2, status,0, pclath, cstack
 Tracked objects:
		On entry : 
		On exit  : 
		Unchanged: 
 Data sizes:     COMMON   BANK0   BANK1   BANK2   BANK3   BANK4   BANK5   BANK6
      Params:         0       0       0       0       0       0       0       0
      Locals:         0       4       0       0       0       0       0       0
      Temps:          0       4       0       0       0       0       0       0
      Totals:         0       8       0       0       0       0       0       0
Total ram usage:        8 bytes
 Hardware stack levels used:    1
 Hardware stack levels required when called:    1
 This function calls:
		_BLDCWait
		___lwdiv
		i1_ADC_Read
		i1_ADC_Wait
		i1___wmul
		i1_commutate
 This function is called by:
		_interrupt_handler
 This function uses a non-reentrant model


 *************** function i1_commutate *****************
 Defined at:
		line 1426 in file "../bldc.c"
 Parameters:    Size  Location     Type
		None
 Auto vars:     Size  Location     Type
		None
 Return value:  Size  Location     Type
                  1    wreg      void 
 Registers used:
		wreg, fsr0l, fsr0h, fsr1l, fsr1h, status,2, status,0
 Tracked objects:
		On entry : 
		On exit  : 
		Unchanged: 
 Data sizes:     COMMON   BANK0   BANK1   BANK2   BANK3   BANK4   BANK5   BANK6
      Params:         0       0       0       0       0       0       0       0
      Locals:         0       0       0       0       0       0       0       0
      Temps:         12       0       0       0       0       0       0       0
      Totals:        12       0       0       0       0       0       0       0
Total ram usage:       12 bytes
 Hardware stack levels used:    1
 This function calls:
		Nothing
 This function is called by:
		_interrrupt_bldc
 This function uses a non-reentrant model


 *************** function i1___wmul *****************
 Defined at:
		line 15 in file "C:\Program Files (x86)\Microchip\xc8\v2.00\pic\sources\c90\common\Umul16.c"
 Parameters:    Size  Location     Type
  multiplier      2    0[COMMON] unsigned int 
  multiplicand    2    2[COMMON] unsigned int 
 Auto vars:     Size  Location     Type
  __wmul          2    4[COMMON] unsigned int 
 Return value:  Size  Location     Type
                  2    0[COMMON] unsigned int 
 Registers used:
		wreg, status,2, status,0
 Tracked objects:
		On entry : 
		On exit  : 
		Unchanged: 
 Data sizes:     COMMON   BANK0   BANK1   BANK2   BANK3   BANK4   BANK5   BANK6
      Params:         4       0       0       0       0       0       0       0
      Locals:         2       0       0       0       0       0       0       0
      Temps:          0       0       0       0       0       0       0       0
      Totals:         6       0       0       0       0       0       0       0
Total ram usage:        6 bytes
 Hardware stack levels used:    1
 This function calls:
		Nothing
 This function is called by:
		_interrrupt_bldc
 This function uses a non-reentrant model


 *************** function i1_ADC_Wait *****************
 Defined at:
		line 128 in file "../adc.c"
 Parameters:    Size  Location     Type
		None
 Auto vars:     Size  Location     Type
		None
 Return value:  Size  Location     Type
                  1    wreg      void 
 Registers used:
		None
 Tracked objects:
		On entry : 
		On exit  : 
		Unchanged: 
 Data sizes:     COMMON   BANK0   BANK1   BANK2   BANK3   BANK4   BANK5   BANK6
      Params:         0       0       0       0       0       0       0       0
      Locals:         0       0       0       0       0       0       0       0
      Temps:          0       0       0       0       0       0       0       0
      Totals:         0       0       0       0       0       0       0       0
Total ram usage:        0 bytes
 Hardware stack levels used:    1
 This function calls:
		Nothing
 This function is called by:
		_interrrupt_bldc
 This function uses a non-reentrant model


 *************** function i1_ADC_Read *****************
 Defined at:
		line 175 in file "../adc.c"
 Parameters:    Size  Location     Type
		None
 Auto vars:     Size  Location     Type
  ADC_Read        1    3[COMMON] unsigned char 
 Return value:  Size  Location     Type
                  2    0[COMMON] unsigned int 
 Registers used:
		wreg, status,2, status,0
 Tracked objects:
		On entry : 
		On exit  : 
		Unchanged: 
 Data sizes:     COMMON   BANK0   BANK1   BANK2   BANK3   BANK4   BANK5   BANK6
      Params:         2       0       0       0       0       0       0       0
      Locals:         1       0       0       0       0       0       0       0
      Temps:          1       0       0       0       0       0       0       0
      Totals:         4       0       0       0       0       0       0       0
Total ram usage:        4 bytes
 Hardware stack levels used:    1
 This function calls:
		Nothing
 This function is called by:
		_interrrupt_bldc
 This function uses a non-reentrant model


 *************** function ___lwdiv *****************
 Defined at:
		line 5 in file "C:\Program Files (x86)\Microchip\xc8\v2.00\pic\sources\c90\common\lwdiv.c"
 Parameters:    Size  Location     Type
  divisor         2    0[COMMON] unsigned int 
  dividend        2    2[COMMON] unsigned int 
 Auto vars:     Size  Location     Type
  quotient        2    5[COMMON] unsigned int 
  counter         1    7[COMMON] unsigned char 
 Return value:  Size  Location     Type
                  2    0[COMMON] unsigned int 
 Registers used:
		wreg, status,2, status,0
 Tracked objects:
		On entry : 
		On exit  : 
		Unchanged: 
 Data sizes:     COMMON   BANK0   BANK1   BANK2   BANK3   BANK4   BANK5   BANK6
      Params:         4       0       0       0       0       0       0       0
      Locals:         3       0       0       0       0       0       0       0
      Temps:          1       0       0       0       0       0       0       0
      Totals:         8       0       0       0       0       0       0       0
Total ram usage:        8 bytes
 Hardware stack levels used:    1
 This function calls:
		Nothing
 This function is called by:
		_EOL
		_interrrupt_bldc
 This function uses a non-reentrant model


 *************** function _BLDCWait *****************
 Defined at:
		line 156 in file "../bldc.c"
 Parameters:    Size  Location     Type
		None
 Auto vars:     Size  Location     Type
		None
 Return value:  Size  Location     Type
                  1    wreg      void 
 Registers used:
		None
 Tracked objects:
		On entry : 
		On exit  : 
		Unchanged: 
 Data sizes:     COMMON   BANK0   BANK1   BANK2   BANK3   BANK4   BANK5   BANK6
      Params:         0       0       0       0       0       0       0       0
      Locals:         0       0       0       0       0       0       0       0
      Temps:          0       0       0       0       0       0       0       0
      Totals:         0       0       0       0       0       0       0       0
Total ram usage:        0 bytes
 Hardware stack levels used:    1
 This function calls:
		Nothing
 This function is called by:
		_interrrupt_bldc
 This function uses a non-reentrant model


 *************** function _Task1ms *****************
 Defined at:
		line 53 in file "../interrupt.c"
 Parameters:    Size  Location     Type
		None
 Auto vars:     Size  Location     Type
		None
 Return value:  Size  Location     Type
                  1    wreg      void 
 Registers used:
		wreg, status,2, status,0
 Tracked objects:
		On entry : 
		On exit  : 
		Unchanged: 
 Data sizes:     COMMON   BANK0   BANK1   BANK2   BANK3   BANK4   BANK5   BANK6
      Params:         0       0       0       0       0       0       0       0
      Locals:         0       0       0       0       0       0       0       0
      Temps:          1       0       0       0       0       0       0       0
      Totals:         1       0       0       0       0       0       0       0
Total ram usage:        1 bytes
 Hardware stack levels used:    1
 This function calls:
		Nothing
 This function is called by:
		_interrupt_handler
 This function uses a non-reentrant model


 *************** function _PWM_CTRL *****************
 Defined at:
		line 205 in file "../pwm.c"
 Parameters:    Size  Location     Type
		None
 Auto vars:     Size  Location     Type
		None
 Return value:  Size  Location     Type
                  1    wreg      void 
 Registers used:
		wreg, status,2, status,0
 Tracked objects:
		On entry : 
		On exit  : 
		Unchanged: 
 Data sizes:     COMMON   BANK0   BANK1   BANK2   BANK3   BANK4   BANK5   BANK6
      Params:         0       0       0       0       0       0       0       0
      Locals:         0       0       0       0       0       0       0       0
      Temps:          1       0       0       0       0       0       0       0
      Totals:         1       0       0       0       0       0       0       0
Total ram usage:        1 bytes
 Hardware stack levels used:    1
 This function calls:
		Nothing
 This function is called by:
		_interrupt_handler
 This function uses a non-reentrant model



MODULE INFORMATION

Module		Function		Class		Link	Load	Size
../main.c
		_system_init   		CODE           	13DB	0000	74
		_main          		CODE           	0804	0000	291
		_init_ports    		CODE           	1E57	0000	17
		_I_calibrationInit		CODE           	1736	0000	203

../main.c estimated size: 585

../interrupt.c
		_Task1ms       		CODE           	1DF3	0000	7
		_interrupt_handler		CODE           	0004	0000	35

../interrupt.c estimated size: 42

../timer.c
		_clear_timer   		CODE           	1F44	0000	36
		_timer_init    		CODE           	130E	0000	64
		_Oscill_Source_Block		CODE           	1DF9	0000	7

../timer.c estimated size: 107

C:\Program Files (x86)\Microchip\xc8\v2.00\pic\sources\c90\common\Umul16.c
		___wmul        		CODE           	1EE4	0000	29

C:\Program Files (x86)\Microchip\xc8\v2.00\pic\sources\c90\common\Umul16.c estimated size: 29

../T_Link/BVH2_Appl_Layer.c
		_Cb44_Pic_etat_monitor_node_fcn1		CODE           	1F67	0000	37
		_BVH2_Appl_Layer		CODE           	0078	0000	1920
		_Cb34_PWM_Detection_node_fcn1		CODE           	15E5	0000	166
		_Cb56_UbatHandling_node_fcn2		CODE           	1392	0000	74
		_Cb1_Current_An___High_node_fcn1		CODE           	11A8	0000	43

../T_Link/BVH2_Appl_Layer.c estimated size: 2240

../bldc.c
		_InitMotorRun  		CODE           	1202	0000	52
		_interrrupt_bldc		CODE           	0B48	0000	605
		_InitMotorStop 		CODE           	1E3A	0000	15
		_commutate     		CODE           	0DA4	0000	605
		_init_bldc     		CODE           	1FD6	0000	41
		_BLDCWait      		CODE           	1F00	0000	34

../bldc.c estimated size: 1352

C:\Program Files (x86)\Microchip\xc8\v2.00\pic\sources\c90\common\lwdiv.c
		___lwdiv       		CODE           	1235	0000	53

C:\Program Files (x86)\Microchip\xc8\v2.00\pic\sources\c90\common\lwdiv.c estimated size: 53

../eeprom.c
		_read_eeprom_data		CODE           	1E48	0000	16

../eeprom.c estimated size: 16

C:\Program Files (x86)\Microchip\xc8\v2.00\pic\sources\c90\common\Umul32.c
		___lmul        		CODE           	11D2	0000	49

C:\Program Files (x86)\Microchip\xc8\v2.00\pic\sources\c90\common\Umul32.c estimated size: 49

shared
		_cBEMF_FILTER  		STRCODE        	0000	0000	0
		i1_commutate   		CODE           	0926	0000	547
		i1___wmul      		CODE           	1EC9	0000	28
		i1_ADC_Wait    		CODE           	1E7D	0000	26
		__initialization		CODE           	0028	0000	77
		_Sb2_Fixed_Power		STRCODE        	1878	0000	3
		_PWM_trans_table		STRCODE        	1000	0000	405
		i1_ADC_Read    		CODE           	1EAF	0000	27

shared estimated size: 1113

C:\Program Files (x86)\Microchip\xc8\v2.00\pic\sources\c90\common\ltdiv.c
		___ltdiv       		CODE           	134D	0000	70

C:\Program Files (x86)\Microchip\xc8\v2.00\pic\sources\c90\common\ltdiv.c estimated size: 70

C:\Program Files (x86)\Microchip\xc8\v2.00\pic\sources\c90\common\aldiv.c
		___aldiv       		CODE           	1563	0000	131

C:\Program Files (x86)\Microchip\xc8\v2.00\pic\sources\c90\common\aldiv.c estimated size: 131

../diag.c
		_SetDiagAlarm  		CODE           	129D	0000	56
		_DiagInit      		CODE           	1E2D	0000	14

../diag.c estimated size: 70

../pwm.c
		_PWM_CTRL      		CODE           	1E67	0000	23
		_PWM_Capture_init		CODE           	1424	0000	88
		_PWMReadDC     		CODE           	168A	0000	173
		_PWM_Write_Out 		CODE           	1E12	0000	9
		_interrupt_PWMCapture		CODE           	147B	0000	113

../pwm.c estimated size: 406

C:\Program Files (x86)\Microchip\xc8\v2.00\pic\sources\c90\common\Umul24.c
		___tmul        		CODE           	1FAF	0000	40

C:\Program Files (x86)\Microchip\xc8\v2.00\pic\sources\c90\common\Umul24.c estimated size: 40

../adc.c
		_Get_Analog_Value		CODE           	07F7	0000	10
		_FILTER_Ubat   		CODE           	14EB	0000	121
		_FILTER_Temp   		CODE           	12D4	0000	59
		_FILTER_Init   		CODE           	1F8B	0000	37
		_FILTER_IPhase 		CODE           	1269	0000	53
		_ADC_Wait      		CODE           	1E96	0000	26
		_ADC_Read      		CODE           	1F21	0000	36
		_ADC_Init      		CODE           	1E22	0000	12

../adc.c estimated size: 354

