HI-TECH Software C Compiler 

Linker command line:

--edf=C:\Program Files (x86)\HI-TECH Software\PICC\9.81\dat\en_msgs.txt -cs \
  -h+dist/default/debug\BVH2.X.debug.sym -z -Q16F1936 -ol.obj \
  -Mdist/default/debug/BVH2.X.debug.map -E1 \
  -ACONST=00h-0FFhx31,01F00h-01FFDh,01FFFh-01FFFh \
  -ACODE=00h-07FFhx3,01800h-01FFDh,01FFFh-01FFFh \
  -ASTRCODE=00h-01FFDh,01FFFh-01FFFh \
  -AENTRY=00h-0FFhx31,01F00h-01FFDh,01FFFh-01FFFh \
  -ASTRING=00h-0FFhx31,01F00h-01FFDh,01FFFh-01FFFh -ABANK0=020h-06Fh \
  -ABANK1=0A0h-0EFh -ABANK2=0120h-016Fh -ABANK3=01A0h-01EFh \
  -ABANK4=0220h-026Fh -ABANK5=02A0h-02EFh -ABANK6=0320h-0324h \
  -ABIGRAM=02000h-021EFh \
  -ARAM=020h-06Fh,0A0h-0EFh,0120h-016Fh,01A0h-01EFh,0220h-026Fh,02A0h-02EFh,0320h-0324h \
  -AABS1=020h-07Fh,0A0h-0EFh,0120h-016Fh,01A0h-01EFh,0220h-026Fh,02A0h-02EFh,0320h-032Fh \
  -ACOMMON=070h-07Fh -ASFR0=00h-01Fh -ASFR1=080h-09Fh -ASFR2=0100h-011Fh \
  -ASFR3=0180h-019Fh -ASFR4=0200h-021Fh -ASFR5=0280h-029Fh \
  -ASFR6=0300h-031Fh -ASFR7=0380h-03EFh -ASFR8=0400h-046Fh \
  -ASFR9=0480h-04EFh -ASFR10=0500h-056Fh -ASFR11=0580h-05EFh \
  -ASFR12=0600h-066Fh -ASFR13=0680h-06EFh -ASFR14=0700h-076Fh \
  -ASFR15=0780h-07EFh -ASFR16=0800h-086Fh -ASFR17=0880h-08EFh \
  -ASFR18=0900h-096Fh -ASFR19=0980h-09EFh -ASFR20=0A00h-0A6Fh \
  -ASFR21=0A80h-0AEFh -ASFR22=0B00h-0B6Fh -ASFR23=0B80h-0BEFh \
  -ASFR24=0C00h-0C6Fh -ASFR25=0C80h-0CEFh -ASFR26=0D00h-0D6Fh \
  -ASFR27=0D80h-0DEFh -ASFR28=0E00h-0E6Fh -ASFR29=0E80h-0EEFh \
  -ASFR30=0F00h-0F6Fh -ASFR31=0F80h-0FEFh -pchecksum=01FFEh \
  -preset_vec=00h,intentry=04h,init,end_init -ppowerup=CODE -pfunctab=CODE \
  -ACONFIG=08007h-08008h -pconfig=CONFIG -DCONFIG=2 -AIDLOC=08000h-08003h \
  -pidloc=IDLOC -DIDLOC=2 -AEEDATA=00h-0FFh/0F000h -peeprom_data=EEDATA \
  -DEEDATA=2 -DCODE=2 -DSTRCODE=2 -DSTRING=2 -DCONST=2 -DENTRY=2 -k \
  C:\Users\gtetil\AppData\Local\Temp\s4e4.obj \
  dist/default/debug\BVH2.X.debug.obj 

Object code version is 3.10

Machine type is 16F1936



                Name                               Link     Load   Length Selector   Space Scale
C:\Users\gtetil\AppData\Local\Temp\s4e4.obj
                end_init                             29       29        3        8       0
                reset_vec                             0        0        3        0       0
dist/default/debug\BVH2.X.debug.obj
                intentry                              4        4       25        8       0
                config                             8007     8007        2    1000E       0
                text2089                            7FD      7FD        3      1BC       0
                text2088                           1A7F     1A7F       13     34FE       0
                text2087                           1023     1023       5C     2046       0
                text2081                            806      806      111     100C       0
                swtext4                              BA       BA       14      124       0
                text2079                           1BE5     1BE5      1E3     37CA       0
                swtext3                              A6       A6       14      124       0
                text2078                           1DC8     1DC8      236     3B90       0
                text2073                           1AAA     1AAA       1C     3554       0
                text2072                           1AE4     1AE4       24     35C8       0
                text2068                           1A92     1A92       18     3524       0
                text2062                           1B8F     1B8F       56     371E       0
                text2059                           10EB     10EB       7F     21D6       0
                text2055                           1B2C     1B2C       25     3658       0
                text2052                           107F     107F       6C     20FE       0
                swtext2                              92       92       14      124       0
                text2044                            7C9      7C9       2E      1BC       0
                text2041                           1003     1003       20     2006       0
                text2040                           1B51     1B51       3E     36A2       0
                swtext1                              CE       CE       10      124       0
                text2039                           116A     116A      696     22D4       0
                text2038                           1AC6     1AC6       1E     358C       0
                text2033                           1B08     1B08       24     3610       0
                text2030                            917      917      6E9     122E       0
                cstackBANK0                          20       20       28       20       1
                cstackCOMMON                         70       70        D       70       1
                cstackBANK4                         220      220       20      220       1
                clrtext                             7F7      7F7        6      1BC       0
                bssBANK4                            240      240       1F      220       1
                bssBANK3                            1A0      1A0       4C      1A0       1
                dataBANK2                           167      167        8      120       1
                bssBANK2                            120      120       47      120       1
                dataBANK1                            E8       E8        7       A0       1
                bssBANK1                             A0       A0       48       A0       1
                dataBANK0                            54       54        1       20       1
                bssBANK0                             48       48        B       20       1
                bitbssBANK0                         298       53        1       20       1     8
                cinit                                DE       DE      6EB      1BC       0
                nvBANK1                              EF       EF        1       A0       1
                nvBANK3                             1EC      1EC        4      1A0       1
                strings                              2C       2C       66       58       0

TOTAL           Name                               Link     Load   Length     Space
        CLASS   CONST          
                swtext4                              BA       BA       14         0
                swtext3                              A6       A6       14         0
                swtext2                              92       92       14         0
                swtext1                              CE       CE       10         0

        CLASS   CODE           
                end_init                             29       29        3         0
                intentry                              4        4       25         0
                reset_vec                             0        0        3         0
                text2089                            7FD      7FD        3         0
                text2088                           1A7F     1A7F       13         0
                text2087                           1023     1023       5C         0
                text2081                            806      806      111         0
                text2079                           1BE5     1BE5      1E3         0
                text2078                           1DC8     1DC8      236         0
                text2073                           1AAA     1AAA       1C         0
                text2072                           1AE4     1AE4       24         0
                text2068                           1A92     1A92       18         0
                text2062                           1B8F     1B8F       56         0
                text2059                           10EB     10EB       7F         0
                text2055                           1B2C     1B2C       25         0
                text2052                           107F     107F       6C         0
                text2044                            7C9      7C9       2E         0
                text2041                           1003     1003       20         0
                text2040                           1B51     1B51       3E         0
                text2039                           116A     116A      696         0
                text2038                           1AC6     1AC6       1E         0
                text2033                           1B08     1B08       24         0
                text2030                            917      917      6E9         0
                clrtext                             7F7      7F7        6         0
                cinit                                DE       DE      6EB         0

        CLASS   STRCODE        

        CLASS   ENTRY          

        CLASS   STRING         
                strings                              2C       2C       66         0

        CLASS   BANK0          
                cstackBANK0                          20       20       28         1
                dataBANK0                            54       54        1         1
                bssBANK0                             48       48        B         1
                bitbssBANK0                         298       53        1         1

        CLASS   BANK1          
                dataBANK1                            E8       E8        7         1
                bssBANK1                             A0       A0       48         1
                nvBANK1                              EF       EF        1         1

        CLASS   BANK2          
                dataBANK2                           167      167        8         1
                bssBANK2                            120      120       47         1

        CLASS   BANK3          
                bssBANK3                            1A0      1A0       4C         1
                nvBANK3                             1EC      1EC        4         1

        CLASS   BANK4          
                cstackBANK4                         220      220       20         1
                bssBANK4                            240      240       1F         1

        CLASS   BANK5          

        CLASS   BANK6          

        CLASS   BIGRAM         

        CLASS   RAM            

        CLASS   ABS1           
                abs_s1                               7E       7E        2         1

        CLASS   COMMON         
                cstackCOMMON                         70       70        D         1

        CLASS   SFR0           

        CLASS   SFR1           

        CLASS   SFR2           

        CLASS   SFR3           

        CLASS   SFR4           

        CLASS   SFR5           

        CLASS   SFR6           

        CLASS   SFR7           

        CLASS   SFR8           

        CLASS   SFR9           

        CLASS   SFR10          

        CLASS   SFR11          

        CLASS   SFR12          

        CLASS   SFR13          

        CLASS   SFR14          

        CLASS   SFR15          

        CLASS   SFR16          

        CLASS   SFR17          

        CLASS   SFR18          

        CLASS   SFR19          

        CLASS   SFR20          

        CLASS   SFR21          

        CLASS   SFR22          

        CLASS   SFR23          

        CLASS   SFR24          

        CLASS   SFR25          

        CLASS   SFR26          

        CLASS   SFR27          

        CLASS   SFR28          

        CLASS   SFR29          

        CLASS   SFR30          

        CLASS   SFR31          

        CLASS   CONFIG         
                config                             8007     8007        2         0

        CLASS   IDLOC          

        CLASS   EEDATA         

        CLASS   BANK31         

        CLASS   BANK30         

        CLASS   BANK29         

        CLASS   BANK28         

        CLASS   BANK27         

        CLASS   BANK26         

        CLASS   BANK25         

        CLASS   BANK24         

        CLASS   BANK23         

        CLASS   BANK22         

        CLASS   BANK21         

        CLASS   BANK20         

        CLASS   BANK19         

        CLASS   BANK18         

        CLASS   BANK17         

        CLASS   BANK16         

        CLASS   BANK15         

        CLASS   BANK14         

        CLASS   BANK13         

        CLASS   BANK12         

        CLASS   BANK11         

        CLASS   BANK10         

        CLASS   BANK9          

        CLASS   BANK8          

        CLASS   BANK7          



SEGMENTS        Name                           Load    Length   Top    Selector   Space  Class     Delta

                reset_vec                      000000  000003  000003         0       0  CODE        2
                intentry                       000004  000028  00002C         8       0  CODE        2
                cstackBANK0                    000020  000035  000055        20       1  BANK0       1
                strings                        00002C  000066  000092        58       0  STRING      2
                cstackCOMMON                   000070  00000D  00007D        70       1  COMMON      1
                bssBANK1                       0000A0  000050  0000F0        A0       1  BANK1       1
                bssBANK2                       000120  00004F  00016F       120       1  BANK2       1
                swtext2                        000092  00004C  0000DE       124       0  CONST       2
                bssBANK3                       0001A0  000050  0001F0       1A0       1  BANK3       1
                cinit                          0000DE  000722  000800       1BC       0  CODE        2
                cstackBANK4                    000220  00003F  00025F       220       1  BANK4       1
                text2081                       000806  000111  000917      100C       0  CODE        2
                text2030                       000917  0006E9  001000      122E       0  CODE        2
                text2041                       001003  000020  001023      2006       0  CODE        2
                text2087                       001023  00005C  00107F      2046       0  CODE        2
                text2052                       00107F  00006C  0010EB      20FE       0  CODE        2
                text2059                       0010EB  00007F  00116A      21D6       0  CODE        2
                text2039                       00116A  000696  001800      22D4       0  CODE        2
                text2088                       001A7F  000013  001A92      34FE       0  CODE        2
                text2068                       001A92  000018  001AAA      3524       0  CODE        2
                text2073                       001AAA  00001C  001AC6      3554       0  CODE        2
                text2038                       001AC6  00001E  001AE4      358C       0  CODE        2
                text2072                       001AE4  000024  001B08      35C8       0  CODE        2
                text2033                       001B08  000024  001B2C      3610       0  CODE        2
                text2055                       001B2C  000025  001B51      3658       0  CODE        2
                text2040                       001B51  00003E  001B8F      36A2       0  CODE        2
                text2062                       001B8F  000056  001BE5      371E       0  CODE        2
                text2079                       001BE5  0001E3  001DC8      37CA       0  CODE        2
                text2078                       001DC8  000236  001FFE      3B90       0  CODE        2
                config                         008007  000002  008009     1000E       0  CONFIG      2


UNUSED ADDRESS RANGES

        Name                Unused          Largest block    Delta
        BANK0            00055-0006F              1B           1
        BANK2            0016F-0016F               1           1
        BANK4            0025F-0026F              11           1
        BANK5            002A0-002EF              50           1
        BANK6            00320-00324               5           1
        BIGRAM           02000-021EF             1F0           1
        CODE             00003-00003               1           2
                         00800-00805               6
                         01000-01002               3
                         01800-01A7E             27F
                         01FFF-01FFF               1
        COMMON           0007D-0007D               1           1
        CONST            00003-00003               1           2
                         00800-00805               6
                         01000-01002               3
                         01800-01A7E             100
                         01FFF-01FFF               1
        EEDATA           0F000-0F0FF             100           2
        ENTRY            00003-00003               1           2
                         00800-00805               6
                         01000-01002               3
                         01800-01A7E             100
                         01FFF-01FFF               1
        IDLOC            08000-08003               4           2
        RAM              00055-0006F              1B           1
                         0016F-0016F               1
                         0025F-0026F              11
                         002A0-002EF              50
                         00320-00324               5
        SFR0             00000-0001F              20           1
        SFR1             00080-0009F              20           1
        SFR10            00500-0056F              70           1
        SFR11            00580-005EF              70           1
        SFR12            00600-0066F              70           1
        SFR13            00680-006EF              70           1
        SFR14            00700-0076F              70           1
        SFR15            00780-007EF              70           1
        SFR16            00800-0086F              70           1
        SFR17            00880-008EF              70           1
        SFR18            00900-0096F              70           1
        SFR19            00980-009EF              70           1
        SFR2             00100-0011F              20           1
        SFR20            00A00-00A6F              70           1
        SFR21            00A80-00AEF              70           1
        SFR22            00B00-00B6F              70           1
        SFR23            00B80-00BEF              70           1
        SFR24            00C00-00C6F              70           1
        SFR25            00C80-00CEF              70           1
        SFR26            00D00-00D6F              70           1
        SFR27            00D80-00DEF              70           1
        SFR28            00E00-00E6F              70           1
        SFR29            00E80-00EEF              70           1
        SFR3             00180-0019F              20           1
        SFR30            00F00-00F6F              70           1
        SFR31            00F80-00FEF              70           1
        SFR4             00200-0021F              20           1
        SFR5             00280-0029F              20           1
        SFR6             00300-0031F              20           1
        SFR7             00380-003EF              70           1
        SFR8             00400-0046F              70           1
        SFR9             00480-004EF              70           1
        STRCODE          00003-00003               1           2
                         00800-00805               6
                         01000-01002               3
                         01800-01A7E             27F
                         01FFF-01FFF               1
        STRING           00003-00003               1           2
                         00800-00805               6
                         01000-01002               3
                         01800-01A7E             100
                         01FFF-01FFF               1

                                  Symbol Table

??_ADC_Init                                  cstackBANK0  0002C
??_ADC_Read                                  cstackBANK0  0002E
??_ADC_Wait                                  cstackBANK0  0002C
??_BLDCWait                                  cstackCOMMON 00070
??_BVH2_Appl_Layer                           cstackBANK0  0003A
??_Cb1_Current_An___High_node_fcn1           cstackBANK0  0002C
??_Cb34_PWM_Detection_node_fcn1              cstackBANK0  0002C
??_Cb44_Pic_etat_monitor_node_fcn1           cstackBANK0  0002C
??_Cb56_UbatHandling_node_fcn2               cstackBANK0  0002C
??_DiagInit                                  cstackBANK0  0002D
??_ELINMIntHandler                           cstackCOMMON 00071
??_EOL                                       cstackBANK0  00041
??_EnableMCP201                              cstackBANK0  0002C
??_FILTER_IPhase                             cstackBANK0  0002C
??_FILTER_Init                               cstackBANK0  0002F
??_FILTER_Temp                               cstackBANK0  0002C
??_FILTER_Ubat                               cstackBANK0  0002C
??_Get_Analog_Value                          cstackBANK0  00038
??_I_calibrationInit                         cstackBANK0  0002F
??_InitMotorRun                              cstackBANK0  0003E
??_InitMotorStop                             cstackBANK0  0002C
??_NegativeAnswer                            cstackBANK0  00040
??_Oscill_Source_Block                       cstackBANK0  0002C
??_PWMReadDC                                 cstackBANK0  0003F
??_PWM_CTRL                                  cstackCOMMON 00070
??_PWM_Capture_init                          cstackBANK0  0002C
??_PWM_Write_Out                             cstackBANK0  0002C
??_Receive_Diag                              cstackBANK0  0003A
??_SetDiagAlarm                              cstackBANK0  0002D
??_Task1ms                                   cstackCOMMON 00070
??_Transmit_LIN_8Bytes                       cstackBANK0  0003F
??__ELINMIntCalcIDParity                     cstackBANK0  0002C
??__ELINMIntGetPointer                       cstackBANK0  0002D
??__ELINMIntInitialize                       cstackBANK0  0002C
??__ELINMIntReceiveMessage                   cstackBANK0  00039
??__ELINMIntResetProtocol                    cstackCOMMON 00070
??__ELINMIntSendMessage                      cstackBANK0  00032
??___aldiv                                   cstackBANK0  00034
??___awdiv                                   cstackBANK0  00036
??___lmul                                    cstackBANK0  00034
??___ltdiv                                   cstackBANK0  0003B
??___lwdiv                                   cstackBANK0  00030
??___tmul                                    cstackBANK0  00032
??___wmul                                    cstackBANK0  00030
??_cksum                                     cstackBANK0  0002E
??_clear_timer                               cstackBANK0  0002C
??_commutate                                 cstackBANK0  00032
??_init_bldc                                 cstackBANK0  0003E
??_init_ports                                cstackBANK0  0002E
??_interrrupt_bldc                           cstackCOMMON 00077
??_interrupt_PWMCapture                      cstackCOMMON 00070
??_interrupt_handler                         cstackCOMMON 0007D
??_main                                      cstackBANK0  00044
??_read_eeprom_data                          cstackBANK0  0002C
??_system_init                               cstackBANK0  0003E
??_timer_init                                cstackBANK0  0002D
??_write_eeprom_data                         cstackBANK0  00034
??i1_ADC_Read                                cstackCOMMON 00072
??i1_ADC_Wait                                cstackCOMMON 00070
??i1___lwdiv                                 cstackCOMMON 00074
??i1___wmul                                  cstackCOMMON 00074
??i1_commutate                               cstackBANK0  00020
?_ADC_Init                                   cstackCOMMON 00070
?_ADC_Read                                   cstackBANK0  0002C
?_ADC_Wait                                   cstackCOMMON 00070
?_BLDCWait                                   cstackCOMMON 00070
?_BVH2_Appl_Layer                            cstackCOMMON 00070
?_Cb1_Current_An___High_node_fcn1            cstackCOMMON 00070
?_Cb34_PWM_Detection_node_fcn1               cstackCOMMON 00070
?_Cb44_Pic_etat_monitor_node_fcn1            cstackCOMMON 00070
?_Cb56_UbatHandling_node_fcn2                cstackCOMMON 00070
?_DiagInit                                   cstackCOMMON 00070
?_ELINMIntHandler                            cstackCOMMON 00070
?_EOL                                        cstackCOMMON 00070
?_EnableMCP201                               cstackCOMMON 00070
?_FILTER_IPhase                              cstackCOMMON 00070
?_FILTER_Init                                cstackCOMMON 00070
?_FILTER_Temp                                cstackCOMMON 00070
?_FILTER_Ubat                                cstackCOMMON 00070
?_Get_Analog_Value                           cstackCOMMON 00070
?_I_calibrationInit                          cstackCOMMON 00070
?_InitMotorRun                               cstackCOMMON 00070
?_InitMotorStop                              cstackCOMMON 00070
?_NegativeAnswer                             cstackCOMMON 00070
?_Oscill_Source_Block                        cstackCOMMON 00070
?_PWMReadDC                                  cstackCOMMON 00070
?_PWM_CTRL                                   cstackCOMMON 00070
?_PWM_Capture_init                           cstackCOMMON 00070
?_PWM_Write_Out                              cstackCOMMON 00070
?_Receive_Diag                               cstackCOMMON 00070
?_SetDiagAlarm                               cstackCOMMON 00070
?_Task1ms                                    cstackCOMMON 00070
?_Transmit_LIN_8Bytes                        cstackBANK0  00037
?__ELINMIntCalcIDParity                      cstackCOMMON 00070
?__ELINMIntGetPointer                        cstackBANK0  0002C
?__ELINMIntInitialize                        cstackCOMMON 00070
?__ELINMIntReceiveMessage                    cstackBANK0  00037
?__ELINMIntResetProtocol                     cstackCOMMON 00070
?__ELINMIntSendMessage                       cstackBANK0  0002D
?___aldiv                                    cstackBANK0  0002C
?___awdiv                                    cstackBANK0  00032
?___lmul                                     cstackBANK0  0002C
?___ltdiv                                    cstackBANK0  00035
?___lwdiv                                    cstackBANK0  0002C
?___tmul                                     cstackBANK0  0002C
?___wmul                                     cstackBANK0  0002C
?_cksum                                      cstackBANK0  0002C
?_clear_timer                                cstackCOMMON 00070
?_commutate                                  cstackCOMMON 00070
?_init_bldc                                  cstackCOMMON 00070
?_init_ports                                 cstackCOMMON 00070
?_interrrupt_bldc                            cstackCOMMON 00070
?_interrupt_PWMCapture                       cstackCOMMON 00070
?_interrupt_handler                          cstackCOMMON 00070
?_main                                       cstackCOMMON 00070
?_read_eeprom_data                           cstackCOMMON 00070
?_system_init                                cstackCOMMON 00070
?_timer_init                                 cstackCOMMON 00070
?_write_eeprom_data                          cstackBANK0  00033
?i1_ADC_Read                                 cstackCOMMON 00070
?i1_ADC_Wait                                 cstackCOMMON 00070
?i1___lwdiv                                  cstackCOMMON 00070
?i1___wmul                                   cstackCOMMON 00070
?i1_commutate                                cstackCOMMON 00070
ADC_Read@i                                   cstackBANK0  0002E
BVH2_Appl_Layer@Cb14_StateCnt                bssBANK3     001BE
BVH2_Appl_Layer@Cb14_oDryRunAlarm            bssBANK1     000C2
BVH2_Appl_Layer@Cb19_Counter                 bssBANK3     001C0
BVH2_Appl_Layer@Cb19_oDryRun55               bssBANK2     00135
BVH2_Appl_Layer@Cb19_oDryRun66               bssBANK2     00136
BVH2_Appl_Layer@Cb24_BadCnt                  bssBANK3     001C2
BVH2_Appl_Layer@Cb24_Reset                   cstackBANK4  00233
BVH2_Appl_Layer@Cb24_RestartCounter          bssBANK2     00137
BVH2_Appl_Layer@Cb24_StateCnt                bssBANK1     000A0
BVH2_Appl_Layer@Cb24_oMotorStalled           bssBANK2     00138
BVH2_Appl_Layer@Cb24_oStalledAlarm           bssBANK2     00139
BVH2_Appl_Layer@Cb51_Counter                 bssBANK2     0013A
BVH2_Appl_Layer@Cb51_oTempAlarm              bssBANK2     0013B
BVH2_Appl_Layer@Cb51_oTempRedAlarm           bssBANK2     0013C
BVH2_Appl_Layer@Cb51_odPumpOff               bssBANK2     0013D
BVH2_Appl_Layer@Cb9_StateCnt                 bssBANK1     000C3
BVH2_Appl_Layer@Cb9_oCurrentAlarm            bssBANK2     0013E
BVH2_Appl_Layer@SIBFS_Current_Analysis_low_b bssBANK1     000C4
BVH2_Appl_Layer@SIBFS_Dry_RunningAlarm_b     bssBANK1     000C5
BVH2_Appl_Layer@SIBFS_Dry_Running_b          bssBANK1     000C6
BVH2_Appl_Layer@SIBFS_Motor_Stalled_b        bssBANK1     000A2
BVH2_Appl_Layer@SIBFS_Temperature_Alarm_b    bssBANK1     000C7
BVH2_Appl_Layer@Sb1_BVH2_Appl_Layer_FirstRun dataBANK2    0016B
BVH2_Appl_Layer@Sb1_Logical_Operator1        cstackBANK4  0023B
BVH2_Appl_Layer@Sb1_Logical_Operator2        cstackBANK4  00228
BVH2_Appl_Layer@Sb1_Logical_Operator3        cstackBANK4  00234
BVH2_Appl_Layer@Sb1_Logical_Operator5        cstackBANK4  00235
BVH2_Appl_Layer@Sb2_Error                    cstackBANK4  00237
BVH2_Appl_Layer@Sb2_Logical_Operator2        cstackBANK4  00236
BVH2_Appl_Layer@Sb2_Switch2                  cstackBANK4  00239
BVH2_Appl_Layer@Sb2_Switch5                  cstackBANK4  00231
BVH2_Appl_Layer@Sb3_Sum1                     cstackBANK4  0023C
BVH2_Appl_Layer@Sb4_PI_sum                   cstackBANK4  0023E
BVH2_Appl_Layer@X_Sb4_Intergrator            dataBANK2    00167
BVH2_Appl_Layer@X_Sb4_Intergrator_TriggerIn  dataBANK2    0016C
EOL@_dcnt                                    cstackBANK4  00220
EOL@_dcnt_7359                               cstackBANK4  00221
EOL@_dcnt_7360                               cstackBANK4  00222
EOL@_dcnt_7361                               cstackBANK4  00223
EOL@_dcnt_7362                               cstackBANK4  00224
EOL@_dcnt_7363                               cstackBANK4  00225
EOL@_dcnt_7364                               cstackBANK4  00226
EOL@_dcnt_7365                               cstackBANK4  00227
EOL@_dcnt_7366                               cstackBANK4  00228
EOL@_dcnt_7367                               cstackBANK4  00229
EOL@_dcnt_7368                               cstackBANK4  0022A
EOL@_dcnt_7369                               cstackBANK4  0022B
EOL@_dcnt_7370                               cstackBANK4  0022C
EOL@_dcnt_7371                               cstackBANK4  0022D
EOL@_dcnt_7372                               cstackBANK4  0022E
EOL@_dcnt_7373                               cstackBANK4  0022F
EOL@_dcnt_7374                               cstackBANK4  00230
EOL@_dcnt_7375                               cstackBANK4  00231
EOL@ui8_b_DResB0_RD                          cstackBANK4  00234
EOL@ui8_b_DResB1_RD                          cstackBANK4  00235
EOL@ui8_b_DResB2_RD                          cstackBANK4  00236
EOL@ui8_b_DResB3_RD                          cstackBANK4  00237
EOL@ui8_b_DResB4_RD                          cstackBANK4  00233
EOL@ui8_b_DResB5_RD                          cstackBANK4  00232
EnableMCP201@_dcnt                           cstackBANK0  0002C
EnableMCP201@_dcnt_13735                     cstackBANK0  0002D
EnableMCP201@_dcnt_13736                     cstackBANK0  0002E
NegativeAnswer@LID                           cstackBANK0  00040
PWM_Capture_init@ui8_CCP_Nb                  cstackBANK0  0002C
PWM_Write_Out@ui8_DutyCycle_Out              cstackBANK0  0002C
Receive_Diag@id                              cstackBANK0  0003B
Transmit_LIN_8Bytes@B0                       cstackBANK0  00037
Transmit_LIN_8Bytes@B1                       cstackBANK0  00038
Transmit_LIN_8Bytes@B2                       cstackBANK0  00039
Transmit_LIN_8Bytes@B3                       cstackBANK0  0003A
Transmit_LIN_8Bytes@B4                       cstackBANK0  0003B
Transmit_LIN_8Bytes@B5                       cstackBANK0  0003C
Transmit_LIN_8Bytes@B6                       cstackBANK0  0003D
Transmit_LIN_8Bytes@B7                       cstackBANK0  0003E
Transmit_LIN_8Bytes@ID                       cstackBANK0  0003F
_ADCON0                                      (abs)        0009D
_ADCON1                                      (abs)        0009E
_ADC_Init                                    cinit        00765
_ADC_Read                                    cinit        00346
_ADC_Wait                                    cinit        0032D
_ADON                                        (abs)        004E8
_ADRESH                                      (abs)        0009C
_ADRESL                                      (abs)        0009B
_ANSELA                                      (abs)        0018C
_ANSELB                                      (abs)        0018D
_B                                           bssBANK3     001A0
_BAUDCON                                     (abs)        0019F
_BLDCWait                                    text2078     01FD3
_BVH2_Appl_Layer                             text2039     0116A
_BVH2_Appl_Layer$18236                       cstackBANK4  00229
_BVH2_Appl_Layer$18237                       cstackBANK4  0022A
_BVH2_Appl_Layer$18238                       cstackBANK4  0022B
_BVH2_Appl_Layer$18239                       cstackBANK4  0022C
_BVH2_Appl_Layer$18240                       cstackBANK4  0022D
_BVH2_Appl_Layer$18241                       cstackBANK4  0022E
_BVH2_Appl_Layer$18244                       cstackBANK4  00224
_BVH2_Appl_Layer$18246                       cstackBANK4  00226
_BVH2_Appl_Layer$18247                       cstackBANK4  00220
_Bcnt                                        bssBANK1     000C8
_C1IE                                        (abs)        00495
_C1OUT                                       (abs)        0088E
_CCP1AS                                      (abs)        00295
_CCP1ASE                                     (abs)        014AF
_CCP1CON                                     (abs)        00293
_CCP1IE                                      (abs)        0048A
_CCP1IF                                      (abs)        0008A
_CCP2CON                                     (abs)        0029A
_CCP2IE                                      (abs)        00490
_CCP2IF                                      (abs)        00090
_CCP3CON                                     (abs)        00313
_CCP3IE                                      (abs)        0049C
_CCP3IF                                      (abs)        0009C
_CCP4CON                                     (abs)        0031A
_CCP4IE                                      (abs)        0049D
_CCP4IF                                      (abs)        0009D
_CCP5CON                                     (abs)        0031E
_CCP5IE                                      (abs)        0049E
_CCP5IF                                      (abs)        0009E
_CCPR1H                                      (abs)        00292
_CCPR1L                                      (abs)        00291
_CCPR2H                                      (abs)        00299
_CCPR2L                                      (abs)        00298
_CCPR3H                                      (abs)        00312
_CCPR3L                                      (abs)        00311
_CCPR4H                                      (abs)        00319
_CCPR4L                                      (abs)        00318
_CCPR5H                                      (abs)        0031D
_CCPR5L                                      (abs)        0031C
_CFGS                                        (abs)        00CAE
_CM1CON0                                     (abs)        00111
_CM1CON1                                     (abs)        00112
_Cb1_Current_An___High_node_fcn1             text2039     0171F
_Cb1_RestartCounter                          bssBANK2     0013F
_Cb1_StateCnt                                bssBANK1     000A4
_Cb1_oCurrentAlarm                           bssBANK2     00140
_Cb1_oShutoff                                bssBANK2     00141
_Cb34_PWM_Detection_node_fcn1                text2059     010EB
_Cb34_idPWM                                  bssBANK0     0004A
_Cb34_oPWM_Alarm                             bssBANK2     00142
_Cb34_oPWM_SC_Alarm                          bssBANK2     00143
_Cb34_odFixedLowValueSel                     bssBANK2     00144
_Cb34_odFixedValueSel                        bssBANK2     00145
_Cb34_odPumpOff                              bssBANK2     00146
_Cb44_Pic_etat_monitor_node_fcn1             text2039     0170A
_Cb44_StateCnt                               bssBANK1     000A6
_Cb44_oShutoff                               bssBANK2     00147
_Cb56_UbatHandling_node_fcn2                 text2039     01760
_Cb56_oUbat_Alarm_High                       bssBANK2     00148
_Cb56_odFixedValueSel                        bssBANK1     000C9
_Cb56_odPumpOff                              bssBANK2     00149
_DiagInit                                    cinit        00774
_EEADRH                                      (abs)        00192
_EEADRL                                      (abs)        00191
_EECON1                                      (abs)        00195
_EECON2                                      (abs)        00196
_EEDATA                                      (abs)        00193
_EEDATH                                      (abs)        00194
_EEDATL                                      (abs)        00193
_EEPGD                                       (abs)        00CAF
_ELINMIntHandler                             text2081     00806
_EOL                                         text2030     00917
_EnableMCP201                                cinit        007AE
_ErrorCode                                   bssBANK1     000CA
_FILTER_IPhase                               text2073     01AAA
_FILTER_Init                                 text2038     01AC6
_FILTER_Temp                                 text2072     01AE4
_FILTER_Ubat                                 cinit        003A7
_FVRCON                                      (abs)        00117
_GIE                                         (abs)        0005F
_GO_nDONE                                    (abs)        004E9
_Get_Analog_Value                            cinit        003A2
_INTCON                                      (abs)        0000B
_I_calibrationInit                           cinit        0029A
_InitMotorRun                                cinit        0040F
_InitMotorStop                               cinit        0035E
_LATA                                        (abs)        0010C
_LATB                                        (abs)        0010D
_LATB1                                       (abs)        00869
_LATB2                                       (abs)        0086A
_LATC                                        (abs)        0010E
_LATC0                                       (abs)        00870
_LATC1                                       (abs)        00871
_LATC2                                       (abs)        00872
_LATC3                                       (abs)        00873
_LATC4                                       (abs)        00874
_MotorFlags                                  bssBANK0     0004B
_NegativeAnswer                              text2030     00F20
_OPTION_REG                                  (abs)        00095
_OSCCON                                      (abs)        00099
_Oscill_Source_Block                         cinit        0076E
_PEIE                                        (abs)        0005E
_PIE1                                        (abs)        00091
_PIE2                                        (abs)        00092
_PIE3                                        (abs)        00093
_PR2                                         (abs)        0001B
_PSTR1CON                                    (abs)        00296
_PWM1CON                                     (abs)        00294
_PWMReadDC                                   cinit        00634
_PWM_CTRL                                    text2088     01A7F
_PWM_Capture_init                            text2062     01B8F
_PWM_Write_Out                               cinit        0062F
_PWM_trans_table                             strings      0002D
_RC5                                         (abs)        00075
_RCIF                                        (abs)        0008D
_RCREG                                       (abs)        00199
_RCSTA                                       (abs)        0019D
_RD                                          (abs)        00CA8
_Receive_Diag                                cinit        006C1
_SENDB                                       (abs)        00CF3
_SIBFS_Current_Analysis_High_b               bssBANK1     000CB
_SIBFS_PWM_Detection_b                       bssBANK1     000CC
_SIBFS_Pic_etat_monitor_b                    bssBANK1     000CD
_SIBFS_UbatHandling_b                        bssBANK1     000CE
_SPBRG                                       (abs)        0019B
_SPBRGH                                      (abs)        0019C
_SetDiagAlarm                                cinit        0060D
_T1CON                                       (abs)        00018
_T2CON                                       (abs)        0001C
_T4CON                                       (abs)        00417
_T6CON                                       (abs)        0041E
_TMR0                                        (abs)        00015
_TMR0IE                                      (abs)        0005D
_TMR1H                                       (abs)        00017
_TMR1IE                                      (abs)        00488
_TMR1IF                                      (abs)        00088
_TMR1L                                       (abs)        00016
_TMR2                                        (abs)        0001A
_TMR2IE                                      (abs)        00489
_TMR2IF                                      (abs)        00089
_TMR4                                        (abs)        00415
_TMR4IE                                      (abs)        00499
_TMR4IF                                      (abs)        00099
_TMR6                                        (abs)        0041C
_TMR6IE                                      (abs)        0049B
_TMR6IF                                      (abs)        0009B
_TRISA                                       (abs)        0008C
_TRISB                                       (abs)        0008D
_TRISC                                       (abs)        0008E
_TXREG                                       (abs)        0019A
_TXSTA                                       (abs)        0019E
_Task1ms                                     text2089     007FD
_Transmit_LIN_8Bytes                         text2030     00F30
_WDTCON                                      (abs)        00097
_WR                                          (abs)        00CA9
_WREN                                        (abs)        00CAA
__ELINMIntCalcIDParity                       text2030     00FDA
__ELINMIntCalcIDParity@ELINM_idtr            cstackBANK0  0002C
__ELINMIntGetPointer                         cinit        00710
__ELINMIntGetPointer@_ELINMInt_position      cstackBANK0  0002C
__ELINMIntGetPointer@_ELINMInt_tag           cstackBANK0  0002D
__ELINMIntInitialize                         text2081     008F8
__ELINMIntMessageBuffer                      bssBANK4     00254
__ELINMIntMessageBufferPointer               bssBANK1     000CF
__ELINMIntMessageSize                        bssBANK1     000D0
__ELINMIntRXCRC                              bssBANK3     001C4
__ELINMIntRXMessageSize                      bssBANK2     0014A
__ELINMIntReadBack                           bssBANK1     000D1
__ELINMIntReceiveMessage                     cinit        00713
__ELINMIntReceiveMessage@_ELINM_id           cstackBANK0  00037
__ELINMIntReceiveMessage@_ELINM_size         cstackBANK0  00038
__ELINMIntReceiveMessage@_ELINM_tag          cstackBANK0  00039
__ELINMIntResetProtocol                      text2081     008E3
__ELINMIntResetProtocol@code                 cstackCOMMON 00070
__ELINMIntSendMessage                        text2030     00F73
__ELINMIntSendMessage@_ELINM_chk             cstackBANK0  00034
__ELINMIntSendMessage@_ELINM_fmax            cstackBANK0  00030
__ELINMIntSendMessage@_ELINM_fmin            cstackBANK0  0002E
__ELINMIntSendMessage@_ELINM_i               cstackBANK0  00036
__ELINMIntSendMessage@_ELINM_idr             cstackBANK0  00032
__ELINMIntSendMessage@_ELINM_size            cstackBANK0  0002D
__ELINMIntSendMessage@_ELINM_tid             cstackBANK0  00033
__ELINMIntSleepTimeout                       bssBANK4     00250
__ELINMIntSpace                              bssBANK2     0014B
__ELINMIntStatus                             bssBANK0     0004C
__ELINMIntStatus1                            bssBANK1     000D2
__ELINMIntTFrameMax                          bssBANK3     001C6
__ELINMIntTFrameMin                          bssBANK2     00123
__ELINMIntTHeaderMax                         bssBANK3     001C8
__ELINMIntTHeaderMin                         bssBANK2     00125
__Habs1                                      abs1         00000
__Hbank0                                     bank0        00000
__Hbank1                                     bank1        00000
__Hbank10                                    bank10       00000
__Hbank11                                    bank11       00000
__Hbank12                                    bank12       00000
__Hbank13                                    bank13       00000
__Hbank14                                    bank14       00000
__Hbank15                                    bank15       00000
__Hbank16                                    bank16       00000
__Hbank17                                    bank17       00000
__Hbank18                                    bank18       00000
__Hbank19                                    bank19       00000
__Hbank2                                     bank2        00000
__Hbank20                                    bank20       00000
__Hbank21                                    bank21       00000
__Hbank22                                    bank22       00000
__Hbank23                                    bank23       00000
__Hbank24                                    bank24       00000
__Hbank25                                    bank25       00000
__Hbank26                                    bank26       00000
__Hbank27                                    bank27       00000
__Hbank28                                    bank28       00000
__Hbank29                                    bank29       00000
__Hbank3                                     bank3        00000
__Hbank30                                    bank30       00000
__Hbank31                                    bank31       00000
__Hbank4                                     bank4        00000
__Hbank5                                     bank5        00000
__Hbank6                                     bank6        00000
__Hbank7                                     bank7        00000
__Hbank8                                     bank8        00000
__Hbank9                                     bank9        00000
__Hbigram                                    bigram       00000
__HbitbssBANK0                               bitbssBANK0  00000
__HbssBANK0                                  bssBANK0     00000
__HbssBANK1                                  bssBANK1     00000
__HbssBANK2                                  bssBANK2     00000
__HbssBANK3                                  bssBANK3     00000
__HbssBANK4                                  bssBANK4     00000
__Hchecksum                                  checksum     01FFE
__Hcinit                                     cinit        00000
__Hclrtext                                   clrtext      00000
__Hcode                                      code         00000
__Hcommon                                    common       00000
__Hconfig                                    config       08009
__HcstackBANK0                               cstackBANK0  00000
__HcstackBANK4                               cstackBANK4  00000
__HcstackCOMMON                              cstackCOMMON 00000
__HdataBANK0                                 dataBANK0    00000
__HdataBANK1                                 dataBANK1    00000
__HdataBANK2                                 dataBANK2    00000
__Heeprom_data                               eeprom_data  00000
__Hend_init                                  end_init     0002C
__Hfunctab                                   functab      00000
__HidataBANK0                                idataBANK0   00000
__HidataBANK1                                idataBANK1   00000
__HidataBANK2                                idataBANK2   00000
__Hidloc                                     idloc        00000
__Hinit                                      init         00029
__Hintentry                                  intentry     00029
__Hmaintext                                  maintext     00000
__HnvBANK1                                   nvBANK1      00000
__HnvBANK3                                   nvBANK3      00000
__Hpa_nodes                                  pa_nodes     00000
__Hpowerup                                   powerup      00000
__Hram                                       ram          00000
__Hreset_vec                                 reset_vec    00003
__Hsfr0                                      sfr0         00000
__Hsfr1                                      sfr1         00000
__Hsfr10                                     sfr10        00000
__Hsfr11                                     sfr11        00000
__Hsfr12                                     sfr12        00000
__Hsfr13                                     sfr13        00000
__Hsfr14                                     sfr14        00000
__Hsfr15                                     sfr15        00000
__Hsfr16                                     sfr16        00000
__Hsfr17                                     sfr17        00000
__Hsfr18                                     sfr18        00000
__Hsfr19                                     sfr19        00000
__Hsfr2                                      sfr2         00000
__Hsfr20                                     sfr20        00000
__Hsfr21                                     sfr21        00000
__Hsfr22                                     sfr22        00000
__Hsfr23                                     sfr23        00000
__Hsfr24                                     sfr24        00000
__Hsfr25                                     sfr25        00000
__Hsfr26                                     sfr26        00000
__Hsfr27                                     sfr27        00000
__Hsfr28                                     sfr28        00000
__Hsfr29                                     sfr29        00000
__Hsfr3                                      sfr3         00000
__Hsfr30                                     sfr30        00000
__Hsfr31                                     sfr31        00000
__Hsfr4                                      sfr4         00000
__Hsfr5                                      sfr5         00000
__Hsfr6                                      sfr6         00000
__Hsfr7                                      sfr7         00000
__Hsfr8                                      sfr8         00000
__Hsfr9                                      sfr9         00000
__Hstrings                                   strings      00000
__Htext                                      text         00000
__Labs1                                      abs1         00000
__Lbank0                                     bank0        00000
__Lbank1                                     bank1        00000
__Lbank10                                    bank10       00000
__Lbank11                                    bank11       00000
__Lbank12                                    bank12       00000
__Lbank13                                    bank13       00000
__Lbank14                                    bank14       00000
__Lbank15                                    bank15       00000
__Lbank16                                    bank16       00000
__Lbank17                                    bank17       00000
__Lbank18                                    bank18       00000
__Lbank19                                    bank19       00000
__Lbank2                                     bank2        00000
__Lbank20                                    bank20       00000
__Lbank21                                    bank21       00000
__Lbank22                                    bank22       00000
__Lbank23                                    bank23       00000
__Lbank24                                    bank24       00000
__Lbank25                                    bank25       00000
__Lbank26                                    bank26       00000
__Lbank27                                    bank27       00000
__Lbank28                                    bank28       00000
__Lbank29                                    bank29       00000
__Lbank3                                     bank3        00000
__Lbank30                                    bank30       00000
__Lbank31                                    bank31       00000
__Lbank4                                     bank4        00000
__Lbank5                                     bank5        00000
__Lbank6                                     bank6        00000
__Lbank7                                     bank7        00000
__Lbank8                                     bank8        00000
__Lbank9                                     bank9        00000
__Lbigram                                    bigram       00000
__LbitbssBANK0                               bitbssBANK0  00000
__LbssBANK0                                  bssBANK0     00000
__LbssBANK1                                  bssBANK1     00000
__LbssBANK2                                  bssBANK2     00000
__LbssBANK3                                  bssBANK3     00000
__LbssBANK4                                  bssBANK4     00000
__Lchecksum                                  checksum     01FFE
__Lcinit                                     cinit        00000
__Lclrtext                                   clrtext      00000
__Lcode                                      code         00000
__Lcommon                                    common       00000
__Lconfig                                    config       08007
__LcstackBANK0                               cstackBANK0  00000
__LcstackBANK4                               cstackBANK4  00000
__LcstackCOMMON                              cstackCOMMON 00000
__LdataBANK0                                 dataBANK0    00000
__LdataBANK1                                 dataBANK1    00000
__LdataBANK2                                 dataBANK2    00000
__Leeprom_data                               eeprom_data  00000
__Lend_init                                  end_init     00029
__Lfunctab                                   functab      00000
__LidataBANK0                                idataBANK0   00000
__LidataBANK1                                idataBANK1   00000
__LidataBANK2                                idataBANK2   00000
__Lidloc                                     idloc        00000
__Linit                                      init         00029
__Lintentry                                  intentry     00004
__Lmaintext                                  maintext     00000
__LnvBANK1                                   nvBANK1      00000
__LnvBANK3                                   nvBANK3      00000
__Lpa_nodes                                  pa_nodes     00000
__Lpowerup                                   powerup      00000
__Lram                                       ram          00000
__Lreset_vec                                 reset_vec    00000
__Lsfr0                                      sfr0         00000
__Lsfr1                                      sfr1         00000
__Lsfr10                                     sfr10        00000
__Lsfr11                                     sfr11        00000
__Lsfr12                                     sfr12        00000
__Lsfr13                                     sfr13        00000
__Lsfr14                                     sfr14        00000
__Lsfr15                                     sfr15        00000
__Lsfr16                                     sfr16        00000
__Lsfr17                                     sfr17        00000
__Lsfr18                                     sfr18        00000
__Lsfr19                                     sfr19        00000
__Lsfr2                                      sfr2         00000
__Lsfr20                                     sfr20        00000
__Lsfr21                                     sfr21        00000
__Lsfr22                                     sfr22        00000
__Lsfr23                                     sfr23        00000
__Lsfr24                                     sfr24        00000
__Lsfr25                                     sfr25        00000
__Lsfr26                                     sfr26        00000
__Lsfr27                                     sfr27        00000
__Lsfr28                                     sfr28        00000
__Lsfr29                                     sfr29        00000
__Lsfr3                                      sfr3         00000
__Lsfr30                                     sfr30        00000
__Lsfr31                                     sfr31        00000
__Lsfr4                                      sfr4         00000
__Lsfr5                                      sfr5         00000
__Lsfr6                                      sfr6         00000
__Lsfr7                                      sfr7         00000
__Lsfr8                                      sfr8         00000
__Lsfr9                                      sfr9         00000
__Lstrings                                   strings      00000
__Ltext                                      text         00000
__S0                                         (abs)        08009
__S1                                         (abs)        0025F
__S2                                         (abs)        00000
___aldiv                                     text2052     0107F
___aldiv@counter                             cstackBANK0  00034
___aldiv@dividend                            cstackBANK0  00030
___aldiv@divisor                             cstackBANK0  0002C
___aldiv@quotient                            cstackBANK0  00036
___aldiv@sign                                cstackBANK0  00035
___awdiv                                     cinit        0025A
___awdiv@counter                             cstackBANK0  00036
___awdiv@dividend                            cstackBANK0  00034
___awdiv@divisor                             cstackBANK0  00032
___awdiv@quotient                            cstackBANK0  00038
___awdiv@sign                                cstackBANK0  00037
___lmul                                      text2039     0173B
___lmul@multiplicand                         cstackBANK0  00030
___lmul@multiplier                           cstackBANK0  0002C
___lmul@product                              cstackBANK0  00034
___ltdiv                                     cinit        00672
___ltdiv@counter                             cstackBANK0  0003E
___ltdiv@dividend                            cstackBANK0  00038
___ltdiv@divisor                             cstackBANK0  00035
___ltdiv@quotient                            cstackBANK0  0003B
___lwdiv                                     text2055     01B2C
___lwdiv@counter                             cstackBANK0  00030
___lwdiv@dividend                            cstackBANK0  0002E
___lwdiv@divisor                             cstackBANK0  0002C
___lwdiv@quotient                            cstackBANK0  00031
___tmul                                      cinit        006A4
___tmul@multiplicand                         cstackBANK0  0002F
___tmul@multiplier                           cstackBANK0  0002C
___tmul@product                              cstackBANK0  00032
___wmul                                      cinit        0038D
___wmul@multiplicand                         cstackBANK0  0002E
___wmul@multiplier                           cstackBANK0  0002C
___wmul@product                              cstackBANK0  00030
__checksum0                                  checksum     01FFE
__end_of_ADC_Init                            cinit        0076E
__end_of_ADC_Read                            cinit        0035E
__end_of_ADC_Wait                            cinit        00346
__end_of_BLDCWait                            text2078     01FF4
__end_of_BVH2_Appl_Layer                     text2039     0170A
__end_of_Cb1_Current_An___High_node_fcn1     text2039     0173B
__end_of_Cb34_PWM_Detection_node_fcn1        text2059     0115E
__end_of_Cb44_Pic_etat_monitor_node_fcn1     text2039     0171F
__end_of_Cb56_UbatHandling_node_fcn2         text2039     01796
__end_of_DiagInit                            cinit        0077F
__end_of_ELINMIntHandler                     text2081     008E3
__end_of_EOL                                 text2030     00E3D
__end_of_EnableMCP201                        cinit        007C9
__end_of_FILTER_IPhase                       text2073     01AC6
__end_of_FILTER_Init                         text2038     01AE4
__end_of_FILTER_Temp                         text2072     01B08
__end_of_FILTER_Ubat                         cinit        0040F
__end_of_Get_Analog_Value                    cinit        003A7
__end_of_I_calibrationInit                   cinit        00322
__end_of_InitMotorRun                        cinit        00430
__end_of_InitMotorStop                       cinit        0036C
__end_of_NegativeAnswer                      text2030     00F30
__end_of_Oscill_Source_Block                 cinit        00774
__end_of_PWMReadDC                           cinit        00672
__end_of_PWM_CTRL                            text2088     01A92
__end_of_PWM_Capture_init                    text2062     01BE5
__end_of_PWM_Write_Out                       cinit        00634
__end_of_Receive_Diag                        cinit        00710
__end_of_SetDiagAlarm                        cinit        0062F
__end_of_Task1ms                             text2089     00800
__end_of_Transmit_LIN_8Bytes                 text2030     00F73
__end_of__ELINMIntCalcIDParity               text2030     01000
__end_of__ELINMIntGetPointer                 cinit        00713
__end_of__ELINMIntInitialize                 text2081     00910
__end_of__ELINMIntReceiveMessage             cinit        00728
__end_of__ELINMIntResetProtocol              text2081     008F2
__end_of__ELINMIntSendMessage                text2030     00FDA
__end_of___aldiv                             text2052     010EB
__end_of___awdiv                             cinit        0029A
__end_of___lmul                              text2039     01760
__end_of___ltdiv                             cinit        006A4
__end_of___lwdiv                             text2055     01B51
__end_of___tmul                              cinit        006C1
__end_of___wmul                              cinit        003A2
__end_of_cksum                               text2044     007F7
__end_of_clear_timer                         cinit        0038D
__end_of_commutate                           cinit        0060D
__end_of_init_bldc                           text2033     01B2C
__end_of_init_ports                          text2041     01023
__end_of_interrrupt_bldc                     text2078     01F6E
__end_of_interrupt_PWMCapture                text2087     01075
__end_of_interrupt_handler                   intentry     00029
__end_of_main                                cinit        0025A
__end_of_read_eeprom_data                    cinit        0032D
__end_of_system_init                         cinit        00765
__end_of_timer_init                          text2040     01B8F
__end_of_write_eeprom_data                   text2068     01AAA
__end_ofi1_ADC_Read                          text2078     01F99
__end_ofi1_ADC_Wait                          text2078     01F87
__end_ofi1___lwdiv                           text2078     01FD3
__end_ofi1___wmul                            text2078     01FAE
__end_ofi1_commutate                         text2079     01DC8
__pbitbssBANK0                               bitbssBANK0  00298
__pbssBANK0                                  bssBANK0     00048
__pbssBANK1                                  bssBANK1     000A0
__pbssBANK2                                  bssBANK2     00120
__pbssBANK3                                  bssBANK3     001A0
__pbssBANK4                                  bssBANK4     00240
__pcstackBANK0                               cstackBANK0  00020
__pcstackBANK4                               cstackBANK4  00220
__pcstackCOMMON                              cstackCOMMON 00070
__pdataBANK0                                 dataBANK0    00054
__pdataBANK1                                 dataBANK1    000E8
__pdataBANK2                                 dataBANK2    00167
__pidataBANK0                                idataBANK0   00000
__pidataBANK1                                idataBANK1   00000
__pidataBANK2                                idataBANK2   00000
__pintentry                                  intentry     00004
__pmaintext                                  cinit        00121
__pnvBANK1                                   nvBANK1      000EF
__pnvBANK3                                   nvBANK3      001EC
__pstrings                                   strings      0002C
__pswtext1                                   swtext1      000CE
__pswtext2                                   swtext2      00092
__pswtext3                                   swtext3      000A6
__pswtext4                                   swtext4      000BA
__ptext2029                                  cinit        00728
__ptext2030                                  text2030     00917
__ptext2031                                  cinit        006C1
__ptext2032                                  text2030     00F20
__ptext2033                                  text2033     01B08
__ptext2034                                  cinit        0029A
__ptext2035                                  cinit        00713
__ptext2036                                  text2030     00F30
__ptext2037                                  cinit        0040F
__ptext2038                                  text2038     01AC6
__ptext2039                                  text2039     0116A
__ptext2040                                  text2040     01B51
__ptext2041                                  text2041     01003
__ptext2042                                  text2030     00F73
__ptext2043                                  cinit        00634
__ptext2044                                  text2044     007C9
__ptext2045                                  cinit        0060D
__ptext2046                                  cinit        00774
__ptext2047                                  cinit        00430
__ptext2048                                  cinit        003A2
__ptext2049                                  cinit        0032D
__ptext2050                                  cinit        006A4
__ptext2051                                  cinit        00672
__ptext2052                                  text2052     0107F
__ptext2053                                  cinit        0025A
__ptext2054                                  text2039     0173B
__ptext2055                                  text2055     01B2C
__ptext2056                                  cinit        0038D
__ptext2057                                  text2039     0171F
__ptext2058                                  text2039     01760
__ptext2059                                  text2059     010EB
__ptext2060                                  text2039     0170A
__ptext2061                                  cinit        0036C
__ptext2062                                  text2062     01B8F
__ptext2063                                  cinit        0076E
__ptext2064                                  text2030     00FDA
__ptext2065                                  text2081     008F8
__ptext2066                                  cinit        007AE
__ptext2067                                  cinit        00710
__ptext2068                                  text2068     01A92
__ptext2069                                  cinit        00322
__ptext2070                                  cinit        0062F
__ptext2071                                  cinit        0035E
__ptext2072                                  text2072     01AE4
__ptext2073                                  text2073     01AAA
__ptext2074                                  cinit        003A7
__ptext2075                                  cinit        00346
__ptext2076                                  cinit        00765
__ptext2078                                  text2078     01DC8
__ptext2079                                  text2079     01BE5
__ptext2080                                  text2078     01F6E
__ptext2081                                  text2081     00806
__ptext2082                                  text2078     01FD3
__ptext2083                                  text2078     01FAE
__ptext2084                                  text2078     01F99
__ptext2085                                  text2078     01F87
__ptext2086                                  text2081     008E3
__ptext2087                                  text2087     01023
__ptext2088                                  text2088     01A7F
__ptext2089                                  text2089     007FD
__ptext2090                                  text2090     00000
__size_of_ADC_Init                           (abs)        00000
__size_of_ADC_Read                           (abs)        00000
__size_of_ADC_Wait                           (abs)        00000
__size_of_BLDCWait                           (abs)        00000
__size_of_BVH2_Appl_Layer                    (abs)        00000
__size_of_Cb1_Current_An___High_node_fcn1    (abs)        00000
__size_of_Cb34_PWM_Detection_node_fcn1       (abs)        00000
__size_of_Cb44_Pic_etat_monitor_node_fcn1    (abs)        00000
__size_of_Cb56_UbatHandling_node_fcn2        (abs)        00000
__size_of_DiagInit                           (abs)        00000
__size_of_ELINMIntHandler                    (abs)        00000
__size_of_EOL                                (abs)        00000
__size_of_EnableMCP201                       (abs)        00000
__size_of_FILTER_IPhase                      (abs)        00000
__size_of_FILTER_Init                        (abs)        00000
__size_of_FILTER_Temp                        (abs)        00000
__size_of_FILTER_Ubat                        (abs)        00000
__size_of_Get_Analog_Value                   (abs)        00000
__size_of_I_calibrationInit                  (abs)        00000
__size_of_InitMotorRun                       (abs)        00000
__size_of_InitMotorStop                      (abs)        00000
__size_of_NegativeAnswer                     (abs)        00000
__size_of_Oscill_Source_Block                (abs)        00000
__size_of_PWMReadDC                          (abs)        00000
__size_of_PWM_CTRL                           (abs)        00000
__size_of_PWM_Capture_init                   (abs)        00000
__size_of_PWM_Write_Out                      (abs)        00000
__size_of_Receive_Diag                       (abs)        00000
__size_of_SetDiagAlarm                       (abs)        00000
__size_of_Task1ms                            (abs)        00000
__size_of_Transmit_LIN_8Bytes                (abs)        00000
__size_of__ELINMIntCalcIDParity              (abs)        00000
__size_of__ELINMIntGetPointer                (abs)        00000
__size_of__ELINMIntInitialize                (abs)        00000
__size_of__ELINMIntReceiveMessage            (abs)        00000
__size_of__ELINMIntResetProtocol             (abs)        00000
__size_of__ELINMIntSendMessage               (abs)        00000
__size_of___aldiv                            (abs)        00000
__size_of___awdiv                            (abs)        00000
__size_of___lmul                             (abs)        00000
__size_of___ltdiv                            (abs)        00000
__size_of___lwdiv                            (abs)        00000
__size_of___tmul                             (abs)        00000
__size_of___wmul                             (abs)        00000
__size_of_cksum                              (abs)        00000
__size_of_clear_timer                        (abs)        00000
__size_of_commutate                          (abs)        00000
__size_of_init_bldc                          (abs)        00000
__size_of_init_ports                         (abs)        00000
__size_of_interrrupt_bldc                    (abs)        00000
__size_of_interrupt_PWMCapture               (abs)        00000
__size_of_interrupt_handler                  (abs)        00000
__size_of_main                               (abs)        00000
__size_of_read_eeprom_data                   (abs)        00000
__size_of_system_init                        (abs)        00000
__size_of_timer_init                         (abs)        00000
__size_of_write_eeprom_data                  (abs)        00000
__size_ofi1_ADC_Read                         (abs)        00000
__size_ofi1_ADC_Wait                         (abs)        00000
__size_ofi1___lwdiv                          (abs)        00000
__size_ofi1___wmul                           (abs)        00000
__size_ofi1_commutate                        (abs)        00000
__stringtab                                  strings      0002C
_analog_value                                bssBANK1     000A8
_bool_CPU_TempAlarm                          bssBANK1     000D3
_bool_CPU_TempRedAlarm                       bssBANK2     0014C
_bool_ControlLoopMode                        bssBANK1     000D4
_bool_DryRunningAlarm                        bssBANK1     000D5
_bool_HighCurrentAlarm                       bssBANK1     000D6
_bool_MotorStalled                           bssBANK1     000D7
_bool_PWMin_Freq_err_Alarm                   bssBANK2     0014D
_bool_PWMin_err_Alarm                        bssBANK2     0014E
_bool_UbatAlarm                              bssBANK2     0014F
_bool_mat_currAlarm_bldc                     bssBANK1     000D8
_bool_start_demand_mat                       bssBANK2     00150
_checksum                                    bssBANK3     001B8
_cksum                                       text2044     007C9
_clear_timer                                 cinit        0036C
_comm_state                                  bssBANK1     000D9
_comm_time                                   bssBANK0     00048
_commutate                                   cinit        00430
_exit                                        init         00029
_filter1                                     bssBANK3     001CA
_filter3                                     bssBANK3     001CC
_filterTempNTC                               bssBANK3     001CE
_ict_stamp                                   dataBANK2    0016D
_init_bldc                                   text2033     01B08
_init_ports                                  text2041     01003
_inputArray1                                 bssBANK4     00240
_interrrupt_bldc                             text2078     01DC8
_interrupt_PWMCapture                        text2087     01023
_interrupt_handler                           intentry     00004
_main                                        cinit        00121
_my_msg                                      bssBANK3     001B0
_phaseCal                                    bssBANK1     000DA
_phase_delay_counter                         bssBANK3     001D0
_pt                                          bssBANK0     0004D
_read_eeprom_data                            cinit        00322
_rising_bemf_flag                            bitbssBANK0  00298
_sum                                         bssBANK2     00127
_system_init                                 cinit        00728
_timer_init                                  text2040     01B51
_ui16_Capt_Val0                              bssBANK1     000AA
_ui16_Capt_Val1                              bssBANK1     000AC
_ui16_Capt_Val2                              bssBANK1     000AE
_ui16_Current_Thresh                         nvBANK3      001EC
_ui16_Duty_Cycle_In                          bssBANK3     001EA
_ui16_IPhase1_bldc                           bssBANK2     00129
_ui16_IPhase1_bldc_cal                       bssBANK2     00161
_ui16_IPhase2_bldc                           bssBANK3     001D2
_ui16_IPhase2_bldc_cal                       bssBANK2     00163
_ui16_IPhase3_bldc                           bssBANK3     001D4
_ui16_IPhase3_bldc_cal                       bssBANK2     00165
_ui16_IPhase_bldc                            bssBANK1     000B0
_ui16_I_cal_Ph1                              dataBANK1    000E8
_ui16_I_cal_Ph2                              dataBANK1    000EA
_ui16_I_cal_Ph3                              dataBANK1    000EC
_ui16_NTC_Temp_bldc                          bssBANK3     001D6
_ui16_NTC_Temp_bldc_mean                     bssBANK2     0012B
_ui16_NTC_Temp_bldc_mean_cal                 bssBANK3     001D8
_ui16_PWM_Freq_In                            bssBANK3     001DA
_ui16_PWM_Freq_mat                           bssBANK2     0012D
_ui16_Speed_demand_mat                       bssBANK3     001DC
_ui16_Speed_demand_mat_Max                   bssBANK3     001DE
_ui16_Speed_demand_mat_min                   bssBANK3     001E0
_ui16_Speed_mat                              bssBANK1     000B2
_ui16_Temp_cal                               bssBANK3     001E2
_ui16_Ubat_bldc                              bssBANK0     00051
_ui16_Ubemf_bldc                             bssBANK1     000B4
_ui16_comm_time_max                          bssBANK1     000B6
_ui16_dryRun_Thresh                          nvBANK3      001EE
_ui16_fir_Bat_mittel                         bssBANK2     0012F
_ui16_fir_IPhase_mean                        bssBANK2     00131
_ui16_mat_Current                            bssBANK1     000B8
_ui16_mat_inpTemp                            bssBANK3     001E4
_ui16_phase_advancement                      bssBANK1     000BA
_ui16_speed_fil                              bssBANK1     000BC
_ui16_speed_rar                              bssBANK2     00133
[...]
l30589                                                         
l30591                                                         
l30593                                                         
l30595                                                         
l30597                                                         
l30599                                                         
l30601                                                         
l30603                                                         
l30605                                                         
l30607                                                         
l30609                                                         
l30611                                                         
l30613                                                         
l30615                                                         
l30617                                                         
l30619                                                         
l30621                                                         
l30623                                                         
l30625                                                         
l30627                                                         
l30629                                                         
l30631                                                         
l30633                                                         
l30635                                                         
l30637                                                         
l30639                                                         
l30641                                                         
l30643                                                         
l30645                                                         
l30647                                                         
l30649                                                         
l30651                                                         
l30653                                                         
l30663                                                         
l30665                                                         
l30667                                                         
l30669                                                         
l30671                                                         
l30673                                                         
l30675                                                         
l30677                                                         
l30679                                                         
l30681                                                         
l30683                                                         
l30685                                                         
l30687                                                         
l30689                                                         
l30691                                                         
l30693                                                         
l30695                                                         
l30697                                                         
l30699                                                         
l30701                                                         
l30703                                                         
l30705                                                         
l30707                                                         
l30715                                                         
l30717                                                         
l30725                                                         
l30727                                                         
l30729                                                         
l30733                                                         
l30735                                                         
l30763                                                         
l30765                                                         
l30785                                                         
l30787                                                         
l30789                                                         
l30791                                                         
l30793                                                         
l30795                                                         
l30797                                                         
l30799                                                         
l30801                                                         
l30803                                                         
l30805                                                         
l30807                                                         
l30809                                                         
l30811                                                         
l30813                                                         
l30815                                                         
l30817                                                         
l30819                                                         
l30821                                                         
l30823                                                         
l30825                                                         
l30827                                                         
l30829                                                         
l30831                                                         
l30843                                                         
l30849                                                         
l30851                                                         
l30853                                                         
l30855                                                         
l30857                                                         
l30859                                                         
l30875                                                         
l30877                                                         
l30879                                                         
l30881                                                         
l30883                                                         
l30885                                                         
l30887                                                         
l30889                                                         
l30891                                                         
l30893                                                         
l30895                                                         
l30897                                                         
l30899                                                         
l30901                                                         
l30903                                                         
l30905                                                         
l30907                                                         
l30909                                                         
l30911                                                         
l30913                                                         
l30915                                                         
l30917                                                         
l30919                                                         
l30921                                                         
l30923                                                         
l30925                                                         
l30927                                                         
l30929                                                         
l30931                                                         
l30933                                                         
l30935                                                         
l30937                                                         
l30939                                                         
l30941                                                         
l30943                                                         
l30945                                                         
l30947                                                         
l30949                                                         
l30951                                                         
l30953                                                         
l30955                                                         
l30957                                                         
l30959                                                         
l30961                                                         
l30963                                                         
l30965                                                         
l30967                                                         
l30969                                                         
l30973                                                         
l30975                                                         
l30977                                                         
l30979                                                         
l30981                                                         
l30983                                                         
l30985                                                         
l30987                                                         
l30989                                                         
l30993                                                         
l30995                                                         
l30997                                                         
l30999                                                         
l31001                                                         
l31003                                                         
l31005                                                         
l31007                                                         
l31009                                                         
l31013                                                         
l31015                                                         
l31017                                                         
l31019                                                         
l31021                                                         
l31023                                                         
l31025                                                         
l31027                                                         
l31029                                                         
l31045                                                         
l31047                                                         
l31049                                                         
l31051                                                         
l31053                                                         
l31055                                                         
l31067                                                         
l31069                                                         
l31071                                                         
l31073                                                         
l31075                                                         
l31077                                                         
l31089                                                         
l31091                                                         
l31093                                                         
l31095                                                         
l31097                                                         
l31099                                                         
l31111                                                         
l31113                                                         
l31115                                                         
l31117                                                         
l31119                                                         
l31121                                                         
l31141                                                         
l31143                                                         
l31145                                                         
l31147                                                         
l31149                                                         
l31151                                                         
l31153                                                         
l31155                                                         
l31157                                                         
l31159                                                         
l31161                                                         
l31165                                                         
l31167                                                         
l31169                                                         
l31171                                                         
l31173                                                         
l31175                                                         
l31177                                                         
l31179                                                         
l31181                                                         
l31183                                                         
l31185                                                         
l31189                                                         
l31191                                                         
l31193                                                         
l31195                                                         
l31197                                                         
l31199                                                         
l31201                                                         
l31203                                                         
l31211                                                         
l31217                                                         
l31219                                                         
l31221                                                         
l31223                                                         
l31225                                                         
l31227                                                         
l31229                                                         
l31249                                                         
l31251                                                         
l31261                                                         
l31263                                                         
l31265                                                         
l31267                                                         
l31269                                                         
l31271                                                         
l31273                                                         
l31275                                                         
l31277                                                         
l31279                                                         
l31281                                                         
l31283                                                         
l31285                                                         
l31287                                                         
l31289                                                         
l31291                                                         
l31293                                                         
l31295                                                         
l31297                                                         
l31299                                                         
l31301                                                         
l31303                                                         
l31305                                                         
l31307                                                         
l31309                                                         
l31311                                                         
l31313                                                         
l31315                                                         
l31317                                                         
l31319                                                         
l31321                                                         
l31327                                                         
l31329                                                         
l31331                                                         
l31333                                                         
l31337                                                         
l31341                                                         
l31345                                                         
l31353                                                         
l31355                                                         
l31357                                                         
l31359                                                         
l31361                                                         
l31363                                                         
l31365                                                         
l31367                                                         
l31375                                                         
l31377                                                         
l31379                                                         
l31381                                                         
l31383                                                         
l31385                                                         
l31393                                                         
l31395                                                         
l31397                                                         
l31399                                                         
l31401                                                         
l31403                                                         
l31405                                                         
l31407                                                         
l31413                                                         
l3790                                                          
l3908                                                          
l5819                                                          
l6021                                                          
l7828                                                          
l7834                                                          
read_eeprom_data@ui8_adress                  cstackBANK0  0002C
read_eeprom_data@ui8_adress_data             cstackBANK0  0002D
reset_vec                                    reset_vec    00000
start                                        init         00029
start_initialization                         cinit        000DE
timer_init@ui8_TmrNb                         cstackBANK0  0002D
u10990                                                         
write_eeprom_data@ui8_adress                 cstackBANK0  00034
write_eeprom_data@ui8_adress_data            cstackBANK0  00033
wtemp0                                       (abs)        0007E
